Last login: Thu Aug  8 01:28:17 on ttys005
h-MBP-sl-Gilad:~ GiladanoN$ ssh -lcolman 193.106.55.89 -p 2289
colman@193.106.55.89's password: 
Welcome to Ubuntu 16.04.4 LTS (GNU/Linux 4.4.0-116-generic ppc64le)

 * Documentation:  https://help.ubuntu.com
 * Management:     https://landscape.canonical.com
 * Support:        https://ubuntu.com/advantage
New release '18.04.2 LTS' available.
Run 'do-release-upgrade' to upgrade to it.

Last login: Wed Aug  7 23:13:36 2019 from 213.57.185.155
colman@ubuntu:~$ cd gilad_gil/iEEEHighScore/
colman@ubuntu:~/gilad_gil/iEEEHighScore$ swipl rules.pl 
Welcome to SWI-Prolog (threaded, 64 bits, version 8.1.10-59-g09a7d55)
SWI-Prolog comes with ABSOLUTELY NO WARRANTY. This is free software.
Please run ?- license. for legal details.

    CMake built from "/home/colman/gilad_gil/swipl-devel/build"

For online help and background, visit http://www.swi-prolog.org
For built-in help, use ?- help(Topic). or ?- apropos(Word).

?- runMain_N3([4|R],220).
R = [1, 2, 8, 16, 32, 4, 1, 2, 8|...].

?- set_prolog_flag(answer_write_options,[max_depth(0)]).
true.

?- runMain_N3([4|R],220).
R = [1,2,8,16,32,4,1,2,8,64,16,4,1,2,128,8,16,4,1,256,2,8,16,4,512,1,2,8,32,64,4,1,2,128,32,8,4,1,256,64,2,8,4,128,256,1,2,8,512,16,32,1,2,64,128,8,16,1,32,64,4,128,2,16,32,1,256,4,2,512,8,32,64,1,128,16,2,256,4,32,8,16,64,2,256,1,32,8,128,512,2,1,32,256,128,4,2,64,512,1,8,4,128,64,16,1,256,4,128,64,8,32,2,256,16,64,4,8,512,2,128,16,32,8,4,512,1,256,16,8,32,64,128,256,1,2,512,16,64,4,32,2,256,512,8,16,4,128,256,32,8,16,512,64,1,4,32,256,512,8,1,64,128,256,512,2,8,64,128,256,16,2,32,512,4,1,16,128,32,256,64,2,512,1,128,16,8,256,512,64,4,16,128,32,512,1,64,16,256,32,4,512,64,128,256,16,4,512,2,128,32,64,16,512,2,128,256,32,8].

?- runMain_N3([4|R],230).
R = [1,2,8,16,32,4,1,2,8,64,16,4,1,2,128,8,16,4,1,256,2,8,16,4,512,1,2,8,32,64,4,1,2,128,32,8,4,1,256,64,2,8,4,128,256,1,2,8,512,16,32,1,2,64,128,8,16,1,32,64,4,128,2,16,32,1,256,4,2,512,8,32,64,1,128,16,2,256,4,32,8,16,64,2,256,1,32,8,128,512,2,1,32,256,128,4,2,64,512,1,8,4,128,64,16,1,256,4,128,64,8,32,2,256,16,64,4,8,512,2,128,16,32,8,4,512,1,256,16,8,32,64,128,256,1,2,512,16,64,4,32,2,256,512,8,16,4,128,256,32,8,16,512,64,1,4,32,256,512,8,1,64,128,256,512,2,8,64,128,256,16,2,32,512,4,1,16,128,32,256,64,2,512,1,128,16,8,256,512,64,4,16,128,32,512,1,64,16,256,32,4,512,64,128,256,16,4,512,2,128,32,64,16,512,2,256,128,32,8,512,64,256,128,32,4,512,8,64,128].

?- runMain_N3([4|R],240).
R = [256,128,1,2,8,4,16,32,1,2,8,4,64,16,1,2,8,128,32,4,1,2,64,128,8,4,1,16,256,2,8,4,1,512,16,2,8,4,128,256,1,16,2,32,64,4,8,1,256,32,2,4,8,512,64,1,2,4,256,512,8,1,2,32,64,128,4,1,16,32,64,8,2,128,16,32,1,8,256,64,2,4,16,128,1,512,2,4,32,16,128,8,64,1,32,512,2,16,8,64,256,1,128,2,32,512,4,64,1,16,256,2,512,4,64,16,8,32,256,2,64,1,512,16,8,32,4,256,64,1,128,16,32,256,2,4,64,128,512,1,8,16,256,128,2,64,8,512,32,4,1,16,256,512,32,2,8,128,256,512,1,4,32,128,256,2,64,512,16,32,4,128,64,8,16,256,4,128,2,512,8,16,256,32,128,4,8,512,16,256,64,1,32,128,512,8,64,4,256,128,16,512,32,64,8,256,128,512,4,32,64,256,16,512,128,8,32,256,1,512,2,128,64,16,1,512,32,128,256,64,4,512,16,128,2,32,64,512,256].

?- runMain_N3([4|R],243).
R = [256,128,1,2,8,4,16,32,1,2,8,4,64,16,1,2,8,128,32,4,1,2,64,128,8,4,1,16,256,2,8,4,1,512,16,2,8,4,128,256,1,16,2,32,64,4,8,1,256,32,2,4,8,512,64,1,2,4,256,512,8,1,2,32,64,128,4,1,16,32,64,8,2,128,16,32,1,8,256,64,2,4,16,128,1,512,2,4,32,16,128,8,64,1,32,512,2,16,8,64,256,1,128,2,32,512,4,64,1,16,256,2,512,4,64,16,8,32,256,2,64,1,512,16,8,32,4,256,64,1,128,16,32,256,2,4,64,128,512,1,8,16,256,128,2,64,8,512,32,4,1,16,256,512,32,2,8,128,256,512,1,4,32,128,256,2,64,512,16,32,4,128,64,8,16,256,4,128,2,512,8,16,256,32,128,4,8,512,16,256,64,1,32,128,512,8,64,4,256,128,16,512,32,64,8,256,128,512,4,32,64,256,16,512,128,8,32,256,1,512,2,128,64,16,1,512,32,128,256,64,4,512,16,128,2,32,64,512,256,1,128,16].

?- runMain_N3([4|R],246).
^Z
[1]+  Stopped                 swipl rules.pl
colman@ubuntu:~/gilad_gil/iEEEHighScore$ fg
swipl rules.pl
packet_write_wait: Connection to 193.106.55.89 port 2289: Broken pipe
h-MBP-sl-Gilad:~ GiladanoN$ ssh -lcolman 193.106.55.89 -p 2289
colman@193.106.55.89's password: 

Permission denied, please try again.
colman@193.106.55.89's password: 
Welcome to Ubuntu 16.04.4 LTS (GNU/Linux 4.4.0-116-generic ppc64le)

 * Documentation:  https://help.ubuntu.com
 * Management:     https://landscape.canonical.com
 * Support:        https://ubuntu.com/advantage
New release '18.04.2 LTS' available.
Run 'do-release-upgrade' to upgrade to it.

Last login: Thu Aug  8 12:22:54 2019 from 213.57.185.155
colman@ubuntu:~$ cd gilad_gil/iEEEHighScore/
colman@ubuntu:~/gilad_gil/iEEEHighScore$ swipl rules.pl 
Welcome to SWI-Prolog (threaded, 64 bits, version 8.1.10-59-g09a7d55)
SWI-Prolog comes with ABSOLUTELY NO WARRANTY. This is free software.
Please run ?- license. for legal details.

    CMake built from "/home/colman/gilad_gil/swipl-devel/build"

For online help and background, visit http://www.swi-prolog.org
For built-in help, use ?- help(Topic). or ?- apropos(Word).

?- set_prolog_flag(answer_write_options,[max_depth(0)]).
true.

?- runMain_N3([8|R],238).
^CAction (h for help) ? Unknown option (h for help)
Action (h for help) ? Unknown option (h for help)
Action (h for help) ? Unknown option (h for help)
Action (h for help) ? 
continue
^CAction (h for help) ? Unknown option (h for help)
Action (h for help) ? Unknown option (h for help)
Action (h for help) ? exit (status 4)
colman@ubuntu:~/gilad_gil/iEEEHighScore$ swipl rules.pl 
Welcome to SWI-Prolog (threaded, 64 bits, version 8.1.10-59-g09a7d55)
SWI-Prolog comes with ABSOLUTELY NO WARRANTY. This is free software.
Please run ?- license. for legal details.

    CMake built from "/home/colman/gilad_gil/swipl-devel/build"

For online help and background, visit http://www.swi-prolog.org
For built-in help, use ?- help(Topic). or ?- apropos(Word).

?- set_prolog_flag(answer_write_options,[max_depth(0)]).
true.

?- % guess192 = [4,256,128,1,2,8,4,16,32,1,2,8,4,64,16,1,2,8,128,32,4,1,2,64,128,8,4,1,16,256,2,8,4,1,512,16,2,8,4,128,256,1,16,2,32,64,4,8,1,256,32,2,4,8,512,64,1,2,4,256,512,8,1,2,32,64,128,4,1,16,32,64,8,2,128,16,32,1,8,256,64,2,4,16,128,1,512,2,4,32,16,128,8,64,1,32,512,2,16,8,64,256,1,128,2,32,512,4,64,1,16,256,2,512,4,64,16,8,32,256,2,64,1,512,16,8,32,4,256,64,1,128,16,32,256,2,4,64,128,512,1,8,16,256,128,2,64,8,512,32,4,1,16,256,512,32,2,8,128,256,512,1,4,32,128,256,2,64,512,16,32,4,128,64,8,16,256,4,128,2,512,8,16,256,32,128, 4,8,512,16,256,64]
|    .

ERROR: Stream user_input:13:1 Syntax error: Unexpected end of clause
?- runMain_N3([4,256,128|R],238).
R = [1,2,8,4,16,32,1,2,8,4,64,16,1,2,8,128,32,4,1,2,64,128,8,4,1,16,256,2,8,4,1,512,16,2,8,4,128,256,1,16,2,32,64,4,8,1,256,32,2,4,8,512,64,1,2,4,256,512,8,1,2,32,64,128,4,1,16,32,64,8,2,128,16,32,1,8,256,64,2,4,16,128,1,512,2,4,32,16,128,8,64,1,32,512,2,16,8,64,256,1,128,2,32,512,4,64,1,16,256,2,512,4,64,16,8,32,256,2,64,1,512,16,8,32,4,256,64,1,128,16,32,256,2,4,64,128,512,1,8,16,256,128,2,64,8,512,32,4,1,16,256,512,32,2,8,128,256,512,1,4,32,128,256,2,64,512,16,32,4,128,64,8,16,256,4,128,2,512,8,16,256,32,128,4,8,512,16,256,64,1,32,128,512,8,64,4,256,128,16,512,8,32,64,256,128,4,512,32,64,256,16,128,512,1,32,256,8,128,512,64,16,4,256,32,512,2,128,16,64,1,512,32,256,2,64].

?- runMain_N3([4,256,128|R],240).
R = [1,2,8,4,16,32,1,2,8,4,64,16,1,2,8,128,32,4,1,2,64,128,8,4,1,16,256,2,8,4,1,512,16,2,8,4,128,256,1,16,2,32,64,4,8,1,256,32,2,4,8,512,64,1,2,4,256,512,8,1,2,32,64,128,4,1,16,32,64,8,2,128,16,32,1,8,256,64,2,4,16,128,1,512,2,4,32,16,128,8,64,1,32,512,2,16,8,64,256,1,128,2,32,512,4,64,1,16,256,2,512,4,64,16,8,32,256,2,64,1,512,16,8,32,4,256,64,1,128,16,32,256,2,4,64,128,512,1,8,16,256,128,2,64,8,512,32,4,1,16,256,512,32,2,8,128,256,512,1,4,32,128,256,2,64,512,16,32,4,128,64,8,16,256,4,128,2,512,8,16,256,32,128,4,8,512,16,256,64,1,32,128,512,8,64,4,256,128,16,512,32,64,8,256,128,512,4,32,64,256,16,512,128,8,32,256,1,512,2,128,64,16,1,512,32,128,256,64,4,512,16,128,2,32,64,512,256].

?- runMain_N3([4,256,128|R],241).
R = [1,2,8,4,16,32,1,2,8,4,64,16,1,2,8,128,32,4,1,2,64,128,8,4,1,16,256,2,8,4,1,512,16,2,8,4,128,256,1,16,2,32,64,4,8,1,256,32,2,4,8,512,64,1,2,4,256,512,8,1,2,32,64,128,4,1,16,32,64,8,2,128,16,32,1,8,256,64,2,4,16,128,1,512,2,4,32,16,128,8,64,1,32,512,2,16,8,64,256,1,128,2,32,512,4,64,1,16,256,2,512,4,64,16,8,32,256,2,64,1,512,16,8,32,4,256,64,1,128,16,32,256,2,4,64,128,512,1,8,16,256,128,2,64,8,512,32,4,1,16,256,512,32,2,8,128,256,512,1,4,32,128,256,2,64,512,16,32,4,128,64,8,16,256,4,128,2,512,8,16,256,32,128,4,8,512,16,256,64,1,32,128,512,8,64,4,256,128,16,512,32,64,8,256,128,512,4,32,64,256,16,512,128,8,32,256,1,512,2,128,64,16,1,512,32,128,256,64,4,512,16,128,2,32,64,512,256,1].

?- runMain_N3([4,256,128|R],242).
R = [1,2,8,4,16,32,1,2,8,4,64,16,1,2,8,128,32,4,1,2,64,128,8,4,1,16,256,2,8,4,1,512,16,2,8,4,128,256,1,16,2,32,64,4,8,1,256,32,2,4,8,512,64,1,2,4,256,512,8,1,2,32,64,128,4,1,16,32,64,8,2,128,16,32,1,8,256,64,2,4,16,128,1,512,2,4,32,16,128,8,64,1,32,512,2,16,8,64,256,1,128,2,32,512,4,64,1,16,256,2,512,4,64,16,8,32,256,2,64,1,512,16,8,32,4,256,64,1,128,16,32,256,2,4,64,128,512,1,8,16,256,128,2,64,8,512,32,4,1,16,256,512,32,2,8,128,256,512,1,4,32,128,256,2,64,512,16,32,4,128,64,8,16,256,4,128,2,512,8,16,256,32,128,4,8,512,16,256,64,1,32,128,512,8,64,4,256,128,16,512,32,64,8,256,128,512,4,32,64,256,16,512,128,8,32,256,1,512,2,128,64,16,1,512,32,128,256,64,4,512,16,128,2,32,64,512,256,1,4].

?- runMain_N3([4,256,128|R],243).
R = [1,2,8,4,16,32,1,2,8,4,64,16,1,2,8,128,32,4,1,2,64,128,8,4,1,16,256,2,8,4,1,512,16,2,8,4,128,256,1,16,2,32,64,4,8,1,256,32,2,4,8,512,64,1,2,4,256,512,8,1,2,32,64,128,4,1,16,32,64,8,2,128,16,32,1,8,256,64,2,4,16,128,1,512,2,4,32,16,128,8,64,1,32,512,2,16,8,64,256,1,128,2,32,512,4,64,1,16,256,2,512,4,64,16,8,32,256,2,64,1,512,16,8,32,4,256,64,1,128,16,32,256,2,4,64,128,512,1,8,16,256,128,2,64,8,512,32,4,1,16,256,512,32,2,8,128,256,512,1,4,32,128,256,2,64,512,16,32,4,128,64,8,16,256,4,128,2,512,8,16,256,32,128,4,8,512,16,256,64,1,32,128,512,8,64,4,256,128,16,512,32,64,8,256,128,512,4,32,64,256,16,512,128,8,32,256,1,512,2,128,64,16,1,512,32,128,256,64,4,512,16,128,2,32,64,512,256,1,128,16].

?- runMain_N3([4,256,128|R],244).
R = [1,2,8,4,16,32,1,2,8,4,64,16,1,2,8,128,32,4,1,2,64,128,8,4,1,16,256,2,8,4,1,512,16,2,8,4,128,256,1,16,2,32,64,4,8,1,256,32,2,4,8,512,64,1,2,4,256,512,8,1,2,32,64,128,4,1,16,32,64,8,2,128,16,32,1,8,256,64,2,4,16,128,1,512,2,4,32,16,128,8,64,1,32,512,2,16,8,64,256,1,128,2,32,512,4,64,1,16,256,2,512,4,64,16,8,32,256,2,64,1,512,16,8,32,4,256,64,1,128,16,32,256,2,4,64,128,512,1,8,16,256,128,2,64,8,512,32,4,1,16,256,512,32,2,8,128,256,512,1,4,32,128,256,2,64,512,16,32,4,128,64,8,16,256,4,128,2,512,8,16,256,32,128,4,8,512,16,256,64,4,128,8,512,256,32,64,128,16,512,4,256,32,64,16,512,8,128,32,64,256,1,512,128,16,32,2,64,256,512,8,1,32,128,256,512,16,64,1,128,2,512,256,32,4,128,64,512,256,8,4,32].

?- runMain_N3([4,256,128|R],245).
R = [1,2,8,4,16,32,1,2,8,4,64,16,1,2,8,128,32,4,1,2,64,128,8,4,1,16,256,2,8,4,1,512,16,2,8,4,128,256,1,16,2,32,64,4,8,1,256,32,2,4,8,512,64,1,2,4,256,512,8,1,2,32,64,128,4,1,16,32,64,8,2,128,16,32,1,8,256,64,2,4,16,128,1,512,2,4,32,16,128,8,64,1,32,512,2,16,8,64,256,1,128,2,32,512,4,64,1,16,256,2,512,4,64,16,8,32,256,2,64,1,512,16,8,32,4,256,64,1,128,16,32,256,2,4,64,128,512,1,8,16,256,128,2,64,8,512,32,4,1,16,256,512,32,2,8,128,256,512,1,4,32,128,256,2,64,512,16,32,4,128,64,8,16,256,4,128,2,512,8,16,256,32,128,4,8,512,16,256,64,32,4,512,128,256,16,64,32,2,128,512,16,4,64,256,128,32,8,512,64,256,1,128,32,512,16,64,1,128,2,512,256,32,1,8,128,512,4,256,64,8,128,512,16,256,1,64,32,512,128,256,16,2].

?- runMain_N3([4,256,128|R],246).
packet_write_wait: Connection to 193.106.55.89 port 2289: Broken pipe
h-MBP-sl-Gilad:~ GiladanoN$ 
