Last login: Wed Aug  7 13:22:14 on ttys004
h-MBP-sl-Gilad:~ GiladanoN$ ssh -lcolman 193.106.55.89 -p 2289
colman@193.106.55.89's password: 
Welcome to Ubuntu 16.04.4 LTS (GNU/Linux 4.4.0-116-generic ppc64le)

 * Documentation:  https://help.ubuntu.com
 * Management:     https://landscape.canonical.com
 * Support:        https://ubuntu.com/advantage
New release '18.04.2 LTS' available.
Run 'do-release-upgrade' to upgrade to it.

Last login: Wed Aug  7 10:18:01 2019 from 213.57.185.155
colman@ubuntu:~$ cd gilad_gil/iEEEHighScore/
colman@ubuntu:~/gilad_gil/iEEEHighScore$ swipl rules.pl 
Welcome to SWI-Prolog (threaded, 64 bits, version 8.1.10-59-g09a7d55)
SWI-Prolog comes with ABSOLUTELY NO WARRANTY. This is free software.
Please run ?- license. for legal details.

    CMake built from "/home/colman/gilad_gil/swipl-devel/build"

For online help and background, visit http://www.swi-prolog.org
For built-in help, use ?- help(Topic). or ?- apropos(Word).

?- testExGoodSeq([4,256,128,1,2,8,4,16,32,1,2,8,4,64,16,1,2,8,128,32,4,1,2,64,128,8,4,1,16,256,2,8,4,1,512,16,2,8,4,128,256,1,16,2,32,64,4,8,1,256,32,2,4,8,512,64,1,2,4,256,512,8,1,2,32,64,128,4,1,16,32,64,8,2,128,16,32,1,8,256,64,2,4,16,128,1,512,2,4,32,16,128,8,64,1,32,512,2,16,8,64,256,1,128,2,32,512,4,64,1,16,256,2,512,4,64,16,8,32,256,2,64,1,512,16,8,32,4,256,64,1,128,16,32,256,2,4,64,128,512,1,8,16,256,128,2,64,8,512,32,4,1,16,256,512,32,2,8,128,256,512,1,4,32,128,256,2,64,512,16,32,4,128,64,8,16,256,4,128,2,512,8,16,256,32,128, 4,8,512,16,256,64 |R],245).
^[[D^[[D^[[D^[[D^[[D^[[D^[[D^[[D^CAction (h for help) ? exit (status 4)
colman@ubuntu:~/gilad_gil/iEEEHighScore$ 
colman@ubuntu:~/gilad_gil/iEEEHighScore$ 
colman@ubuntu:~/gilad_gil/iEEEHighScore$ 
colman@ubuntu:~/gilad_gil/iEEEHighScore$ cd gilad_gil/iEEEHighScore/
-bash: cd: gilad_gil/iEEEHighScore/: No such file or directory
colman@ubuntu:~/gilad_gil/iEEEHighScore$ swipl rules.pl 
Welcome to SWI-Prolog (threaded, 64 bits, version 8.1.10-59-g09a7d55)
SWI-Prolog comes with ABSOLUTELY NO WARRANTY. This is free software.
Please run ?- license. for legal details.

    CMake built from "/home/colman/gilad_gil/swipl-devel/build"

For online help and background, visit http://www.swi-prolog.org
For built-in help, use ?- help(Topic). or ?- apropos(Word).

?- set_prolog_flag(answer_write_options,[max_depth(0)]).
true.

?- testExGoodSeq([4,256,128,1,2,8,4,16,32,1,2,8,4,64,16,1,2,8,128,32,4,1,2,64,128,8,4,1,16,256,2,8,4,1,512,16,2,8,4,128,256,1,16,2,32,64,4,8,1,256,32,2,4,8,512,64,1,2,4,256,512,8,1,2,32,64,128,4,1,16,32,64,8,2,128,16,32,1,8,256,64,2,4,16,128,1,512,2,4,32,16,128,8,64,1,32,512,2,16,8,64,256,1,128,2,32,512,4,64,1,16,256,2,512,4,64,16,8,32,256,2,64,1,512,16,8,32,4,256,64,1,128,16,32,256,2,4,64,128,512,1,8,16,256,128,2,64,8,512,32,4,1,16,256,512,32,2,8,128,256,512,1,4,32,128,256,2,64,512,16,32,4,128,64,8,16,256,4,128,2,512,8,16,256,32,128, 4,8,512,16,256,64 , 32,4,512,128,256,16,64,32,2,128,512,16,4,64,256,128,32,8,512,64,256,1,128,32,512,16,64,1,128,2,512,256,32,1,8,128,512,4,256,64,8,128,512,16,256,1,64,32,512,128,256,16,2 |R],245).
R = [] ;
false.

?- testExGoodSeq([4,256,128,1,2,8,4,16,32,1,2,8,4,64,16,1,2,8,128,32,4,1,2,64,128,8,4,1,16,256,2,8,4,1,512,16,2,8,4,128,256,1,16,2,32,64,4,8,1,256,32,2,4,8,512,64,1,2,4,256,512,8,1,2,32,64,128,4,1,16,32,64,8,2,128,16,32,1,8,256,64,2,4,16,128,1,512,2,4,32,16,128,8,64,1,32,512,2,16,8,64,256,1,128,2,32,512,4,64,1,16,256,2,512,4,64,16,8,32,256,2,64,1,512,16,8,32,4,256,64,1,128,16,32,256,2,4,64,128,512,1,8,16,256,128,2,64,8,512,32,4,1,16,256,512,32,2,8,128,256,512,1,4,32,128,256,2,64,512,16,32,4,128,64,8,16,256,4,128,2,512,8,16,256,32,128, 4,8,512,16,256,64 , 32,4,512,128,256,16,64,32,2,128,512,16,4,64,256,128,32,8,512,64,256,1,128,32,512,16,64,1,128,2,512,256,32,1,8,128,512,4,256,64,8,128,512,16,256,1,64,32,512,128,256,16,2 |R],246).
false.

?- testExGoodSeq([4,256,128,1,2,8,4,16,32,1,2,8,4,64,16,1,2,8,128,32,4,1,2,64,128,8,4,1,16,256,2,8,4,1,512,16,2,8,4,128,256,1,16,2,32,64,4,8,1,256,32,2,4,8,512,64,1,2,4,256,512,8,1,2,32,64,128,4,1,16,32,64,8,2,128,16,32,1,8,256,64,2,4,16,128,1,512,2,4,32,16,128,8,64,1,32,512,2,16,8,64,256,1,128,2,32,512,4,64,1,16,256,2,512,4,64,16,8,32,256,2,64,1,512,16,8,32,4,256,64,1,128,16,32,256,2,4,64,128,512,1,8,16,256,128,2,64,8,512,32,4,1,16,256,512,32,2,8,128,256,512,1,4,32,128,256,2,64,512,16,32,4,128,64,8,16,256,4,128,2,512,8,16,256,32,128, 4,8,512,16,256,64 , 32,4,512,128,256,16,64,32,2,128,512,16,4,64,256,128,32,8,512,64,256,1,128,32,512,16,64,1,128,2,512,256,32,1,8,128,512,4,256,64,8,128,512,16,256,1,64,32,512,128,256,16 |R],246).
false.

?- testExGoodSeq([4,256,128,1,2,8,4,16,32,1,2,8,4,64,16,1,2,8,128,32,4,1,2,64,128,8,4,1,16,256,2,8,4,1,512,16,2,8,4,128,256,1,16,2,32,64,4,8,1,256,32,2,4,8,512,64,1,2,4,256,512,8,1,2,32,64,128,4,1,16,32,64,8,2,128,16,32,1,8,256,64,2,4,16,128,1,512,2,4,32,16,128,8,64,1,32,512,2,16,8,64,256,1,128,2,32,512,4,64,1,16,256,2,512,4,64,16,8,32,256,2,64,1,512,16,8,32,4,256,64,1,128,16,32,256,2,4,64,128,512,1,8,16,256,128,2,64,8,512,32,4,1,16,256,512,32,2,8,128,256,512,1,4,32,128,256,2,64,512,16,32,4,128,64,8,16,256,4,128,2,512,8,16,256,32,128, 4,8,512,16,256,64 , 32,4,512,128,256,16,64,32,2,128,512,16,4,64,256,128,32,8,512,64,256,1,128,32,512,16,64,1,128,2,512,256,32,1,8,128,512,4,256,64,8,128,512,16,256,1,64,32,512,128,256 |R],246).
false.

?- testExGoodSeq([4,256,128,1,2,8,4,16,32,1,2,8,4,64,16,1,2,8,128,32,4,1,2,64,128,8,4,1,16,256,2,8,4,1,512,16,2,8,4,128,256,1,16,2,32,64,4,8,1,256,32,2,4,8,512,64,1,2,4,256,512,8,1,2,32,64,128,4,1,16,32,64,8,2,128,16,32,1,8,256,64,2,4,16,128,1,512,2,4,32,16,128,8,64,1,32,512,2,16,8,64,256,1,128,2,32,512,4,64,1,16,256,2,512,4,64,16,8,32,256,2,64,1,512,16,8,32,4,256,64,1,128,16,32,256,2,4,64,128,512,1,8,16,256,128,2,64,8,512,32,4,1,16,256,512,32,2,8,128,256,512,1,4,32,128,256,2,64,512,16,32,4,128,64,8,16,256,4,128,2,512,8,16,256,32,128, 4,8,512,16,256,64 , 32,4,512,128,256,16,64,32,2,128,512,16,4,64,256,128,32,8,512,64,256,1,128,32,512,16,64,1,128,2,512,256,32,1,8,128,512,4,256,64,8,128,512,16,256,1,64,32,512,128 |R],246).
false.

?- testExGoodSeq([4,256,128,1,2,8,4,16,32,1,2,8,4,64,16,1,2,8,128,32,4,1,2,64,128,8,4,1,16,256,2,8,4,1,512,16,2,8,4,128,256,1,16,2,32,64,4,8,1,256,32,2,4,8,512,64,1,2,4,256,512,8,1,2,32,64,128,4,1,16,32,64,8,2,128,16,32,1,8,256,64,2,4,16,128,1,512,2,4,32,16,128,8,64,1,32,512,2,16,8,64,256,1,128,2,32,512,4,64,1,16,256,2,512,4,64,16,8,32,256,2,64,1,512,16,8,32,4,256,64,1,128,16,32,256,2,4,64,128,512,1,8,16,256,128,2,64,8,512,32,4,1,16,256,512,32,2,8,128,256,512,1,4,32,128,256,2,64,512,16,32,4,128,64,8,16,256,4,128,2,512,8,16,256,32,128, 4,8,512,16,256,64 , 32,4,512,128,256,16,64,32,2,128,512,16,4,64,256,128,32,8,512,64,256,1,128,32,512,16,64,1,128,2,512,256,32,1,8,128,512,4,256,64,8,128,512,16,256,1,64,32,512 |R],246).
false.

?- testExGoodSeq([4,256,128,1,2,8,4,16,32,1,2,8,4,64,16,1,2,8,128,32,4,1,2,64,128,8,4,1,16,256,2,8,4,1,512,16,2,8,4,128,256,1,16,2,32,64,4,8,1,256,32,2,4,8,512,64,1,2,4,256,512,8,1,2,32,64,128,4,1,16,32,64,8,2,128,16,32,1,8,256,64,2,4,16,128,1,512,2,4,32,16,128,8,64,1,32,512,2,16,8,64,256,1,128,2,32,512,4,64,1,16,256,2,512,4,64,16,8,32,256,2,64,1,512,16,8,32,4,256,64,1,128,16,32,256,2,4,64,128,512,1,8,16,256,128,2,64,8,512,32,4,1,16,256,512,32,2,8,128,256,512,1,4,32,128,256,2,64,512,16,32,4,128,64,8,16,256,4,128,2,512,8,16,256,32,128, 4,8,512,16,256,64 , 32,4,512,128,256,16,64,32,2,128,512,16,4,64,256,128,32,8,512,64,256,1,128,32,512,16,64,1,128,2,512,256,32,1,8,128,512,4,256,64,8,128,512,16,256,1,64,32,512 |R],245).
R = [128,256,16,2] ;
false.

?- testExGoodSeq([4,256,128,1,2,8,4,16,32,1,2,8,4,64,16,1,2,8,128,32,4,1,2,64,128,8,4,1,16,256,2,8,4,1,512,16,2,8,4,128,256,1,16,2,32,64,4,8,1,256,32,2,4,8,512,64,1,2,4,256,512,8,1,2,32,64,128,4,1,16,32,64,8,2,128,16,32,1,8,256,64,2,4,16,128,1,512,2,4,32,16,128,8,64,1,32,512,2,16,8,64,256,1,128,2,32,512,4,64,1,16,256,2,512,4,64,16,8,32,256,2,64,1,512,16,8,32,4,256,64,1,128,16,32,256,2,4,64,128,512,1,8,16,256,128,2,64,8,512,32,4,1,16,256,512,32,2,8,128,256,512,1,4,32,128,256,2,64,512,16,32,4,128,64,8,16,256,4,128,2,512,8,16,256,32,128, 4,8,512,16,256,64 , 32,4,512,128,256,16,64,32,2,128,512,16,4,64,256,128,32,8,512,64,256,1,128,32,512,16,64,1,128,2,512,256,32,1,8,128,512,4,256,64,8,128,512,16,256,1,64,32 |R],245).
R = [512,128,256,16,2] 
Unknown action: (h for help)
Action? 
Unknown action: [ (h for help)
Action? 
Unknown action: A (h for help)
Action? ;
false.

?- testExGoodSeq([4,256,128,1,2,8,4,16,32,1,2,8,4,64,16,1,2,8,128,32,4,1,2,64,128,8,4,1,16,256,2,8,4,1,512,16,2,8,4,128,256,1,16,2,32,64,4,8,1,256,32,2,4,8,512,64,1,2,4,256,512,8,1,2,32,64,128,4,1,16,32,64,8,2,128,16,32,1,8,256,64,2,4,16,128,1,512,2,4,32,16,128,8,64,1,32,512,2,16,8,64,256,1,128,2,32,512,4,64,1,16,256,2,512,4,64,16,8,32,256,2,64,1,512,16,8,32,4,256,64,1,128,16,32,256,2,4,64,128,512,1,8,16,256,128,2,64,8,512,32,4,1,16,256,512,32,2,8,128,256,512,1,4,32,128,256,2,64,512,16,32,4,128,64,8,16,256,4,128,2,512,8,16,256,32,128, 4,8,512,16,256,64 , 32,4,512,128,256,16,64,32,2,128,512,16,4,64,256,128,32,8,512,64,256,1,128,32,512,16,64,1,128,2,512,256,32,1,8,128,512,4,256,64,8,128,512,16,256,1,64,32 |R],246).
false.

?- testExGoodSeq([4,256,128,1,2,8,4,16,32,1,2,8,4,64,16,1,2,8,128,32,4,1,2,64,128,8,4,1,16,256,2,8,4,1,512,16,2,8,4,128,256,1,16,2,32,64,4,8,1,256,32,2,4,8,512,64,1,2,4,256,512,8,1,2,32,64,128,4,1,16,32,64,8,2,128,16,32,1,8,256,64,2,4,16,128,1,512,2,4,32,16,128,8,64,1,32,512,2,16,8,64,256,1,128,2,32,512,4,64,1,16,256,2,512,4,64,16,8,32,256,2,64,1,512,16,8,32,4,256,64,1,128,16,32,256,2,4,64,128,512,1,8,16,256,128,2,64,8,512,32,4,1,16,256,512,32,2,8,128,256,512,1,4,32,128,256,2,64,512,16,32,4,128,64,8,16,256,4,128,2,512,8,16,256,32,128, 4,8,512,16,256,64 , 32,4,512,128,256,16,64,32,2,128,512,16,4,64,256,128,32,8,512,64,256,1,128,32,512,16,64,1,128,2,512,256,32,1,8,128,512,4,256,64,8,128,512,16,256,1 |R],246). 
false.

?- testExGoodSeq([4,256,128,1,2,8,4,16,32,1,2,8,4,64,16,1,2,8,128,32,4,1,2,64,128,8,4,1,16,256,2,8,4,1,512,16,2,8,4,128,256,1,16,2,32,64,4,8,1,256,32,2,4,8,512,64,1,2,4,256,512,8,1,2,32,64,128,4,1,16,32,64,8,2,128,16,32,1,8,256,64,2,4,16,128,1,512,2,4,32,16,128,8,64,1,32,512,2,16,8,64,256,1,128,2,32,512,4,64,1,16,256,2,512,4,64,16,8,32,256,2,64,1,512,16,8,32,4,256,64,1,128,16,32,256,2,4,64,128,512,1,8,16,256,128,2,64,8,512,32,4,1,16,256,512,32,2,8,128,256,512,1,4,32,128,256,2,64,512,16,32,4,128,64,8,16,256,4,128,2,512,8,16,256,32,128, 4,8,512,16,256,64 , 32,4,512,128,256,16,64,32,2,128,512,16,4,64,256,128,32,8,512,64,256,1,128,32,512,16,64,1,128,2,512,256,32,1,8,128,512,4,256,64,8,128 |R],246).
false.

?- testExGoodSeq([4,256,128,1,2,8,4,16,32,1,2,8,4,64,16,1,2,8,128,32,4,1,2,64,128,8,4,1,16,256,2,8,4,1,512,16,2,8,4,128,256,1,16,2,32,64,4,8,1,256,32,2,4,8,512,64,1,2,4,256,512,8,1,2,32,64,128,4,1,16,32,64,8,2,128,16,32,1,8,256,64,2,4,16,128,1,512,2,4,32,16,128,8,64,1,32,512,2,16,8,64,256,1,128,2,32,512,4,64,1,16,256,2,512,4,64,16,8,32,256,2,64,1,512,16,8,32,4,256,64,1,128,16,32,256,2,4,64,128,512,1,8,16,256,128,2,64,8,512,32,4,1,16,256,512,32,2,8,128,256,512,1,4,32,128,256,2,64,512,16,32,4,128,64,8,16,256,4,128,2,512,8,16,256,32,128, 4,8,512,16,256,64 , 32,4,512,128,256,16,64,32,2,128,512,16,4,64,256,128,32,8,512,64,256,1,128,32,512,16,64,1,128,2,512,256,32,1,8,128 |R],246).
false.

?- testExGoodSeq([4,256,128,1,2,8,4,16,32,1,2,8,4,64,16,1,2,8,128,32,4,1,2,64,128,8,4,1,16,256,2,8,4,1,512,16,2,8,4,128,256,1,16,2,32,64,4,8,1,256,32,2,4,8,512,64,1,2,4,256,512,8,1,2,32,64,128,4,1,16,32,64,8,2,128,16,32,1,8,256,64,2,4,16,128,1,512,2,4,32,16,128,8,64,1,32,512,2,16,8,64,256,1,128,2,32,512,4,64,1,16,256,2,512,4,64,16,8,32,256,2,64,1,512,16,8,32,4,256,64,1,128,16,32,256,2,4,64,128,512,1,8,16,256,128,2,64,8,512,32,4,1,16,256,512,32,2,8,128,256,512,1,4,32,128,256,2,64,512,16,32,4,128,64,8,16,256,4,128,2,512,8,16,256,32,128, 4,8,512,16,256,64 , 32,4,512,128,256,16,64,32,2,128,512,16,4,64,256,128,32,8,512,64,256,1,128,32,512,16,64,1,128 |R],246).
false.

?- testExGoodSeq([4,256,128,1,2,8,4,16,32,1,2,8,4,64,16,1,2,8,128,32,4,1,2,64,128,8,4,1,16,256,2,8,4,1,512,16,2,8,4,128,256,1,16,2,32,64,4,8,1,256,32,2,4,8,512,64,1,2,4,256,512,8,1,2,32,64,128,4,1,16,32,64,8,2,128,16,32,1,8,256,64,2,4,16,128,1,512,2,4,32,16,128,8,64,1,32,512,2,16,8,64,256,1,128,2,32,512,4,64,1,16,256,2,512,4,64,16,8,32,256,2,64,1,512,16,8,32,4,256,64,1,128,16,32,256,2,4,64,128,512,1,8,16,256,128,2,64,8,512,32,4,1,16,256,512,32,2,8,128,256,512,1,4,32,128,256,2,64,512,16,32,4,128,64,8,16,256,4,128,2,512,8,16,256,32,128, 4,8,512,16,256,64 , 32,4,512,128,256,16,64,32,2,128,512,16,4,64,256,128,32,8,512,64,256,1,128 |R],246).
false.

?- testExGoodSeq([4,256,128,1,2,8,4,16,32,1,2,8,4,64,16,1,2,8,128,32,4,1,2,64,128,8,4,1,16,256,2,8,4,1,512,16,2,8,4,128,256,1,16,2,32,64,4,8,1,256,32,2,4,8,512,64,1,2,4,256,512,8,1,2,32,64,128,4,1,16,32,64,8,2,128,16,32,1,8,256,64,2,4,16,128,1,512,2,4,32,16,128,8,64,1,32,512,2,16,8,64,256,1,128,2,32,512,4,64,1,16,256,2,512,4,64,16,8,32,256,2,64,1,512,16,8,32,4,256,64,1,128,16,32,256,2,4,64,128,512,1,8,16,256,128,2,64,8,512,32,4,1,16,256,512,32,2,8,128,256,512,1,4,32,128,256,2,64,512,16,32,4,128,64,8,16,256,4,128,2,512,8,16,256,32,128, 4,8,512,16,256,64 , 32,4,512,128,256,16,64,32,2,128,512,16,4,64,256,128,32,8,512,64 |R],246). 
false.

?- testExGoodSeq([4,256,128,1,2,8,4,16,32,1,2,8,4,64,16,1,2,8,128,32,4,1,2,64,128,8,4,1,16,256,2,8,4,1,512,16,2,8,4,128,256,1,16,2,32,64,4,8,1,256,32,2,4,8,512,64,1,2,4,256,512,8,1,2,32,64,128,4,1,16,32,64,8,2,128,16,32,1,8,256,64,2,4,16,128,1,512,2,4,32,16,128,8,64,1,32,512,2,16,8,64,256,1,128,2,32,512,4,64,1,16,256,2,512,4,64,16,8,32,256,2,64,1,512,16,8,32,4,256,64,1,128,16,32,256,2,4,64,128,512,1,8,16,256,128,2,64,8,512,32,4,1,16,256,512,32,2,8,128,256,512,1,4,32,128,256,2,64,512,16,32,4,128,64,8,16,256,4,128,2,512,8,16,256,32,128, 4,8,512,16,256,64 , 32,4,512,128,256,16,64,32,2,128,512,16 |R],246).
false.

?- testExGoodSeq([4,256,128,1,2,8,4,16,32,1,2,8,4,64,16,1,2,8,128,32,4,1,2,64,128,8,4,1,16,256,2,8,4,1,512,16,2,8,4,128,256,1,16,2,32,64,4,8,1,256,32,2,4,8,512,64,1,2,4,256,512,8,1,2,32,64,128,4,1,16,32,64,8,2,128,16,32,1,8,256,64,2,4,16,128,1,512,2,4,32,16,128,8,64,1,32,512,2,16,8,64,256,1,128,2,32,512,4,64,1,16,256,2,512,4,64,16,8,32,256,2,64,1,512,16,8,32,4,256,64,1,128,16,32,256,2,4,64,128,512,1,8,16,256,128,2,64,8,512,32,4,1,16,256,512,32,2,8,128,256,512,1,4,32,128,256,2,64,512,16,32,4,128,64,8,16,256,4,128,2,512,8,16,256,32,128, 4,8,512,16,256,64 , 32,4,512,128,256,16 |R],246).
false.

?- testExGoodSeq([4,256,128,1,2,8,4,16,32,1,2,8,4,64,16,1,2,8,128,32,4,1,2,64,128,8,4,1,16,256,2,8,4,1,512,16,2,8,4,128,256,1,16,2,32,64,4,8,1,256,32,2,4,8,512,64,1,2,4,256,512,8,1,2,32,64,128,4,1,16,32,64,8,2,128,16,32,1,8,256,64,2,4,16,128,1,512,2,4,32,16,128,8,64,1,32,512,2,16,8,64,256,1,128,2,32,512,4,64,1,16,256,2,512,4,64,16,8,32,256,2,64,1,512,16,8,32,4,256,64,1,128,16,32,256,2,4,64,128,512,1,8,16,256,128,2,64,8,512,32,4,1,16,256,512,32,2,8,128,256,512,1,4,32,128,256,2,64,512,16,32,4,128,64,8,16,256,4,128,2,512,8,16,256,32,128, 4,8,512,16,256,64 , 32,4,512,128 |R],246).
false.

?- testExGoodSeq([4,256,128,1,2,8,4,16,32,1,2,8,4,64,16,1,2,8,128,32,4,1,2,64,128,8,4,1,16,256,2,8,4,1,512,16,2,8,4,128,256,1,16,2,32,64,4,8,1,256,32,2,4,8,512,64,1,2,4,256,512,8,1,2,32,64,128,4,1,16,32,64,8,2,128,16,32,1,8,256,64,2,4,16,128,1,512,2,4,32,16,128,8,64,1,32,512,2,16,8,64,256,1,128,2,32,512,4,64,1,16,256,2,512,4,64,16,8,32,256,2,64,1,512,16,8,32,4,256,64,1,128,16,32,256,2,4,64,128,512,1,8,16,256,128,2,64,8,512,32,4,1,16,256,512,32,2,8,128,256,512,1,4,32,128,256,2,64,512,16,32,4,128,64,8,16,256,4,128,2,512,8,16,256,32,128, 4,8,512,16,256,64 , 32 |R],244).
R = [2,512,128,16,64,32,256,4,512,16,64,128,1,2,512,256,32,128,4,64,512,256,1,8,32,128,512,256,1,64,32,16,512,8,128,64,32,256,512,8,4,128,64,256,16,512,1,128,32,64,256] .

?- 
|    
|    
|    .

ERROR: Stream user_input:81:1 Syntax error: Unexpected end of clause
?- testExGoodSeq([4,256,128,1,2,8,4,16,32,1,2,8,4,64,16,1,2,8,128,32,4,1,2,64,128,8,4,1,16,256,2,8,4,1,512,16,2,8,4,128,256,1,16,2,32,64,4,8,1,256,32,2,4,8,512,64,1,2,4,256,512,8,1,2,32,64,128,4,1,16,32,64,8,2,128,16,32,1,8,256,64,2,4,16,128,1,512,2,4,32,16,128,8,64,1,32,512,2,16,8,64,256,1,128,2,32,512,4,64,1,16,256,2,512,4,64,16,8,32,256,2,64,1,512,16,8,32,4,256,64,1,128,16,32,256,2,4,64,128,512,1,8,16,256,128,2,64,8,512,32,4,1,16,256,512,32,2,8,128,256,512,1,4,32,128,256,2,64,512,16,32,4,128,64,8,16,256,4,128,2,512,8,16,256,32,128, 4,8,512,16,256,64 , 1 |R],244).  % this should be false BC: [...,1]
false.

?- testExGoodSeq([4,256,128,1,2,8,4,16,32,1,2,8,4,64,16,1,2,8,128,32,4,1,2,64,128,8,4,1,16,256,2,8,4,1,512,16,2,8,4,128,256,1,16,2,32,64,4,8,1,256,32,2,4,8,512,64,1,2,4,256,512,8,1,2,32,64,128,4,1,16,32,64,8,2,128,16,32,1,8,256,64,2,4,16,128,1,512,2,4,32,16,128,8,64,1,32,512,2,16,8,64,256,1,128,2,32,512,4,64,1,16,256,2,512,4,64,16,8,32,256,2,64,1,512,16,8,32,4,256,64,1,128,16,32,256,2,4,64,128,512,1,8,16,256,128,2,64,8,512,32,4,1,16,256,512,32,2,8,128,256,512,1,4,32,128,256,2,64,512,16,32,4,128,64,8,16,256,4,128,2,512,8,16,256,32,128, 4,8,512,16,256,64 , 2 |R],244).  % should again be false BC ...2
false.

?- testExGoodSeq([4,256,128,1,2,8,4,16,32,1,2,8,4,64,16,1,2,8,128,32,4,1,2,64,128,8,4,1,16,256,2,8,4,1,512,16,2,8,4,128,256,1,16,2,32,64,4,8,1,256,32,2,4,8,512,64,1,2,4,256,512,8,1,2,32,64,128,4,1,16,32,64,8,2,128,16,32,1,8,256,64,2,4,16,128,1,512,2,4,32,16,128,8,64,1,32,512,2,16,8,64,256,1,128,2,32,512,4,64,1,16,256,2,512,4,64,16,8,32,256,2,64,1,512,16,8,32,4,256,64,1,128,16,32,256,2,4,64,128,512,1,8,16,256,128,2,64,8,512,32,4,1,16,256,512,32,2,8,128,256,512,1,4,32,128,256,2,64,512,16,32,4,128,64,8,16,256,4,128,2,512,8,16,256,32,128, 4,8,512,16,256,64 , 8 |R],244).  % again false BC ...8
false.

?- testExGoodSeq([4,256,128,1,2,8,4,16,32,1,2,8,4,64,16,1,2,8,128,32,4,1,2,64,128,8,4,1,16,256,2,8,4,1,512,16,2,8,4,128,256,1,16,2,32,64,4,8,1,256,32,2,4,8,512,64,1,2,4,256,512,8,1,2,32,64,128,4,1,16,32,64,8,2,128,16,32,1,8,256,64,2,4,16,128,1,512,2,4,32,16,128,8,64,1,32,512,2,16,8,64,256,1,128,2,32,512,4,64,1,16,256,2,512,4,64,16,8,32,256,2,64,1,512,16,8,32,4,256,64,1,128,16,32,256,2,4,64,128,512,1,8,16,256,128,2,64,8,512,32,4,1,16,256,512,32,2,8,128,256,512,1,4,32,128,256,2,64,512,16,32,4,128,64,8,16,256,4,128,2,512,8,16,256,32,128, 4,8,512,16,256,64 , 16 |R],244).  % again BC ...16
false.

?- testExGoodSeq([4,256,128,1,2,8,4,16,32,1,2,8,4,64,16,1,2,8,128,32,4,1,2,64,128,8,4,1,16,256,2,8,4,1,512,16,2,8,4,128,256,1,16,2,32,64,4,8,1,256,32,2,4,8,512,64,1,2,4,256,512,8,1,2,32,64,128,4,1,16,32,64,8,2,128,16,32,1,8,256,64,2,4,16,128,1,512,2,4,32,16,128,8,64,1,32,512,2,16,8,64,256,1,128,2,32,512,4,64,1,16,256,2,512,4,64,16,8,32,256,2,64,1,512,16,8,32,4,256,64,1,128,16,32,256,2,4,64,128,512,1,8,16,256,128,2,64,8,512,32,4,1,16,256,512,32,2,8,128,256,512,1,4,32,128,256,2,64,512,16,32,4,128,64,8,16,256,4,128,2,512,8,16,256,32,128, 4,8,512,16,256,64 , 16 |R],244).  % again BC ...64
false.

?- testExGoodSeq([4,256,128,1,2,8,4,16,32,1,2,8,4,64,16,1,2,8,128,32,4,1,2,64,128,8,4,1,16,256,2,8,4,1,512,16,2,8,4,128,256,1,16,2,32,64,4,8,1,256,32,2,4,8,512,64,1,2,4,256,512,8,1,2,32,64,128,4,1,16,32,64,8,2,128,16,32,1,8,256,64,2,4,16,128,1,512,2,4,32,16,128,8,64,1,32,512,2,16,8,64,256,1,128,2,32,512,4,64,1,16,256,2,512,4,64,16,8,32,256,2,64,1,512,16,8,32,4,256,64,1,128,16,32,256,2,4,64,128,512,1,8,16,256,128,2,64,8,512,32,4,1,16,256,512,32,2,8,128,256,512,1,4,32,128,256,2,64,512,16,32,4,128,64,8,16,256,4,128,2,512,8,16,256,32,128, 4,8,512,16,256,64 , 256 |R],244).  % don't know, checking
false.

?- testExGoodSeq([4,256,128,1,2,8,4,16,32,1,2,8,4,64,16,1,2,8,128,32,4,1,2,64,128,8,4,1,16,256,2,8,4,1,512,16,2,8,4,128,256,1,16,2,32,64,4,8,1,256,32,2,4,8,512,64,1,2,4,256,512,8,1,2,32,64,128,4,1,16,32,64,8,2,128,16,32,1,8,256,64,2,4,16,128,1,512,2,4,32,16,128,8,64,1,32,512,2,16,8,64,256,1,128,2,32,512,4,64,1,16,256,2,512,4,64,16,8,32,256,2,64,1,512,16,8,32,4,256,64,1,128,16,32,256,2,4,64,128,512,1,8,16,256,128,2,64,8,512,32,4,1,16,256,512,32,2,8,128,256,512,1,4,32,128,256,2,64,512,16,32,4,128,64,8,16,256,4,128,2,512,8,16,256,32,128, 4,8,512,16,256,64 , 512 |R],244).  % again don't know yet, checking
false.

?- 
|    
|    
|    
|    .

ERROR: Stream user_input:109:1 Syntax error: Unexpected end of clause
?- [user].
|: aGuess192([4,256,128,1,2,8,4,16,32,1,2,8,4,64,16,1,2,8,128,32,4,1,2,64,128,8,4,1,16,256,2,8,4,1,512,16,2,8,4,128,256,1,16,2,32,64,4,8,1,256,32,2,4,8,512,64,1,2,4,256,512,8,1,2,32,64,128,4,1,16,32,64,8,2,128,16,32,1,8,256,64,2,4,16,128,1,512,2,4,32,16,128,8,64,1,32,512,2,16,8,64,256,1,128,2,32,512,4,64,1,16,256,2,512,4,64,16,8,32,256,2,64,1,512,16,8,32,4,256,64,1,128,16,32,256,2,4,64,128,512,1,8,16,256,128,2,64,8,512,32,4,1,16,256,512,32,2,8,128,256,512,1,4,32,128,256,2,64,512,16,32,4,128,64,8,16,256,4,128,2,512,8,16,256,32,128, 4,8,512,16,256,64]).
|: ^D% user://1 compiled 0.03 sec, 1 clauses
true.

?- aGuess192(G).
G = [4,256,128,1,2,8,4,16,32,1,2,8,4,64,16,1,2,8,128,32,4,1,2,64,128,8,4,1,16,256,2,8,4,1,512,16,2,8,4,128,256,1,16,2,32,64,4,8,1,256,32,2,4,8,512,64,1,2,4,256,512,8,1,2,32,64,128,4,1,16,32,64,8,2,128,16,32,1,8,256,64,2,4,16,128,1,512,2,4,32,16,128,8,64,1,32,512,2,16,8,64,256,1,128,2,32,512,4,64,1,16,256,2,512,4,64,16,8,32,256,2,64,1,512,16,8,32,4,256,64,1,128,16,32,256,2,4,64,128,512,1,8,16,256,128,2,64,8,512,32,4,1,16,256,512,32,2,8,128,256,512,1,4,32,128,256,2,64,512,16,32,4,128,64,8,16,256,4,128,2,512,8,16,256,32,128,4,8,512,16,256,64].

?- [user].
|: multiExGoodSeq_N3(Seq,Size,Extra) :-
|:     aGuess192(Guess),
|:     %Start|_ is Seq,
|:     concatTo(Start,Guess,Extra),
|:     length(Seq,Size),
|:     concatTo(Seq,Start,_),
|:     testExGoodSeq(Seq,Size).
|: ^D% user://2 compiled 0.00 sec, 1 clauses
true.

?- multiExGoodSeq_N3(S,192,[]).
S = [4,256,128,1,2,8,4,16,32,1,2,8,4,64,16,1,2,8,128,32,4,1,2,64,128,8,4,1,16,256,2,8,4,1,512,16,2,8,4,128,256,1,16,2,32,64,4,8,1,256,32,2,4,8,512,64,1,2,4,256,512,8,1,2,32,64,128,4,1,16,32,64,8,2,128,16,32,1,8,256,64,2,4,16,128,1,512,2,4,32,16,128,8,64,1,32,512,2,16,8,64,256,1,128,2,32,512,4,64,1,16,256,2,512,4,64,16,8,32,256,2,64,1,512,16,8,32,4,256,64,1,128,16,32,256,2,4,64,128,512,1,8,16,256,128,2,64,8,512,32,4,1,16,256,512,32,2,8,128,256,512,1,4,32,128,256,2,64,512,16,32,4,128,64,8,16,256,4,128,2,512,8,16,256,32,128,4,8,512,16,256,64] .

?- [user].
|: ^D% user://3 compiled 0.00 sec, 0 clauses
true.

?- Sz is 192+36,multiExGoodSeq_N3(Seq,Sz,[32,128,4,512,256,8,32,128,1,512,256,64,8,128,32,512,16,1,64,128,2,512,32,256,4,64,16,128,512,256,32,64,2,16,128,512]). 
Sz = 228,
Seq = [4,256,128,1,2,8,4,16,32,1,2,8,4,64,16,1,2,8,128,32,4,1,2,64,128,8,4,1,16,256,2,8,4,1,512,16,2,8,4,128,256,1,16,2,32,64,4,8,1,256,32,2,4,8,512,64,1,2,4,256,512,8,1,2,32,64,128,4,1,16,32,64,8,2,128,16,32,1,8,256,64,2,4,16,128,1,512,2,4,32,16,128,8,64,1,32,512,2,16,8,64,256,1,128,2,32,512,4,64,1,16,256,2,512,4,64,16,8,32,256,2,64,1,512,16,8,32,4,256,64,1,128,16,32,256,2,4,64,128,512,1,8,16,256,128,2,64,8,512,32,4,1,16,256,512,32,2,8,128,256,512,1,4,32,128,256,2,64,512,16,32,4,128,64,8,16,256,4,128,2,512,8,16,256,32,128,4,8,512,16,256,64,32,128,4,512,256,8,32,128,1,512,256,64,8,128,32,512,16,1,64,128,2,512,32,256,4,64,16,128,512,256,32,64,2,16,128,512] .

?- Sz is 192+36+1,multiExGoodSeq_N3(Seq,Sz,[32,128,4,512,256,8,32,128,1,512,256,64,8,128,32,512,16,1,64,128,2,512,32,256,4,64,16,128,512,256,32,64,2,16,128,512]).
Sz = 229,
Seq = [4,256,128,1,2,8,4,16,32,1,2,8,4,64,16,1,2,8,128,32,4,1,2,64,128,8,4,1,16,256,2,8,4,1,512,16,2,8,4,128,256,1,16,2,32,64,4,8,1,256,32,2,4,8,512,64,1,2,4,256,512,8,1,2,32,64,128,4,1,16,32,64,8,2,128,16,32,1,8,256,64,2,4,16,128,1,512,2,4,32,16,128,8,64,1,32,512,2,16,8,64,256,1,128,2,32,512,4,64,1,16,256,2,512,4,64,16,8,32,256,2,64,1,512,16,8,32,4,256,64,1,128,16,32,256,2,4,64,128,512,1,8,16,256,128,2,64,8,512,32,4,1,16,256,512,32,2,8,128,256,512,1,4,32,128,256,2,64,512,16,32,4,128,64,8,16,256,4,128,2,512,8,16,256,32,128,4,8,512,16,256,64,32,128,4,512,256,8,32,128,1,512,256,64,8,128,32,512,16,1,64,128,2,512,32,256,4,64,16,128,512,256,32,64,2,16,128,512,4] ;
Sz = 229,
Seq = [4,256,128,1,2,8,4,16,32,1,2,8,4,64,16,1,2,8,128,32,4,1,2,64,128,8,4,1,16,256,2,8,4,1,512,16,2,8,4,128,256,1,16,2,32,64,4,8,1,256,32,2,4,8,512,64,1,2,4,256,512,8,1,2,32,64,128,4,1,16,32,64,8,2,128,16,32,1,8,256,64,2,4,16,128,1,512,2,4,32,16,128,8,64,1,32,512,2,16,8,64,256,1,128,2,32,512,4,64,1,16,256,2,512,4,64,16,8,32,256,2,64,1,512,16,8,32,4,256,64,1,128,16,32,256,2,4,64,128,512,1,8,16,256,128,2,64,8,512,32,4,1,16,256,512,32,2,8,128,256,512,1,4,32,128,256,2,64,512,16,32,4,128,64,8,16,256,4,128,2,512,8,16,256,32,128,4,8,512,16,256,64,32,128,4,512,256,8,32,128,1,512,256,64,8,128,32,512,16,1,64,128,2,512,32,256,4,64,16,128,512,256,32,64,2,16,128,512,32] ;
Sz = 229,
Seq = [4,256,128,1,2,8,4,16,32,1,2,8,4,64,16,1,2,8,128,32,4,1,2,64,128,8,4,1,16,256,2,8,4,1,512,16,2,8,4,128,256,1,16,2,32,64,4,8,1,256,32,2,4,8,512,64,1,2,4,256,512,8,1,2,32,64,128,4,1,16,32,64,8,2,128,16,32,1,8,256,64,2,4,16,128,1,512,2,4,32,16,128,8,64,1,32,512,2,16,8,64,256,1,128,2,32,512,4,64,1,16,256,2,512,4,64,16,8,32,256,2,64,1,512,16,8,32,4,256,64,1,128,16,32,256,2,4,64,128,512,1,8,16,256,128,2,64,8,512,32,4,1,16,256,512,32,2,8,128,256,512,1,4,32,128,256,2,64,512,16,32,4,128,64,8,16,256,4,128,2,512,8,16,256,32,128,4,8,512,16,256,64,32,128,4,512,256,8,32,128,1,512,256,64,8,128,32,512,16,1,64,128,2,512,32,256,4,64,16,128,512,256,32,64,2,16,128,512,256] ;
false.

?- Sz is 192+36+3,multiExGoodSeq_N3(Seq,Sz,[32,128,4,512,256,8,32,128,1,512,256,64,8,128,32,512,16,1,64,128,2,512,32,256,4,64,16,128,512,256,32,64,2,16,128,512]).
Sz = 231,
Seq = [4,256,128,1,2,8,4,16,32,1,2,8,4,64,16,1,2,8,128,32,4,1,2,64,128,8,4,1,16,256,2,8,4,1,512,16,2,8,4,128,256,1,16,2,32,64,4,8,1,256,32,2,4,8,512,64,1,2,4,256,512,8,1,2,32,64,128,4,1,16,32,64,8,2,128,16,32,1,8,256,64,2,4,16,128,1,512,2,4,32,16,128,8,64,1,32,512,2,16,8,64,256,1,128,2,32,512,4,64,1,16,256,2,512,4,64,16,8,32,256,2,64,1,512,16,8,32,4,256,64,1,128,16,32,256,2,4,64,128,512,1,8,16,256,128,2,64,8,512,32,4,1,16,256,512,32,2,8,128,256,512,1,4,32,128,256,2,64,512,16,32,4,128,64,8,16,256,4,128,2,512,8,16,256,32,128,4,8,512,16,256,64,32,128,4,512,256,8,32,128,1,512,256,64,8,128,32,512,16,1,64,128,2,512,32,256,4,64,16,128,512,256,32,64,2,16,128,512,4,256,64] ;
Sz = 231,
Seq = [4,256,128,1,2,8,4,16,32,1,2,8,4,64,16,1,2,8,128,32,4,1,2,64,128,8,4,1,16,256,2,8,4,1,512,16,2,8,4,128,256,1,16,2,32,64,4,8,1,256,32,2,4,8,512,64,1,2,4,256,512,8,1,2,32,64,128,4,1,16,32,64,8,2,128,16,32,1,8,256,64,2,4,16,128,1,512,2,4,32,16,128,8,64,1,32,512,2,16,8,64,256,1,128,2,32,512,4,64,1,16,256,2,512,4,64,16,8,32,256,2,64,1,512,16,8,32,4,256,64,1,128,16,32,256,2,4,64,128,512,1,8,16,256,128,2,64,8,512,32,4,1,16,256,512,32,2,8,128,256,512,1,4,32,128,256,2,64,512,16,32,4,128,64,8,16,256,4,128,2,512,8,16,256,32,128,4,8,512,16,256,64,32,128,4,512,256,8,32,128,1,512,256,64,8,128,32,512,16,1,64,128,2,512,32,256,4,64,16,128,512,256,32,64,2,16,128,512,32,64,1] ;
Sz = 231,
Seq = [4,256,128,1,2,8,4,16,32,1,2,8,4,64,16,1,2,8,128,32,4,1,2,64,128,8,4,1,16,256,2,8,4,1,512,16,2,8,4,128,256,1,16,2,32,64,4,8,1,256,32,2,4,8,512,64,1,2,4,256,512,8,1,2,32,64,128,4,1,16,32,64,8,2,128,16,32,1,8,256,64,2,4,16,128,1,512,2,4,32,16,128,8,64,1,32,512,2,16,8,64,256,1,128,2,32,512,4,64,1,16,256,2,512,4,64,16,8,32,256,2,64,1,512,16,8,32,4,256,64,1,128,16,32,256,2,4,64,128,512,1,8,16,256,128,2,64,8,512,32,4,1,16,256,512,32,2,8,128,256,512,1,4,32,128,256,2,64,512,16,32,4,128,64,8,16,256,4,128,2,512,8,16,256,32,128,4,8,512,16,256,64,32,128,4,512,256,8,32,128,1,512,256,64,8,128,32,512,16,1,64,128,2,512,32,256,4,64,16,128,512,256,32,64,2,16,128,512,256,1,2] .

?- Sz is 192+36+7,multiExGoodSeq_N3(Seq,Sz,[32,128,4,512,256,8,32,128,1,512,256,64,8,128,32,512,16,1,64,128,2,512,32,256,4,64,16,128,512,256,32,64,2,16,128,512]).
Sz = 235,
Seq = [4,256,128,1,2,8,4,16,32,1,2,8,4,64,16,1,2,8,128,32,4,1,2,64,128,8,4,1,16,256,2,8,4,1,512,16,2,8,4,128,256,1,16,2,32,64,4,8,1,256,32,2,4,8,512,64,1,2,4,256,512,8,1,2,32,64,128,4,1,16,32,64,8,2,128,16,32,1,8,256,64,2,4,16,128,1,512,2,4,32,16,128,8,64,1,32,512,2,16,8,64,256,1,128,2,32,512,4,64,1,16,256,2,512,4,64,16,8,32,256,2,64,1,512,16,8,32,4,256,64,1,128,16,32,256,2,4,64,128,512,1,8,16,256,128,2,64,8,512,32,4,1,16,256,512,32,2,8,128,256,512,1,4,32,128,256,2,64,512,16,32,4,128,64,8,16,256,4,128,2,512,8,16,256,32,128,4,8,512,16,256,64,32,128,4,512,256,8,32,128,1,512,256,64,8,128,32,512,16,1,64,128,2,512,32,256,4,64,16,128,512,256,32,64,2,16,128,512,32,64,1,256,16,512,128] ;
Sz = 235,
Seq = [4,256,128,1,2,8,4,16,32,1,2,8,4,64,16,1,2,8,128,32,4,1,2,64,128,8,4,1,16,256,2,8,4,1,512,16,2,8,4,128,256,1,16,2,32,64,4,8,1,256,32,2,4,8,512,64,1,2,4,256,512,8,1,2,32,64,128,4,1,16,32,64,8,2,128,16,32,1,8,256,64,2,4,16,128,1,512,2,4,32,16,128,8,64,1,32,512,2,16,8,64,256,1,128,2,32,512,4,64,1,16,256,2,512,4,64,16,8,32,256,2,64,1,512,16,8,32,4,256,64,1,128,16,32,256,2,4,64,128,512,1,8,16,256,128,2,64,8,512,32,4,1,16,256,512,32,2,8,128,256,512,1,4,32,128,256,2,64,512,16,32,4,128,64,8,16,256,4,128,2,512,8,16,256,32,128,4,8,512,16,256,64,32,128,4,512,256,8,32,128,1,512,256,64,8,128,32,512,16,1,64,128,2,512,32,256,4,64,16,128,512,256,32,64,2,16,128,512,256,4,64,8,128,512,16] .

?- 
|    .                                                                          
ERROR: Stream user_input:166:1 Syntax error: Unexpected end of clause
?- Sz is 192+36+10,multiExGoodSeq_N3(Seq,Sz,[32,128,4,512,256,8,32,128,1,512,256,64,8,128,32,512,16,1,64,128,2,512,32,256,4,64,16,128,512,256,32,64,2,16,128,512]).
Sz = 238,
Seq = [4,256,128,1,2,8,4,16,32,1,2,8,4,64,16,1,2,8,128,32,4,1,2,64,128,8,4,1,16,256,2,8,4,1,512,16,2,8,4,128,256,1,16,2,32,64,4,8,1,256,32,2,4,8,512,64,1,2,4,256,512,8,1,2,32,64,128,4,1,16,32,64,8,2,128,16,32,1,8,256,64,2,4,16,128,1,512,2,4,32,16,128,8,64,1,32,512,2,16,8,64,256,1,128,2,32,512,4,64,1,16,256,2,512,4,64,16,8,32,256,2,64,1,512,16,8,32,4,256,64,1,128,16,32,256,2,4,64,128,512,1,8,16,256,128,2,64,8,512,32,4,1,16,256,512,32,2,8,128,256,512,1,4,32,128,256,2,64,512,16,32,4,128,64,8,16,256,4,128,2,512,8,16,256,32,128,4,8,512,16,256,64,32,128,4,512,256,8,32,128,1,512,256,64,8,128,32,512,16,1,64,128,2,512,32,256,4,64,16,128,512,256,32,64,2,16,128,512,32,64,1,256,16,512,128,8,64,4] .

?- Sz is 192+36+12,multiExGoodSeq_N3(Seq,Sz,[32,128,4,512,256,8,32,128,1,512,256,64,8,128,32,512,16,1,64,128,2,512,32,256,4,64,16,128,512,256,32,64,2,16,128,512]).
Sz = 240,
Seq = [4,256,128,1,2,8,4,16,32,1,2,8,4,64,16,1,2,8,128,32,4,1,2,64,128,8,4,1,16,256,2,8,4,1,512,16,2,8,4,128,256,1,16,2,32,64,4,8,1,256,32,2,4,8,512,64,1,2,4,256,512,8,1,2,32,64,128,4,1,16,32,64,8,2,128,16,32,1,8,256,64,2,4,16,128,1,512,2,4,32,16,128,8,64,1,32,512,2,16,8,64,256,1,128,2,32,512,4,64,1,16,256,2,512,4,64,16,8,32,256,2,64,1,512,16,8,32,4,256,64,1,128,16,32,256,2,4,64,128,512,1,8,16,256,128,2,64,8,512,32,4,1,16,256,512,32,2,8,128,256,512,1,4,32,128,256,2,64,512,16,32,4,128,64,8,16,256,4,128,2,512,8,16,256,32,128,4,8,512,16,256,64,32,128,4,512,256,8,32,128,1,512,256,64,8,128,32,512,16,1,64,128,2,512,32,256,4,64,16,128,512,256,32,64,2,16,128,512,32,64,1,256,16,512,128,8,64,4,256,512] .

?- Sz is 192+36+16,multiExGoodSeq_N3(Seq,Sz,[32,128,4,512,256,8,32,128,1,512,256,64,8,128,32,512,16,1,64,128,2,512,32,256,4,64,16,128,512,256,32,64,2,16,128,512]).
Sz = 244,
Seq = [4,256,128,1,2,8,4,16,32,1,2,8,4,64,16,1,2,8,128,32,4,1,2,64,128,8,4,1,16,256,2,8,4,1,512,16,2,8,4,128,256,1,16,2,32,64,4,8,1,256,32,2,4,8,512,64,1,2,4,256,512,8,1,2,32,64,128,4,1,16,32,64,8,2,128,16,32,1,8,256,64,2,4,16,128,1,512,2,4,32,16,128,8,64,1,32,512,2,16,8,64,256,1,128,2,32,512,4,64,1,16,256,2,512,4,64,16,8,32,256,2,64,1,512,16,8,32,4,256,64,1,128,16,32,256,2,4,64,128,512,1,8,16,256,128,2,64,8,512,32,4,1,16,256,512,32,2,8,128,256,512,1,4,32,128,256,2,64,512,16,32,4,128,64,8,16,256,4,128,2,512,8,16,256,32,128,4,8,512,16,256,64,32,128,4,512,256,8,32,128,1,512,256,64,8,128,32,512,16,1,64,128,2,512,32,256,4,64,16,128,512,256,32,64,2,16,128,512,32,64,1,256,16,512,128,8,64,4,256,512,16,128,2,4] ;
Sz = 244,
Seq = [4,256,128,1,2,8,4,16,32,1,2,8,4,64,16,1,2,8,128,32,4,1,2,64,128,8,4,1,16,256,2,8,4,1,512,16,2,8,4,128,256,1,16,2,32,64,4,8,1,256,32,2,4,8,512,64,1,2,4,256,512,8,1,2,32,64,128,4,1,16,32,64,8,2,128,16,32,1,8,256,64,2,4,16,128,1,512,2,4,32,16,128,8,64,1,32,512,2,16,8,64,256,1,128,2,32,512,4,64,1,16,256,2,512,4,64,16,8,32,256,2,64,1,512,16,8,32,4,256,64,1,128,16,32,256,2,4,64,128,512,1,8,16,256,128,2,64,8,512,32,4,1,16,256,512,32,2,8,128,256,512,1,4,32,128,256,2,64,512,16,32,4,128,64,8,16,256,4,128,2,512,8,16,256,32,128,4,8,512,16,256,64,32,128,4,512,256,8,32,128,1,512,256,64,8,128,32,512,16,1,64,128,2,512,32,256,4,64,16,128,512,256,32,64,2,16,128,512,32,64,1,256,16,512,128,8,64,4,256,512,128,16,2,4] ;
Sz = 244,
Seq = [4,256,128,1,2,8,4,16,32,1,2,8,4,64,16,1,2,8,128,32,4,1,2,64,128,8,4,1,16,256,2,8,4,1,512,16,2,8,4,128,256,1,16,2,32,64,4,8,1,256,32,2,4,8,512,64,1,2,4,256,512,8,1,2,32,64,128,4,1,16,32,64,8,2,128,16,32,1,8,256,64,2,4,16,128,1,512,2,4,32,16,128,8,64,1,32,512,2,16,8,64,256,1,128,2,32,512,4,64,1,16,256,2,512,4,64,16,8,32,256,2,64,1,512,16,8,32,4,256,64,1,128,16,32,256,2,4,64,128,512,1,8,16,256,128,2,64,8,512,32,4,1,16,256,512,32,2,8,128,256,512,1,4,32,128,256,2,64,512,16,32,4,128,64,8,16,256,4,128,2,512,8,16,256,32,128,4,8,512,16,256,64,32,128,4,512,256,8,32,128,1,512,256,64,8,128,32,512,16,1,64,128,2,512,32,256,4,64,16,128,512,256,32,64,2,16,128,512,256,4,64,8,128,512,16,256,1,64,32,128,512,16,2,4] ;
Sz = 244,
Seq = [4,256,128,1,2,8,4,16,32,1,2,8,4,64,16,1,2,8,128,32,4,1,2,64,128,8,4,1,16,256,2,8,4,1,512,16,2,8,4,128,256,1,16,2,32,64,4,8,1,256,32,2,4,8,512,64,1,2,4,256,512,8,1,2,32,64,128,4,1,16,32,64,8,2,128,16,32,1,8,256,64,2,4,16,128,1,512,2,4,32,16,128,8,64,1,32,512,2,16,8,64,256,1,128,2,32,512,4,64,1,16,256,2,512,4,64,16,8,32,256,2,64,1,512,16,8,32,4,256,64,1,128,16,32,256,2,4,64,128,512,1,8,16,256,128,2,64,8,512,32,4,1,16,256,512,32,2,8,128,256,512,1,4,32,128,256,2,64,512,16,32,4,128,64,8,16,256,4,128,2,512,8,16,256,32,128,4,8,512,16,256,64,32,128,4,512,256,8,32,128,1,512,256,64,8,128,32,512,16,1,64,128,2,512,32,256,4,64,16,128,512,256,32,64,2,16,128,512,256,4,64,8,128,512,16,256,1,64,32,512,128,16,2,4] .

?- multiExGoodSeq_N3(Seq,244,[32,128,4,512,256,8,32,128,1,512,256,64,8,128,32,512,16,1,64,128,2,512,32,256,4,64,16,128,512,256,32,64,2,16,128,512]). 
Seq = [4,256,128,1,2,8,4,16,32,1,2,8,4,64,16,1,2,8,128,32,4,1,2,64,128,8,4,1,16,256,2,8,4,1,512,16,2,8,4,128,256,1,16,2,32,64,4,8,1,256,32,2,4,8,512,64,1,2,4,256,512,8,1,2,32,64,128,4,1,16,32,64,8,2,128,16,32,1,8,256,64,2,4,16,128,1,512,2,4,32,16,128,8,64,1,32,512,2,16,8,64,256,1,128,2,32,512,4,64,1,16,256,2,512,4,64,16,8,32,256,2,64,1,512,16,8,32,4,256,64,1,128,16,32,256,2,4,64,128,512,1,8,16,256,128,2,64,8,512,32,4,1,16,256,512,32,2,8,128,256,512,1,4,32,128,256,2,64,512,16,32,4,128,64,8,16,256,4,128,2,512,8,16,256,32,128,4,8,512,16,256,64,32,128,4,512,256,8,32,128,1,512,256,64,8,128,32,512,16,1,64,128,2,512,32,256,4,64,16,128,512,256,32,64,2,16,128,512,32,64,1,256,16,512,128,8,64,4,256,512,16,128,2,4] ;
Seq = [4,256,128,1,2,8,4,16,32,1,2,8,4,64,16,1,2,8,128,32,4,1,2,64,128,8,4,1,16,256,2,8,4,1,512,16,2,8,4,128,256,1,16,2,32,64,4,8,1,256,32,2,4,8,512,64,1,2,4,256,512,8,1,2,32,64,128,4,1,16,32,64,8,2,128,16,32,1,8,256,64,2,4,16,128,1,512,2,4,32,16,128,8,64,1,32,512,2,16,8,64,256,1,128,2,32,512,4,64,1,16,256,2,512,4,64,16,8,32,256,2,64,1,512,16,8,32,4,256,64,1,128,16,32,256,2,4,64,128,512,1,8,16,256,128,2,64,8,512,32,4,1,16,256,512,32,2,8,128,256,512,1,4,32,128,256,2,64,512,16,32,4,128,64,8,16,256,4,128,2,512,8,16,256,32,128,4,8,512,16,256,64,32,128,4,512,256,8,32,128,1,512,256,64,8,128,32,512,16,1,64,128,2,512,32,256,4,64,16,128,512,256,32,64,2,16,128,512,32,64,1,256,16,512,128,8,64,4,256,512,128,16,2,4] ;
Seq = [4,256,128,1,2,8,4,16,32,1,2,8,4,64,16,1,2,8,128,32,4,1,2,64,128,8,4,1,16,256,2,8,4,1,512,16,2,8,4,128,256,1,16,2,32,64,4,8,1,256,32,2,4,8,512,64,1,2,4,256,512,8,1,2,32,64,128,4,1,16,32,64,8,2,128,16,32,1,8,256,64,2,4,16,128,1,512,2,4,32,16,128,8,64,1,32,512,2,16,8,64,256,1,128,2,32,512,4,64,1,16,256,2,512,4,64,16,8,32,256,2,64,1,512,16,8,32,4,256,64,1,128,16,32,256,2,4,64,128,512,1,8,16,256,128,2,64,8,512,32,4,1,16,256,512,32,2,8,128,256,512,1,4,32,128,256,2,64,512,16,32,4,128,64,8,16,256,4,128,2,512,8,16,256,32,128,4,8,512,16,256,64,32,128,4,512,256,8,32,128,1,512,256,64,8,128,32,512,16,1,64,128,2,512,32,256,4,64,16,128,512,256,32,64,2,16,128,512,256,4,64,8,128,512,16,256,1,64,32,128,512,16,2,4] ;
Seq = [4,256,128,1,2,8,4,16,32,1,2,8,4,64,16,1,2,8,128,32,4,1,2,64,128,8,4,1,16,256,2,8,4,1,512,16,2,8,4,128,256,1,16,2,32,64,4,8,1,256,32,2,4,8,512,64,1,2,4,256,512,8,1,2,32,64,128,4,1,16,32,64,8,2,128,16,32,1,8,256,64,2,4,16,128,1,512,2,4,32,16,128,8,64,1,32,512,2,16,8,64,256,1,128,2,32,512,4,64,1,16,256,2,512,4,64,16,8,32,256,2,64,1,512,16,8,32,4,256,64,1,128,16,32,256,2,4,64,128,512,1,8,16,256,128,2,64,8,512,32,4,1,16,256,512,32,2,8,128,256,512,1,4,32,128,256,2,64,512,16,32,4,128,64,8,16,256,4,128,2,512,8,16,256,32,128,4,8,512,16,256,64,32,128,4,512,256,8,32,128,1,512,256,64,8,128,32,512,16,1,64,128,2,512,32,256,4,64,16,128,512,256,32,64,2,16,128,512,256,4,64,8,128,512,16,256,1,64,32,512,128,16,2,4] ;
false.

?- multiExGoodSeq_N3(Seq,245,[32,128,4,512,256,8,32,128,1,512,256,64,8,128,32,512,16,1,64,128,2,512,32,256,4,64,16,128,512,256,32,64,2,16,128,512]).
false.

?- 
|    
|    
|    .

ERROR: Stream user_input:200:1 Syntax error: Unexpected end of clause
?- 
|    [user].
|: helper_N3(Seq,Ext,Size) :- multiExGoodSeq_N3(Seq,Size,Ext).
|: ^D% user://4 compiled 0.00 sec, 1 clauses
true.

?- 
|    
|    helper_N3(Seq,[32,128,4,512,256,8,32,128,1,512,256,64,8,128,32,512,16,1,64,128,2,512,32,256,4,64,16,128,512,256,32,64,2,16,128,512],244).
Seq = [4,256,128,1,2,8,4,16,32,1,2,8,4,64,16,1,2,8,128,32,4,1,2,64,128,8,4,1,16,256,2,8,4,1,512,16,2,8,4,128,256,1,16,2,32,64,4,8,1,256,32,2,4,8,512,64,1,2,4,256,512,8,1,2,32,64,128,4,1,16,32,64,8,2,128,16,32,1,8,256,64,2,4,16,128,1,512,2,4,32,16,128,8,64,1,32,512,2,16,8,64,256,1,128,2,32,512,4,64,1,16,256,2,512,4,64,16,8,32,256,2,64,1,512,16,8,32,4,256,64,1,128,16,32,256,2,4,64,128,512,1,8,16,256,128,2,64,8,512,32,4,1,16,256,512,32,2,8,128,256,512,1,4,32,128,256,2,64,512,16,32,4,128,64,8,16,256,4,128,2,512,8,16,256,32,128,4,8,512,16,256,64,32,128,4,512,256,8,32,128,1,512,256,64,8,128,32,512,16,1,64,128,2,512,32,256,4,64,16,128,512,256,32,64,2,16,128,512,32,64,1,256,16,512,128,8,64,4,256,512,16,128,2,4] ;
Seq = [4,256,128,1,2,8,4,16,32,1,2,8,4,64,16,1,2,8,128,32,4,1,2,64,128,8,4,1,16,256,2,8,4,1,512,16,2,8,4,128,256,1,16,2,32,64,4,8,1,256,32,2,4,8,512,64,1,2,4,256,512,8,1,2,32,64,128,4,1,16,32,64,8,2,128,16,32,1,8,256,64,2,4,16,128,1,512,2,4,32,16,128,8,64,1,32,512,2,16,8,64,256,1,128,2,32,512,4,64,1,16,256,2,512,4,64,16,8,32,256,2,64,1,512,16,8,32,4,256,64,1,128,16,32,256,2,4,64,128,512,1,8,16,256,128,2,64,8,512,32,4,1,16,256,512,32,2,8,128,256,512,1,4,32,128,256,2,64,512,16,32,4,128,64,8,16,256,4,128,2,512,8,16,256,32,128,4,8,512,16,256,64,32,128,4,512,256,8,32,128,1,512,256,64,8,128,32,512,16,1,64,128,2,512,32,256,4,64,16,128,512,256,32,64,2,16,128,512,32,64,1,256,16,512,128,8,64,4,256,512,128,16,2,4] .

?- helper_N3(Seq,[32,128,4,512,256,8,32,128,1,512,256,64,8,128,32,512,16,1,64,128,2,512,32,256,4,64,16,128,512,256,32,64,2,16,128,512],245).
false.

?- helper_N3(Seq, [128,4,8,512,256,64,32,128,1,512,16,256,64,32,2,512,128,16,64,32,256,4,512,16,64,128,1,2,512,256,32,128,4,64,512,256,1], 244).
Seq = [4,256,128,1,2,8,4,16,32,1,2,8,4,64,16,1,2,8,128,32,4,1,2,64,128,8,4,1,16,256,2,8,4,1,512,16,2,8,4,128,256,1,16,2,32,64,4,8,1,256,32,2,4,8,512,64,1,2,4,256,512,8,1,2,32,64,128,4,1,16,32,64,8,2,128,16,32,1,8,256,64,2,4,16,128,1,512,2,4,32,16,128,8,64,1,32,512,2,16,8,64,256,1,128,2,32,512,4,64,1,16,256,2,512,4,64,16,8,32,256,2,64,1,512,16,8,32,4,256,64,1,128,16,32,256,2,4,64,128,512,1,8,16,256,128,2,64,8,512,32,4,1,16,256,512,32,2,8,128,256,512,1,4,32,128,256,2,64,512,16,32,4,128,64,8,16,256,4,128,2,512,8,16,256,32,128,4,8,512,16,256,64,128,4,8,512,256,64,32,128,1,512,16,256,64,32,2,512,128,16,64,32,256,4,512,16,64,128,1,2,512,256,32,128,4,64,512,256,1,8,32,128,512,256,1,64,32,16,512,8,128,64,32,256] .

?- helper_N3(Seq, [128,4,8,512,256,64,32,128,1,512,16,256,64,32,2,512,128,16,64,32,256,4,512,16,64,128,1,2,512,256,32,128,4,64,512,256,1], 245).
false.

?-                                                                              |    
|    
|    .

ERROR: Stream user_input:227:1 Syntax error: Unexpected end of clause
?-                                                                              |    helper_N3(Sq,[128,4,8,512,256,32,128,4,64,512,256,1,128,32,8,512,16,64,128],244).
Sq = [4,256,128,1,2,8,4,16,32,1,2,8,4,64,16,1,2,8,128,32,4,1,2,64,128,8,4,1,16,256,2,8,4,1,512,16,2,8,4,128,256,1,16,2,32,64,4,8,1,256,32,2,4,8,512,64,1,2,4,256,512,8,1,2,32,64,128,4,1,16,32,64,8,2,128,16,32,1,8,256,64,2,4,16,128,1,512,2,4,32,16,128,8,64,1,32,512,2,16,8,64,256,1,128,2,32,512,4,64,1,16,256,2,512,4,64,16,8,32,256,2,64,1,512,16,8,32,4,256,64,1,128,16,32,256,2,4,64,128,512,1,8,16,256,128,2,64,8,512,32,4,1,16,256,512,32,2,8,128,256,512,1,4,32,128,256,2,64,512,16,32,4,128,64,8,16,256,4,128,2,512,8,16,256,32,128,4,8,512,16,256,64,128,4,8,512,256,32,128,4,64,512,256,1,128,32,8,512,16,64,128,1,2,512,256,32,64,8,128,512,256,16,1,64,32,512,128,2,16,64,32,256,4,512,16,128,64,32,256,512,16,128,2,4] 
Unknown action: / (h for help)
Action? .

?- helper_N3(Sq,[128,4,8,512,256,32,128,4,64,512,256,1,128,32,8,512,16,64,128],245).
false.

?- 
|    
|    .

ERROR: Stream user_input:241:1 Syntax error: Unexpected end of clause
?- 
|    helper_N3(Sq,[128,4,32,512,256,8,128,4,64,512,256,1,128,32,8,512,16,64,128],244).
Sq = [4,256,128,1,2,8,4,16,32,1,2,8,4,64,16,1,2,8,128,32,4,1,2,64,128,8,4,1,16,256,2,8,4,1,512,16,2,8,4,128,256,1,16,2,32,64,4,8,1,256,32,2,4,8,512,64,1,2,4,256,512,8,1,2,32,64,128,4,1,16,32,64,8,2,128,16,32,1,8,256,64,2,4,16,128,1,512,2,4,32,16,128,8,64,1,32,512,2,16,8,64,256,1,128,2,32,512,4,64,1,16,256,2,512,4,64,16,8,32,256,2,64,1,512,16,8,32,4,256,64,1,128,16,32,256,2,4,64,128,512,1,8,16,256,128,2,64,8,512,32,4,1,16,256,512,32,2,8,128,256,512,1,4,32,128,256,2,64,512,16,32,4,128,64,8,16,256,4,128,2,512,8,16,256,32,128,4,8,512,16,256,64,128,4,32,512,256,8,128,4,64,512,256,1,128,32,8,512,16,64,128,1,2,512,256,32,64,8,128,512,256,16,1,64,32,512,128,2,16,64,32,256,4,512,16,128,64,32,256,512,16,128,2,4] .

?- helper_N3(Sq,[128,4,32,512,256,8,128,4,64,512,256,1,128,32,8,512,16,64,128],245).
false.

?- 
|    
|    .

ERROR: Stream user_input:253:1 Syntax error: Unexpected end of clause
?- 
|    helper_N3asd.
ERROR: Unknown procedure: helper_N3asd/0 (DWIM could not correct goal)
?- 
|    .

ERROR: Stream user_input:260:1 Syntax error: Unexpected end of clause
?- helper_N3(Sq,[128,32,8,512,16,64,128,4,256,32,512,2,128,64,1,16,512,256,128],244).
Sq = [4,256,128,1,2,8,4,16,32,1,2,8,4,64,16,1,2,8,128,32,4,1,2,64,128,8,4,1,16,256,2,8,4,1,512,16,2,8,4,128,256,1,16,2,32,64,4,8,1,256,32,2,4,8,512,64,1,2,4,256,512,8,1,2,32,64,128,4,1,16,32,64,8,2,128,16,32,1,8,256,64,2,4,16,128,1,512,2,4,32,16,128,8,64,1,32,512,2,16,8,64,256,1,128,2,32,512,4,64,1,16,256,2,512,4,64,16,8,32,256,2,64,1,512,16,8,32,4,256,64,1,128,16,32,256,2,4,64,128,512,1,8,16,256,128,2,64,8,512,32,4,1,16,256,512,32,2,8,128,256,512,1,4,32,128,256,2,64,512,16,32,4,128,64,8,16,256,4,128,2,512,8,16,256,32,128,4,8,512,16,256,64,128,32,8,512,16,64,128,4,256,32,512,2,128,64,1,16,512,256,128,8,4,64,512,256,1,128,32,64,512,256,8,1,32,128,512,16,256,4,64,32,512,128,16,2,64,32,256,512,1,2,128,8] .

?- helper_N3(Sq,[128,32,8,512,16,64,128,4,256,32,512,2,128,64,1,16,512,256,128],245).
false.

?- 
|    
|    .

ERROR: Stream user_input:271:1 Syntax error: Unexpected end of clause
?- helper_N3(Sq,[32,128,512,4,256,16,64,32,1,512,128,256,64,8,32,512,16,128,64,4,256,32,512,2,128,64,1,16,512,256,128,32,8,1,512,256,64,32,2,16,128,512],244).
Sq = [4,256,128,1,2,8,4,16,32,1,2,8,4,64,16,1,2,8,128,32,4,1,2,64,128,8,4,1,16,256,2,8,4,1,512,16,2,8,4,128,256,1,16,2,32,64,4,8,1,256,32,2,4,8,512,64,1,2,4,256,512,8,1,2,32,64,128,4,1,16,32,64,8,2,128,16,32,1,8,256,64,2,4,16,128,1,512,2,4,32,16,128,8,64,1,32,512,2,16,8,64,256,1,128,2,32,512,4,64,1,16,256,2,512,4,64,16,8,32,256,2,64,1,512,16,8,32,4,256,64,1,128,16,32,256,2,4,64,128,512,1,8,16,256,128,2,64,8,512,32,4,1,16,256,512,32,2,8,128,256,512,1,4,32,128,256,2,64,512,16,32,4,128,64,8,16,256,4,128,2,512,8,16,256,32,128,4,8,512,16,256,64,32,128,512,4,256,16,64,32,1,512,128,256,64,8,32,512,16,128,64,4,256,32,512,2,128,64,1,16,512,256,128,32,8,1,512,256,64,32,2,16,128,512,64,256,4,8,128,512,1,2,256,32] ;
Sq = [4,256,128,1,2,8,4,16,32,1,2,8,4,64,16,1,2,8,128,32,4,1,2,64,128,8,4,1,16,256,2,8,4,1,512,16,2,8,4,128,256,1,16,2,32,64,4,8,1,256,32,2,4,8,512,64,1,2,4,256,512,8,1,2,32,64,128,4,1,16,32,64,8,2,128,16,32,1,8,256,64,2,4,16,128,1,512,2,4,32,16,128,8,64,1,32,512,2,16,8,64,256,1,128,2,32,512,4,64,1,16,256,2,512,4,64,16,8,32,256,2,64,1,512,16,8,32,4,256,64,1,128,16,32,256,2,4,64,128,512,1,8,16,256,128,2,64,8,512,32,4,1,16,256,512,32,2,8,128,256,512,1,4,32,128,256,2,64,512,16,32,4,128,64,8,16,256,4,128,2,512,8,16,256,32,128,4,8,512,16,256,64,32,128,512,4,256,16,64,32,1,512,128,256,64,8,32,512,16,128,64,4,256,32,512,2,128,64,1,16,512,256,128,32,8,1,512,256,64,32,2,16,128,512,256,64,4,8,128,512,1,2,256,32] ;
false.

?- helper_N3(Sq,[32,128,512,4,256,16,64,32,1,512,128,256,64,8,32,512,16,128,64,4,256,32,512,2,128,64,1,16,512,256,128,32,8,1,512,256,64,32,2,16,128,512],245).
false.

?- 
|    
|    .

ERROR: Stream user_input:284:1 Syntax error: Unexpected end of clause
?- helper_N3(Sq,[128,32,8,512,16,64,128,1,2,512,256,32],244).
Sq = [4,256,128,1,2,8,4,16,32,1,2,8,4,64,16,1,2,8,128,32,4,1,2,64,128,8,4,1,16,256,2,8,4,1,512,16,2,8,4,128,256,1,16,2,32,64,4,8,1,256,32,2,4,8,512,64,1,2,4,256,512,8,1,2,32,64,128,4,1,16,32,64,8,2,128,16,32,1,8,256,64,2,4,16,128,1,512,2,4,32,16,128,8,64,1,32,512,2,16,8,64,256,1,128,2,32,512,4,64,1,16,256,2,512,4,64,16,8,32,256,2,64,1,512,16,8,32,4,256,64,1,128,16,32,256,2,4,64,128,512,1,8,16,256,128,2,64,8,512,32,4,1,16,256,512,32,2,8,128,256,512,1,4,32,128,256,2,64,512,16,32,4,128,64,8,16,256,4,128,2,512,8,16,256,32,128,4,8,512,16,256,64,128,32,8,512,16,64,128,1,2,512,256,32,64,16,2,128,512,32,64,1,16,256,512,128,8,32,1,256,512,64,8,128,4,256,512,32,64,128,4,256,16,512,32,128,1,256,64,512,4,16,128,2] ;
Sq = [4,256,128,1,2,8,4,16,32,1,2,8,4,64,16,1,2,8,128,32,4,1,2,64,128,8,4,1,16,256,2,8,4,1,512,16,2,8,4,128,256,1,16,2,32,64,4,8,1,256,32,2,4,8,512,64,1,2,4,256,512,8,1,2,32,64,128,4,1,16,32,64,8,2,128,16,32,1,8,256,64,2,4,16,128,1,512,2,4,32,16,128,8,64,1,32,512,2,16,8,64,256,1,128,2,32,512,4,64,1,16,256,2,512,4,64,16,8,32,256,2,64,1,512,16,8,32,4,256,64,1,128,16,32,256,2,4,64,128,512,1,8,16,256,128,2,64,8,512,32,4,1,16,256,512,32,2,8,128,256,512,1,4,32,128,256,2,64,512,16,32,4,128,64,8,16,256,4,128,2,512,8,16,256,32,128,4,8,512,16,256,64,128,32,8,512,16,64,128,1,2,512,256,32,64,16,2,128,512,32,64,1,16,256,512,128,8,32,1,256,512,64,8,128,4,256,512,32,64,128,4,256,16,512,32,128,1,256,64,512,4,128,16,2] ;
Sq = [4,256,128,1,2,8,4,16,32,1,2,8,4,64,16,1,2,8,128,32,4,1,2,64,128,8,4,1,16,256,2,8,4,1,512,16,2,8,4,128,256,1,16,2,32,64,4,8,1,256,32,2,4,8,512,64,1,2,4,256,512,8,1,2,32,64,128,4,1,16,32,64,8,2,128,16,32,1,8,256,64,2,4,16,128,1,512,2,4,32,16,128,8,64,1,32,512,2,16,8,64,256,1,128,2,32,512,4,64,1,16,256,2,512,4,64,16,8,32,256,2,64,1,512,16,8,32,4,256,64,1,128,16,32,256,2,4,64,128,512,1,8,16,256,128,2,64,8,512,32,4,1,16,256,512,32,2,8,128,256,512,1,4,32,128,256,2,64,512,16,32,4,128,64,8,16,256,4,128,2,512,8,16,256,32,128,4,8,512,16,256,64,128,32,8,512,16,64,128,1,2,512,256,32,64,16,2,128,512,32,64,4,256,16,512,32,128,64,1,256,512,16,128,4,64,256,512,1,8,32,128,256,512,4,8,64,128,256,512,32,1,64,16,256] .

?- helper_N3(Sq,[128,32,8,512,16,64,128,1,2,512,256,32],244).
Sq = [4,256,128,1,2,8,4,16,32,1,2,8,4,64,16,1,2,8,128,32,4,1,2,64,128,8,4,1,16,256,2,8,4,1,512,16,2,8,4,128,256,1,16,2,32,64,4,8,1,256,32,2,4,8,512,64,1,2,4,256,512,8,1,2,32,64,128,4,1,16,32,64,8,2,128,16,32,1,8,256,64,2,4,16,128,1,512,2,4,32,16,128,8,64,1,32,512,2,16,8,64,256,1,128,2,32,512,4,64,1,16,256,2,512,4,64,16,8,32,256,2,64,1,512,16,8,32,4,256,64,1,128,16,32,256,2,4,64,128,512,1,8,16,256,128,2,64,8,512,32,4,1,16,256,512,32,2,8,128,256,512,1,4,32,128,256,2,64,512,16,32,4,128,64,8,16,256,4,128,2,512,8,16,256,32,128,4,8,512,16,256,64,128,32,8,512,16,64,128,1,2,512,256,32,64,16,2,128,512,32,64,1,16,256,512,128,8,32,1,256,512,64,8,128,4,256,512,32,64,128,4,256,16,512,32,128,1,256,64,512,4,16,128,2] .

?- helper_N3(Sq,[128,32,8,512,16,64,128,1,2,512,256,32],245).
Sq = [4,256,128,1,2,8,4,16,32,1,2,8,4,64,16,1,2,8,128,32,4,1,2,64,128,8,4,1,16,256,2,8,4,1,512,16,2,8,4,128,256,1,16,2,32,64,4,8,1,256,32,2,4,8,512,64,1,2,4,256,512,8,1,2,32,64,128,4,1,16,32,64,8,2,128,16,32,1,8,256,64,2,4,16,128,1,512,2,4,32,16,128,8,64,1,32,512,2,16,8,64,256,1,128,2,32,512,4,64,1,16,256,2,512,4,64,16,8,32,256,2,64,1,512,16,8,32,4,256,64,1,128,16,32,256,2,4,64,128,512,1,8,16,256,128,2,64,8,512,32,4,1,16,256,512,32,2,8,128,256,512,1,4,32,128,256,2,64,512,16,32,4,128,64,8,16,256,4,128,2,512,8,16,256,32,128,4,8,512,16,256,64,128,32,8,512,16,64,128,1,2,512,256,32,128,4,64,512,256,1,8,32,128,512,256,64,1,16,32,512,128,2,64,16,32,256,4,512,8,128,64,256,4,16,512,128,64,32,1,256,512,128,16,2,4] .

?- helper_N3(Sq,[128,32,8,512,16,64,128,1,2,512,256,32],246).
false.

?- 
|    
|    
|    .

ERROR: Stream user_input:304:1 Syntax error: Unexpected end of clause
?- helper_N3(Sq,[32,128,8,512,256,64,1,32,16,512,128],244).
Sq = [4,256,128,1,2,8,4,16,32,1,2,8,4,64,16,1,2,8,128,32,4,1,2,64,128,8,4,1,16,256,2,8,4,1,512,16,2,8,4,128,256,1,16,2,32,64,4,8,1,256,32,2,4,8,512,64,1,2,4,256,512,8,1,2,32,64,128,4,1,16,32,64,8,2,128,16,32,1,8,256,64,2,4,16,128,1,512,2,4,32,16,128,8,64,1,32,512,2,16,8,64,256,1,128,2,32,512,4,64,1,16,256,2,512,4,64,16,8,32,256,2,64,1,512,16,8,32,4,256,64,1,128,16,32,256,2,4,64,128,512,1,8,16,256,128,2,64,8,512,32,4,1,16,256,512,32,2,8,128,256,512,1,4,32,128,256,2,64,512,16,32,4,128,64,8,16,256,4,128,2,512,8,16,256,32,128,4,8,512,16,256,64,32,128,8,512,256,64,1,32,16,512,128,2,64,32,16,256,4,512,128,8,1,32,256,512,128,4,64,32,256,512,2,1,128,64,16,512,256,1,128,64,32,512,256,8,4,64,128,512,16,8,32,64] ;
Sq = [4,256,128,1,2,8,4,16,32,1,2,8,4,64,16,1,2,8,128,32,4,1,2,64,128,8,4,1,16,256,2,8,4,1,512,16,2,8,4,128,256,1,16,2,32,64,4,8,1,256,32,2,4,8,512,64,1,2,4,256,512,8,1,2,32,64,128,4,1,16,32,64,8,2,128,16,32,1,8,256,64,2,4,16,128,1,512,2,4,32,16,128,8,64,1,32,512,2,16,8,64,256,1,128,2,32,512,4,64,1,16,256,2,512,4,64,16,8,32,256,2,64,1,512,16,8,32,4,256,64,1,128,16,32,256,2,4,64,128,512,1,8,16,256,128,2,64,8,512,32,4,1,16,256,512,32,2,8,128,256,512,1,4,32,128,256,2,64,512,16,32,4,128,64,8,16,256,4,128,2,512,8,16,256,32,128,4,8,512,16,256,64,32,128,8,512,256,64,1,32,16,512,128,2,64,32,16,256,4,512,128,8,1,32,256,512,128,4,64,32,256,512,2,1,128,64,16,512,256,1,128,64,32,512,256,8,4,64,128,512,16,32,8,64] ;
Sq = [4,256,128,1,2,8,4,16,32,1,2,8,4,64,16,1,2,8,128,32,4,1,2,64,128,8,4,1,16,256,2,8,4,1,512,16,2,8,4,128,256,1,16,2,32,64,4,8,1,256,32,2,4,8,512,64,1,2,4,256,512,8,1,2,32,64,128,4,1,16,32,64,8,2,128,16,32,1,8,256,64,2,4,16,128,1,512,2,4,32,16,128,8,64,1,32,512,2,16,8,64,256,1,128,2,32,512,4,64,1,16,256,2,512,4,64,16,8,32,256,2,64,1,512,16,8,32,4,256,64,1,128,16,32,256,2,4,64,128,512,1,8,16,256,128,2,64,8,512,32,4,1,16,256,512,32,2,8,128,256,512,1,4,32,128,256,2,64,512,16,32,4,128,64,8,16,256,4,128,2,512,8,16,256,32,128,4,8,512,16,256,64,32,128,8,512,256,64,1,32,16,512,128,64,4,8,256,512,32,64,128,1,256,512,16,64,128,1,2,512,256,32,64,4,128,512,256,32,1,8,128,512,4,256,16,32,64,2,128,512,16,32,8,64] ;
Sq = [4,256,128,1,2,8,4,16,32,1,2,8,4,64,16,1,2,8,128,32,4,1,2,64,128,8,4,1,16,256,2,8,4,1,512,16,2,8,4,128,256,1,16,2,32,64,4,8,1,256,32,2,4,8,512,64,1,2,4,256,512,8,1,2,32,64,128,4,1,16,32,64,8,2,128,16,32,1,8,256,64,2,4,16,128,1,512,2,4,32,16,128,8,64,1,32,512,2,16,8,64,256,1,128,2,32,512,4,64,1,16,256,2,512,4,64,16,8,32,256,2,64,1,512,16,8,32,4,256,64,1,128,16,32,256,2,4,64,128,512,1,8,16,256,128,2,64,8,512,32,4,1,16,256,512,32,2,8,128,256,512,1,4,32,128,256,2,64,512,16,32,4,128,64,8,16,256,4,128,2,512,8,16,256,32,128,4,8,512,16,256,64,32,128,8,512,256,64,1,32,16,512,128,64,4,8,256,512,32,64,128,1,256,512,16,64,128,1,2,512,256,32,64,4,128,512,256,32,1,8,128,512,4,256,16,64,32,2,128,512,16,64,8,32] ;
Sq = [4,256,128,1,2,8,4,16,32,1,2,8,4,64,16,1,2,8,128,32,4,1,2,64,128,8,4,1,16,256,2,8,4,1,512,16,2,8,4,128,256,1,16,2,32,64,4,8,1,256,32,2,4,8,512,64,1,2,4,256,512,8,1,2,32,64,128,4,1,16,32,64,8,2,128,16,32,1,8,256,64,2,4,16,128,1,512,2,4,32,16,128,8,64,1,32,512,2,16,8,64,256,1,128,2,32,512,4,64,1,16,256,2,512,4,64,16,8,32,256,2,64,1,512,16,8,32,4,256,64,1,128,16,32,256,2,4,64,128,512,1,8,16,256,128,2,64,8,512,32,4,1,16,256,512,32,2,8,128,256,512,1,4,32,128,256,2,64,512,16,32,4,128,64,8,16,256,4,128,2,512,8,16,256,32,128,4,8,512,16,256,64,32,128,8,512,256,64,1,32,16,512,128,64,4,8,256,512,32,64,128,1,256,512,16,64,128,1,2,512,256,32,64,4,128,512,256,32,1,8,128,512,4,256,16,64,32,2,128,512,16,256,32,4] ;
Sq = [4,256,128,1,2,8,4,16,32,1,2,8,4,64,16,1,2,8,128,32,4,1,2,64,128,8,4,1,16,256,2,8,4,1,512,16,2,8,4,128,256,1,16,2,32,64,4,8,1,256,32,2,4,8,512,64,1,2,4,256,512,8,1,2,32,64,128,4,1,16,32,64,8,2,128,16,32,1,8,256,64,2,4,16,128,1,512,2,4,32,16,128,8,64,1,32,512,2,16,8,64,256,1,128,2,32,512,4,64,1,16,256,2,512,4,64,16,8,32,256,2,64,1,512,16,8,32,4,256,64,1,128,16,32,256,2,4,64,128,512,1,8,16,256,128,2,64,8,512,32,4,1,16,256,512,32,2,8,128,256,512,1,4,32,128,256,2,64,512,16,32,4,128,64,8,16,256,4,128,2,512,8,16,256,32,128,4,8,512,16,256,64,32,128,8,512,256,64,1,32,16,512,128,64,4,8,256,512,32,64,128,1,256,512,16,64,128,1,2,512,256,32,64,4,128,512,256,32,1,8,128,512,4,256,16,64,32,2,128,512,256,16,32,4] ;
Sq = [4,256,128,1,2,8,4,16,32,1,2,8,4,64,16,1,2,8,128,32,4,1,2,64,128,8,4,1,16,256,2,8,4,1,512,16,2,8,4,128,256,1,16,2,32,64,4,8,1,256,32,2,4,8,512,64,1,2,4,256,512,8,1,2,32,64,128,4,1,16,32,64,8,2,128,16,32,1,8,256,64,2,4,16,128,1,512,2,4,32,16,128,8,64,1,32,512,2,16,8,64,256,1,128,2,32,512,4,64,1,16,256,2,512,4,64,16,8,32,256,2,64,1,512,16,8,32,4,256,64,1,128,16,32,256,2,4,64,128,512,1,8,16,256,128,2,64,8,512,32,4,1,16,256,512,32,2,8,128,256,512,1,4,32,128,256,2,64,512,16,32,4,128,64,8,16,256,4,128,2,512,8,16,256,32,128,4,8,512,16,256,64,32,128,8,512,256,64,1,32,16,512,128,64,8,4,256,512,128,64,16,4,256,32,512,2,128,64,1,16,512,256,128,4,32,64,512,256,128,1,32,8,512,256,64,2,32,16,128,512,256,2,1,32] ;
Sq = [4,256,128,1,2,8,4,16,32,1,2,8,4,64,16,1,2,8,128,32,4,1,2,64,128,8,4,1,16,256,2,8,4,1,512,16,2,8,4,128,256,1,16,2,32,64,4,8,1,256,32,2,4,8,512,64,1,2,4,256,512,8,1,2,32,64,128,4,1,16,32,64,8,2,128,16,32,1,8,256,64,2,4,16,128,1,512,2,4,32,16,128,8,64,1,32,512,2,16,8,64,256,1,128,2,32,512,4,64,1,16,256,2,512,4,64,16,8,32,256,2,64,1,512,16,8,32,4,256,64,1,128,16,32,256,2,4,64,128,512,1,8,16,256,128,2,64,8,512,32,4,1,16,256,512,32,2,8,128,256,512,1,4,32,128,256,2,64,512,16,32,4,128,64,8,16,256,4,128,2,512,8,16,256,32,128,4,8,512,16,256,64,32,128,8,512,256,64,1,32,16,512,128,64,256,4,8,512,128,64,16,4,256,32,512,2,128,64,1,16,512,256,128,4,32,64,512,256,128,1,32,8,512,256,64,2,32,16,128,512,256,2,1,32] ;
false.

?- helper_N3(Sq,[32,128,8,512,256,64,1,32,16,512,128],244).
Sq = [4,256,128,1,2,8,4,16,32,1,2,8,4,64,16,1,2,8,128,32,4,1,2,64,128,8,4,1,16,256,2,8,4,1,512,16,2,8,4,128,256,1,16,2,32,64,4,8,1,256,32,2,4,8,512,64,1,2,4,256,512,8,1,2,32,64,128,4,1,16,32,64,8,2,128,16,32,1,8,256,64,2,4,16,128,1,512,2,4,32,16,128,8,64,1,32,512,2,16,8,64,256,1,128,2,32,512,4,64,1,16,256,2,512,4,64,16,8,32,256,2,64,1,512,16,8,32,4,256,64,1,128,16,32,256,2,4,64,128,512,1,8,16,256,128,2,64,8,512,32,4,1,16,256,512,32,2,8,128,256,512,1,4,32,128,256,2,64,512,16,32,4,128,64,8,16,256,4,128,2,512,8,16,256,32,128,4,8,512,16,256,64,32,128,8,512,256,64,1,32,16,512,128,2,64,32,16,256,4,512,128,8,1,32,256,512,128,4,64,32,256,512,2,1,128,64,16,512,256,1,128,64,32,512,256,8,4,64,128,512,16,8,32,64] .

?- helper_N3(Sq,[32,128,8,512,256,64,1,32,16,512,128],245).
false.

?- 
|    
|    .

ERROR: Stream user_input:326:1 Syntax error: Unexpected end of clause
?- helper_N3(Sq,[128,32,4,512,256,64,16,32,1,512,128,64,256],244).
Sq = [4,256,128,1,2,8,4,16,32,1,2,8,4,64,16,1,2,8,128,32,4,1,2,64,128,8,4,1,16,256,2,8,4,1,512,16,2,8,4,128,256,1,16,2,32,64,4,8,1,256,32,2,4,8,512,64,1,2,4,256,512,8,1,2,32,64,128,4,1,16,32,64,8,2,128,16,32,1,8,256,64,2,4,16,128,1,512,2,4,32,16,128,8,64,1,32,512,2,16,8,64,256,1,128,2,32,512,4,64,1,16,256,2,512,4,64,16,8,32,256,2,64,1,512,16,8,32,4,256,64,1,128,16,32,256,2,4,64,128,512,1,8,16,256,128,2,64,8,512,32,4,1,16,256,512,32,2,8,128,256,512,1,4,32,128,256,2,64,512,16,32,4,128,64,8,16,256,4,128,2,512,8,16,256,32,128,4,8,512,16,256,64,128,32,4,512,256,64,16,32,1,512,128,64,256,4,8,512,128,64,16,4,256,32,512,2,128,64,1,16,512,256,128,32,8,1,512,256,64,32,2,16,128,512,256,8,64,32,128,512,256,1,2,32] ;
Sq = [4,256,128,1,2,8,4,16,32,1,2,8,4,64,16,1,2,8,128,32,4,1,2,64,128,8,4,1,16,256,2,8,4,1,512,16,2,8,4,128,256,1,16,2,32,64,4,8,1,256,32,2,4,8,512,64,1,2,4,256,512,8,1,2,32,64,128,4,1,16,32,64,8,2,128,16,32,1,8,256,64,2,4,16,128,1,512,2,4,32,16,128,8,64,1,32,512,2,16,8,64,256,1,128,2,32,512,4,64,1,16,256,2,512,4,64,16,8,32,256,2,64,1,512,16,8,32,4,256,64,1,128,16,32,256,2,4,64,128,512,1,8,16,256,128,2,64,8,512,32,4,1,16,256,512,32,2,8,128,256,512,1,4,32,128,256,2,64,512,16,32,4,128,64,8,16,256,4,128,2,512,8,16,256,32,128,4,8,512,16,256,64,128,32,4,512,256,64,16,32,1,512,128,64,256,8,32,512,128,64,16,4,256,32,512,2,128,64,1,16,512,256,128,8,4,64,512,256,128,32,1,8,512,256,64,2,32,16,128,512,256,2,1,32] ;
false.

?- helper_N3(Sq,[128,32,4,512,256,64,16,32,1,512,128,64,256],245).
false.

?- 
|    
|    .

ERROR: Stream user_input:339:1 Syntax error: Unexpected end of clause
?- helper_N3(Sq,[128,4,32,512,256,8,64,4,128,512],244).
Sq = [4,256,128,1,2,8,4,16,32,1,2,8,4,64,16,1,2,8,128,32,4,1,2,64,128,8,4,1,16,256,2,8,4,1,512,16,2,8,4,128,256,1,16,2,32,64,4,8,1,256,32,2,4,8,512,64,1,2,4,256,512,8,1,2,32,64,128,4,1,16,32,64,8,2,128,16,32,1,8,256,64,2,4,16,128,1,512,2,4,32,16,128,8,64,1,32,512,2,16,8,64,256,1,128,2,32,512,4,64,1,16,256,2,512,4,64,16,8,32,256,2,64,1,512,16,8,32,4,256,64,1,128,16,32,256,2,4,64,128,512,1,8,16,256,128,2,64,8,512,32,4,1,16,256,512,32,2,8,128,256,512,1,4,32,128,256,2,64,512,16,32,4,128,64,8,16,256,4,128,2,512,8,16,256,32,128,4,8,512,16,256,64,128,4,32,512,256,8,64,4,128,512,16,256,1,64,32,512,128,2,16,64,32,256,128,8,512,16,32,64,256,4,512,128,8,1,32,256,512,2,128,1,64,16,512,32,128,1,256,64,512,8,128,16] ;
Sq = [4,256,128,1,2,8,4,16,32,1,2,8,4,64,16,1,2,8,128,32,4,1,2,64,128,8,4,1,16,256,2,8,4,1,512,16,2,8,4,128,256,1,16,2,32,64,4,8,1,256,32,2,4,8,512,64,1,2,4,256,512,8,1,2,32,64,128,4,1,16,32,64,8,2,128,16,32,1,8,256,64,2,4,16,128,1,512,2,4,32,16,128,8,64,1,32,512,2,16,8,64,256,1,128,2,32,512,4,64,1,16,256,2,512,4,64,16,8,32,256,2,64,1,512,16,8,32,4,256,64,1,128,16,32,256,2,4,64,128,512,1,8,16,256,128,2,64,8,512,32,4,1,16,256,512,32,2,8,128,256,512,1,4,32,128,256,2,64,512,16,32,4,128,64,8,16,256,4,128,2,512,8,16,256,32,128,4,8,512,16,256,64,128,4,32,512,256,8,64,4,128,512,16,256,1,64,32,512,128,2,16,64,32,256,128,8,512,16,32,64,256,4,512,128,8,1,32,256,512,2,128,1,64,16,512,32,128,1,256,64,512,8,128,32] ;
Sq = [4,256,128,1,2,8,4,16,32,1,2,8,4,64,16,1,2,8,128,32,4,1,2,64,128,8,4,1,16,256,2,8,4,1,512,16,2,8,4,128,256,1,16,2,32,64,4,8,1,256,32,2,4,8,512,64,1,2,4,256,512,8,1,2,32,64,128,4,1,16,32,64,8,2,128,16,32,1,8,256,64,2,4,16,128,1,512,2,4,32,16,128,8,64,1,32,512,2,16,8,64,256,1,128,2,32,512,4,64,1,16,256,2,512,4,64,16,8,32,256,2,64,1,512,16,8,32,4,256,64,1,128,16,32,256,2,4,64,128,512,1,8,16,256,128,2,64,8,512,32,4,1,16,256,512,32,2,8,128,256,512,1,4,32,128,256,2,64,512,16,32,4,128,64,8,16,256,4,128,2,512,8,16,256,32,128,4,8,512,16,256,64,128,4,32,512,256,8,64,4,128,512,256,16,32,64,128,512,256,1,32,8,128,512,16,256,1,64,32,512,128,2,16,64,32,256,4,512,16,64,128,1,2,512,256,32,128,8,64,512,16,32,1,128] ;
Sq = [4,256,128,1,2,8,4,16,32,1,2,8,4,64,16,1,2,8,128,32,4,1,2,64,128,8,4,1,16,256,2,8,4,1,512,16,2,8,4,128,256,1,16,2,32,64,4,8,1,256,32,2,4,8,512,64,1,2,4,256,512,8,1,2,32,64,128,4,1,16,32,64,8,2,128,16,32,1,8,256,64,2,4,16,128,1,512,2,4,32,16,128,8,64,1,32,512,2,16,8,64,256,1,128,2,32,512,4,64,1,16,256,2,512,4,64,16,8,32,256,2,64,1,512,16,8,32,4,256,64,1,128,16,32,256,2,4,64,128,512,1,8,16,256,128,2,64,8,512,32,4,1,16,256,512,32,2,8,128,256,512,1,4,32,128,256,2,64,512,16,32,4,128,64,8,16,256,4,128,2,512,8,16,256,32,128,4,8,512,16,256,64,128,4,32,512,256,8,64,4,128,512,256,16,32,64,128,512,256,1,32,8,128,512,16,256,1,64,32,512,128,2,16,64,32,256,4,512,16,64,128,1,2,512,256,32,128,8,64,512,256,2,32,4] ;
false.

?- helper_N3(Sq,[128,4,32,512,256,8,64,4,128,512],244).
Sq = [4,256,128,1,2,8,4,16,32,1,2,8,4,64,16,1,2,8,128,32,4,1,2,64,128,8,4,1,16,256,2,8,4,1,512,16,2,8,4,128,256,1,16,2,32,64,4,8,1,256,32,2,4,8,512,64,1,2,4,256,512,8,1,2,32,64,128,4,1,16,32,64,8,2,128,16,32,1,8,256,64,2,4,16,128,1,512,2,4,32,16,128,8,64,1,32,512,2,16,8,64,256,1,128,2,32,512,4,64,1,16,256,2,512,4,64,16,8,32,256,2,64,1,512,16,8,32,4,256,64,1,128,16,32,256,2,4,64,128,512,1,8,16,256,128,2,64,8,512,32,4,1,16,256,512,32,2,8,128,256,512,1,4,32,128,256,2,64,512,16,32,4,128,64,8,16,256,4,128,2,512,8,16,256,32,128,4,8,512,16,256,64,128,4,32,512,256,8,64,4,128,512,16,256,1,64,32,512,128,2,16,64,32,256,128,8,512,16,32,64,256,4,512,128,8,1,32,256,512,2,128,1,64,16,512,32,128,1,256,64,512,8,128,16] .

?- helper_N3(Sq,[128,4,32,512,256,8,64,4,128,512],245).
false.

?- 
|    
|    
|    .

ERROR: Stream user_input:358:1 Syntax error: Unexpected end of clause
?- helper_N3(Sq,[32,128,8,512,256,64,32],244).
Sq = [4,256,128,1,2,8,4,16,32,1,2,8,4,64,16,1,2,8,128,32,4,1,2,64,128,8,4,1,16,256,2,8,4,1,512,16,2,8,4,128,256,1,16,2,32,64,4,8,1,256,32,2,4,8,512,64,1,2,4,256,512,8,1,2,32,64,128,4,1,16,32,64,8,2,128,16,32,1,8,256,64,2,4,16,128,1,512,2,4,32,16,128,8,64,1,32,512,2,16,8,64,256,1,128,2,32,512,4,64,1,16,256,2,512,4,64,16,8,32,256,2,64,1,512,16,8,32,4,256,64,1,128,16,32,256,2,4,64,128,512,1,8,16,256,128,2,64,8,512,32,4,1,16,256,512,32,2,8,128,256,512,1,4,32,128,256,2,64,512,16,32,4,128,64,8,16,256,4,128,2,512,8,16,256,32,128,4,8,512,16,256,64,32,128,8,512,256,64,32,2,16,128,512,64,8,4,256,128,512,32,64,1,256,16,512,128,8,32,1,256,512,128,64,16,4,256,32,512,2,128,64,1,16,512,32,128,64,4,256,512,16,128,2,4] ;
false.

?- helper_N3(Sq,[32,128,8,512,256,64,32],245).
false.

?- 
|    
|    .

ERROR: Stream user_input:370:1 Syntax error: Unexpected end of clause
?- helper_N3(Sq,[32,128,4,512,256,64,1],244).
Sq = [4,256,128,1,2,8,4,16,32,1,2,8,4,64,16,1,2,8,128,32,4,1,2,64,128,8,4,1,16,256,2,8,4,1,512,16,2,8,4,128,256,1,16,2,32,64,4,8,1,256,32,2,4,8,512,64,1,2,4,256,512,8,1,2,32,64,128,4,1,16,32,64,8,2,128,16,32,1,8,256,64,2,4,16,128,1,512,2,4,32,16,128,8,64,1,32,512,2,16,8,64,256,1,128,2,32,512,4,64,1,16,256,2,512,4,64,16,8,32,256,2,64,1,512,16,8,32,4,256,64,1,128,16,32,256,2,4,64,128,512,1,8,16,256,128,2,64,8,512,32,4,1,16,256,512,32,2,8,128,256,512,1,4,32,128,256,2,64,512,16,32,4,128,64,8,16,256,4,128,2,512,8,16,256,32,128,4,8,512,16,256,64,32,128,4,512,256,64,1,32,16,512,128,2,64,32,16,256,4,512,128,8,1,32,256,512,128,8,64,32,256,512,2,1,128,64,16,512,256,1,128,64,32,512,256,4,8,64,128,512,16,32,8,64] .

?- helper_N3(Sq,[32,128,4,512,256,64,1],245).
Sq = [4,256,128,1,2,8,4,16,32,1,2,8,4,64,16,1,2,8,128,32,4,1,2,64,128,8,4,1,16,256,2,8,4,1,512,16,2,8,4,128,256,1,16,2,32,64,4,8,1,256,32,2,4,8,512,64,1,2,4,256,512,8,1,2,32,64,128,4,1,16,32,64,8,2,128,16,32,1,8,256,64,2,4,16,128,1,512,2,4,32,16,128,8,64,1,32,512,2,16,8,64,256,1,128,2,32,512,4,64,1,16,256,2,512,4,64,16,8,32,256,2,64,1,512,16,8,32,4,256,64,1,128,16,32,256,2,4,64,128,512,1,8,16,256,128,2,64,8,512,32,4,1,16,256,512,32,2,8,128,256,512,1,4,32,128,256,2,64,512,16,32,4,128,64,8,16,256,4,128,2,512,8,16,256,32,128,4,8,512,16,256,64,32,128,4,512,256,64,1,32,16,512,128,64,8,4,256,512,32,64,128,1,256,512,16,64,128,1,2,512,256,32,64,8,128,512,256,32,1,8,128,512,4,256,16,32,64,2,128,512,16,4,64,256,128] .

?- helper_N3(Sq,[32,128,4,512,256,64,1],246).
false.

?- 
|    
|    
|    .

ERROR: Stream user_input:385:1 Syntax error: Unexpected end of clause
?- helper_N3(Sq,[32,128,4,512,256],244).
Sq = [4,256,128,1,2,8,4,16,32,1,2,8,4,64,16,1,2,8,128,32,4,1,2,64,128,8,4,1,16,256,2,8,4,1,512,16,2,8,4,128,256,1,16,2,32,64,4,8,1,256,32,2,4,8,512,64,1,2,4,256,512,8,1,2,32,64,128,4,1,16,32,64,8,2,128,16,32,1,8,256,64,2,4,16,128,1,512,2,4,32,16,128,8,64,1,32,512,2,16,8,64,256,1,128,2,32,512,4,64,1,16,256,2,512,4,64,16,8,32,256,2,64,1,512,16,8,32,4,256,64,1,128,16,32,256,2,4,64,128,512,1,8,16,256,128,2,64,8,512,32,4,1,16,256,512,32,2,8,128,256,512,1,4,32,128,256,2,64,512,16,32,4,128,64,8,16,256,4,128,2,512,8,16,256,32,128,4,8,512,16,256,64,32,128,4,512,256,8,32,128,1,512,256,64,8,128,32,512,16,1,64,128,2,512,32,256,4,64,16,128,512,256,4,64,8,128,512,16,256,1,64,32,512,128,16,2,64,32,256,512,128,16,2,4] .

?- helper_N3(Sq,[32,128,4,512,256],245).
Sq = [4,256,128,1,2,8,4,16,32,1,2,8,4,64,16,1,2,8,128,32,4,1,2,64,128,8,4,1,16,256,2,8,4,1,512,16,2,8,4,128,256,1,16,2,32,64,4,8,1,256,32,2,4,8,512,64,1,2,4,256,512,8,1,2,32,64,128,4,1,16,32,64,8,2,128,16,32,1,8,256,64,2,4,16,128,1,512,2,4,32,16,128,8,64,1,32,512,2,16,8,64,256,1,128,2,32,512,4,64,1,16,256,2,512,4,64,16,8,32,256,2,64,1,512,16,8,32,4,256,64,1,128,16,32,256,2,4,64,128,512,1,8,16,256,128,2,64,8,512,32,4,1,16,256,512,32,2,8,128,256,512,1,4,32,128,256,2,64,512,16,32,4,128,64,8,16,256,4,128,2,512,8,16,256,32,128,4,8,512,16,256,64,32,128,4,512,256,64,1,32,16,512,128,64,8,4,256,512,32,64,128,1,256,512,16,64,128,1,2,512,256,32,64,8,128,512,256,32,1,8,128,512,4,256,16,32,64,2,128,512,16,4,64,256,128] .

?- helper_N3(Sq,[32,128,4,512,256],246).
false.

?- 
|    
|    
|    .

ERROR: Stream user_input:400:1 Syntax error: Unexpected end of clause
?- helper_N3(Sq,[32,4,512,128,256],244).
Sq = [4,256,128,1,2,8,4,16,32,1,2,8,4,64,16,1,2,8,128,32,4,1,2,64,128,8,4,1,16,256,2,8,4,1,512,16,2,8,4,128,256,1,16,2,32,64,4,8,1,256,32,2,4,8,512,64,1,2,4,256,512,8,1,2,32,64,128,4,1,16,32,64,8,2,128,16,32,1,8,256,64,2,4,16,128,1,512,2,4,32,16,128,8,64,1,32,512,2,16,8,64,256,1,128,2,32,512,4,64,1,16,256,2,512,4,64,16,8,32,256,2,64,1,512,16,8,32,4,256,64,1,128,16,32,256,2,4,64,128,512,1,8,16,256,128,2,64,8,512,32,4,1,16,256,512,32,2,8,128,256,512,1,4,32,128,256,2,64,512,16,32,4,128,64,8,16,256,4,128,2,512,8,16,256,32,128,4,8,512,16,256,64,32,4,512,128,256,16,32,64,2,128,512,16,4,64,256,128,32,8,512,16,64,128,1,2,512,256,32,64,1,16,512,256,128,8,4,64,512,256,1,128,32,64,512,256,8,1,32,128,512,16,2,256] .

?- helper_N3(Sq,[32,4,512,128,256],245).
Sq = [4,256,128,1,2,8,4,16,32,1,2,8,4,64,16,1,2,8,128,32,4,1,2,64,128,8,4,1,16,256,2,8,4,1,512,16,2,8,4,128,256,1,16,2,32,64,4,8,1,256,32,2,4,8,512,64,1,2,4,256,512,8,1,2,32,64,128,4,1,16,32,64,8,2,128,16,32,1,8,256,64,2,4,16,128,1,512,2,4,32,16,128,8,64,1,32,512,2,16,8,64,256,1,128,2,32,512,4,64,1,16,256,2,512,4,64,16,8,32,256,2,64,1,512,16,8,32,4,256,64,1,128,16,32,256,2,4,64,128,512,1,8,16,256,128,2,64,8,512,32,4,1,16,256,512,32,2,8,128,256,512,1,4,32,128,256,2,64,512,16,32,4,128,64,8,16,256,4,128,2,512,8,16,256,32,128,4,8,512,16,256,64,32,4,512,128,256,16,64,32,2,128,512,16,4,64,256,128,32,8,512,64,256,1,128,32,512,16,64,1,128,2,512,256,32,1,8,128,512,4,256,64,8,128,512,16,256,1,64,32,512,128,256,16,2] .

?- helper_N3(Sq,[32,4,512,128,256],246).
false.

?- 
|    
|    
|    .

ERROR: Stream user_input:415:1 Syntax error: Unexpected end of clause
?- helper_N3(Sq,[128,4,8,512,256,32,128],244).
Sq = [4,256,128,1,2,8,4,16,32,1,2,8,4,64,16,1,2,8,128,32,4,1,2,64,128,8,4,1,16,256,2,8,4,1,512,16,2,8,4,128,256,1,16,2,32,64,4,8,1,256,32,2,4,8,512,64,1,2,4,256,512,8,1,2,32,64,128,4,1,16,32,64,8,2,128,16,32,1,8,256,64,2,4,16,128,1,512,2,4,32,16,128,8,64,1,32,512,2,16,8,64,256,1,128,2,32,512,4,64,1,16,256,2,512,4,64,16,8,32,256,2,64,1,512,16,8,32,4,256,64,1,128,16,32,256,2,4,64,128,512,1,8,16,256,128,2,64,8,512,32,4,1,16,256,512,32,2,8,128,256,512,1,4,32,128,256,2,64,512,16,32,4,128,64,8,16,256,4,128,2,512,8,16,256,32,128,4,8,512,16,256,64,128,4,8,512,256,32,128,4,64,512,256,1,128,32,8,512,16,64,128,1,2,512,256,32,64,8,128,512,256,16,1,64,32,512,128,2,16,64,32,256,4,512,16,128,64,32,256,512,16,128,2,4] .

?- helper_N3(Sq,[128,4,8,512,256,32,128],245).
false.

?- 
|    
|    
|    .

ERROR: Stream user_input:427:1 Syntax error: Unexpected end of clause
?- helper_N3(Sq,[128,4,8,512,256,32],244).
Sq = [4,256,128,1,2,8,4,16,32,1,2,8,4,64,16,1,2,8,128,32,4,1,2,64,128,8,4,1,16,256,2,8,4,1,512,16,2,8,4,128,256,1,16,2,32,64,4,8,1,256,32,2,4,8,512,64,1,2,4,256,512,8,1,2,32,64,128,4,1,16,32,64,8,2,128,16,32,1,8,256,64,2,4,16,128,1,512,2,4,32,16,128,8,64,1,32,512,2,16,8,64,256,1,128,2,32,512,4,64,1,16,256,2,512,4,64,16,8,32,256,2,64,1,512,16,8,32,4,256,64,1,128,16,32,256,2,4,64,128,512,1,8,16,256,128,2,64,8,512,32,4,1,16,256,512,32,2,8,128,256,512,1,4,32,128,256,2,64,512,16,32,4,128,64,8,16,256,4,128,2,512,8,16,256,32,128,4,8,512,16,256,64,128,4,8,512,256,32,64,128,8,512,16,32,64,1,256,512,8,32,128,1,256,512,64,4,128,32,256,512,2,1,128,64,16,512,4,256,32,64,16,128,512,2,32,64,256,16,512,1,128,32,64,256] .

?- helper_N3(Sq,[128,4,8,512,256,32],245).
false.

?- 
|    
|    
|    
|    .

ERROR: Stream user_input:440:1 Syntax error: Unexpected end of clause
?- helper_N3(Sq,[128,4,8,512,256,64,32],244).
Sq = [4,256,128,1,2,8,4,16,32,1,2,8,4,64,16,1,2,8,128,32,4,1,2,64,128,8,4,1,16,256,2,8,4,1,512,16,2,8,4,128,256,1,16,2,32,64,4,8,1,256,32,2,4,8,512,64,1,2,4,256,512,8,1,2,32,64,128,4,1,16,32,64,8,2,128,16,32,1,8,256,64,2,4,16,128,1,512,2,4,32,16,128,8,64,1,32,512,2,16,8,64,256,1,128,2,32,512,4,64,1,16,256,2,512,4,64,16,8,32,256,2,64,1,512,16,8,32,4,256,64,1,128,16,32,256,2,4,64,128,512,1,8,16,256,128,2,64,8,512,32,4,1,16,256,512,32,2,8,128,256,512,1,4,32,128,256,2,64,512,16,32,4,128,64,8,16,256,4,128,2,512,8,16,256,32,128,4,8,512,16,256,64,128,4,8,512,256,64,32,16,128,2,512,64,32,256,4,16,512,64,128,32,1,256,512,64,4,128,32,256,512,2,1,128,64,16,512,8,32,128,64,256,512,1,8,32,128,256,512,16,1,64,32,256] .

?- helper_N3(Sq,[128,4,8,512,256,64,32],245).
false.

?- halt.
colman@ubuntu:~/gilad_gil/iEEEHighScore$ packet_write_wait: Connection to 193.106.55.89 port 2289: Broken pipe
h-MBP-sl-Gilad:~ GiladanoN$ ssh -lcolman 193.106.55.89 -p 2289
colman@193.106.55.89's password: 
Permission denied, please try again.
colman@193.106.55.89's password: 
Welcome to Ubuntu 16.04.4 LTS (GNU/Linux 4.4.0-116-generic ppc64le)

 * Documentation:  https://help.ubuntu.com
 * Management:     https://landscape.canonical.com
 * Support:        https://ubuntu.com/advantage
New release '18.04.2 LTS' available.
Run 'do-release-upgrade' to upgrade to it.

Last login: Wed Aug  7 11:10:08 2019 from 213.57.185.155
colman@ubuntu:~$ cd gilad_gil/iEEEHighScore/
colman@ubuntu:~/gilad_gil/iEEEHighScore$ swipl rules.pl 
Welcome to SWI-Prolog (threaded, 64 bits, version 8.1.10-59-g09a7d55)
SWI-Prolog comes with ABSOLUTELY NO WARRANTY. This is free software.
Please run ?- license. for legal details.

    CMake built from "/home/colman/gilad_gil/swipl-devel/build"

For online help and background, visit http://www.swi-prolog.org
For built-in help, use ?- help(Topic). or ?- apropos(Word).

?- set_prolog_flag(answer_write_options,[max_depth(0)]).
true.

?- helper_N3(Sq,[128,4,32,512,256,8],244).
ERROR: Unknown procedure: helper_N3/3 (DWIM could not correct goal)
?- 
|    [user].
|: aGuess192(
|:     [4,256,128,1,2,8,4,16,32,1,2,8,4,64,16,1,2,8,128,32,4,1,2,64,128,8,4,1,16,256,2,8,4,1,512,16,2,8,4,128,256,1,16,2,32,64,4,8,1,256,32,2,4,8,512,64,1,2,4,256,512,8,1,2,32,64,128,4,1,16,32,64,8,2,128,16,32,1,8,256,64,2,4,16,128,1,512,2,4,32,16,128,8,64,1,32,512,2,16,8,64,256,1,128,2,32,512,4,64,1,16,256,2,512,4,64,16,8,32,256,2,64,1,512,16,8,32,4,256,64,1,128,16,32,256,2,4,64,128,512,1,8,16,256,128,2,64,8,512,32,4,1,16,256,512,32,2,8,128,256,512,1,4,32,128,256,2,64,512,16,32,4,128,64,8,16,256,4,128,2,512,8,16,256,32,128, 4,8,512,16,256,64]
|: ).
|: 
|: multiExGoodSeq_N3(Seq,Size,Extra) :-
|:     aGuess192(Guess),
|:     %Start|_ is Seq,
|:     concatTo(Start,Guess,Extra),
|:     length(Seq,Size),
|:     concatTo(Seq,Start,_),
|:     testExGoodSeq(Seq,Size).
|: 
|: helper_N3(Seq,Ext,Size) :- multiExGoodSeq_N3(Seq,Size,Ext).
|: 
|: ^D% user://1 compiled 0.01 sec, 3 clauses
true.

?- helper_N3(Sq,[128,4,32,512,256,8],244).
Sq = [4,256,128,1,2,8,4,16,32,1,2,8,4,64,16,1,2,8,128,32,4,1,2,64,128,8,4,1,16,256,2,8,4,1,512,16,2,8,4,128,256,1,16,2,32,64,4,8,1,256,32,2,4,8,512,64,1,2,4,256,512,8,1,2,32,64,128,4,1,16,32,64,8,2,128,16,32,1,8,256,64,2,4,16,128,1,512,2,4,32,16,128,8,64,1,32,512,2,16,8,64,256,1,128,2,32,512,4,64,1,16,256,2,512,4,64,16,8,32,256,2,64,1,512,16,8,32,4,256,64,1,128,16,32,256,2,4,64,128,512,1,8,16,256,128,2,64,8,512,32,4,1,16,256,512,32,2,8,128,256,512,1,4,32,128,256,2,64,512,16,32,4,128,64,8,16,256,4,128,2,512,8,16,256,32,128,4,8,512,16,256,64,128,4,32,512,256,8,64,4,128,512,16,256,1,64,32,512,128,2,16,64,32,256,128,8,512,16,32,64,256,4,512,128,8,1,32,256,512,2,128,1,64,16,512,32,128,1,256,64,512,8,128,16] .

?- helper_N3(Sq,[128,4,32,512,256,8],245).
false.

?- 
|    
|    .

ERROR: Stream user_input:41:1 Syntax error: Unexpected end of clause
?- helper_N3(Sq,[128,32,8,512,16,64,128],244).
Sq = [4,256,128,1,2,8,4,16,32,1,2,8,4,64,16,1,2,8,128,32,4,1,2,64,128,8,4,1,16,256,2,8,4,1,512,16,2,8,4,128,256,1,16,2,32,64,4,8,1,256,32,2,4,8,512,64,1,2,4,256,512,8,1,2,32,64,128,4,1,16,32,64,8,2,128,16,32,1,8,256,64,2,4,16,128,1,512,2,4,32,16,128,8,64,1,32,512,2,16,8,64,256,1,128,2,32,512,4,64,1,16,256,2,512,4,64,16,8,32,256,2,64,1,512,16,8,32,4,256,64,1,128,16,32,256,2,4,64,128,512,1,8,16,256,128,2,64,8,512,32,4,1,16,256,512,32,2,8,128,256,512,1,4,32,128,256,2,64,512,16,32,4,128,64,8,16,256,4,128,2,512,8,16,256,32,128,4,8,512,16,256,64,128,32,8,512,16,64,128,1,2,512,256,32,64,16,2,128,512,32,64,1,16,256,512,128,8,32,1,256,512,64,8,128,4,256,512,32,64,128,4,256,16,512,32,128,1,256,64,512,4,16,128,2] .

?- helper_N3(Sq,[128,32,8,512,16,64,128],245).
Sq = [4,256,128,1,2,8,4,16,32,1,2,8,4,64,16,1,2,8,128,32,4,1,2,64,128,8,4,1,16,256,2,8,4,1,512,16,2,8,4,128,256,1,16,2,32,64,4,8,1,256,32,2,4,8,512,64,1,2,4,256,512,8,1,2,32,64,128,4,1,16,32,64,8,2,128,16,32,1,8,256,64,2,4,16,128,1,512,2,4,32,16,128,8,64,1,32,512,2,16,8,64,256,1,128,2,32,512,4,64,1,16,256,2,512,4,64,16,8,32,256,2,64,1,512,16,8,32,4,256,64,1,128,16,32,256,2,4,64,128,512,1,8,16,256,128,2,64,8,512,32,4,1,16,256,512,32,2,8,128,256,512,1,4,32,128,256,2,64,512,16,32,4,128,64,8,16,256,4,128,2,512,8,16,256,32,128,4,8,512,16,256,64,128,32,8,512,16,64,128,1,2,512,256,32,128,4,64,512,256,1,8,32,128,512,256,64,1,16,32,512,128,2,64,16,32,256,4,512,8,128,64,256,4,16,512,128,64,32,1,256,512,128,16,2,4] .

?- helper_N3(Sq,[128,32,8,512,16,64,128],246).
false.

?- 
|    
|    
|    
|    .

ERROR: Stream user_input:57:1 Syntax error: Unexpected end of clause
?- 
|    helper_N3(Sq,[128,32,4,512],244).
 Sq = [4,256,128,1,2,8,4,16,32,1,2,8,4,64,16,1,2,8,128,32,4,1,2,64,128,8,4,1,16,256,2,8,4,1,512,16,2,8,4,128,256,1,16,2,32,64,4,8,1,256,32,2,4,8,512,64,1,2,4,256,512,8,1,2,32,64,128,4,1,16,32,64,8,2,128,16,32,1,8,256,64,2,4,16,128,1,512,2,4,32,16,128,8,64,1,32,512,2,16,8,64,256,1,128,2,32,512,4,64,1,16,256,2,512,4,64,16,8,32,256,2,64,1,512,16,8,32,4,256,64,1,128,16,32,256,2,4,64,128,512,1,8,16,256,128,2,64,8,512,32,4,1,16,256,512,32,2,8,128,256,512,1,4,32,128,256,2,64,512,16,32,4,128,64,8,16,256,4,128,2,512,8,16,256,32,128,4,8,512,16,256,64,128,32,4,512,256,16,64,32,1,512,128,256,64,32,8,512,128,16,64,4,256,32,512,2,128,64,1,16,512,256,128,8,32,1,512,256,64,4,128,8,512,256,64,2,32,16,128,512,256,2,1,32] ;
Sq = [4,256,128,1,2,8,4,16,32,1,2,8,4,64,16,1,2,8,128,32,4,1,2,64,128,8,4,1,16,256,2,8,4,1,512,16,2,8,4,128,256,1,16,2,32,64,4,8,1,256,32,2,4,8,512,64,1,2,4,256,512,8,1,2,32,64,128,4,1,16,32,64,8,2,128,16,32,1,8,256,64,2,4,16,128,1,512,2,4,32,16,128,8,64,1,32,512,2,16,8,64,256,1,128,2,32,512,4,64,1,16,256,2,512,4,64,16,8,32,256,2,64,1,512,16,8,32,4,256,64,1,128,16,32,256,2,4,64,128,512,1,8,16,256,128,2,64,8,512,32,4,1,16,256,512,32,2,8,128,256,512,1,4,32,128,256,2,64,512,16,32,4,128,64,8,16,256,4,128,2,512,8,16,256,32,128,4,8,512,16,256,64,128,32,4,512,256,64,16,32,1,512,128,64,256,4,8,512,128,64,16,4,256,32,512,2,128,64,1,16,512,256,128,32,8,1,512,256,64,32,2,16,128,512,256,8,64,32,128,512,256,1,2,32] .

?- helper_N3(Sq,[128,32,4,512],245).
false.

?- 
|    
|    
|    .

ERROR: Stream user_input:71:1 Syntax error: Unexpected end of clause
?- 
|    helper_N3(Sq,[128,32],244).
Sq = [4,256,128,1,2,8,4,16,32,1,2,8,4,64,16,1,2,8,128,32,4,1,2,64,128,8,4,1,16,256,2,8,4,1,512,16,2,8,4,128,256,1,16,2,32,64,4,8,1,256,32,2,4,8,512,64,1,2,4,256,512,8,1,2,32,64,128,4,1,16,32,64,8,2,128,16,32,1,8,256,64,2,4,16,128,1,512,2,4,32,16,128,8,64,1,32,512,2,16,8,64,256,1,128,2,32,512,4,64,1,16,256,2,512,4,64,16,8,32,256,2,64,1,512,16,8,32,4,256,64,1,128,16,32,256,2,4,64,128,512,1,8,16,256,128,2,64,8,512,32,4,1,16,256,512,32,2,8,128,256,512,1,4,32,128,256,2,64,512,16,32,4,128,64,8,16,256,4,128,2,512,8,16,256,32,128,4,8,512,16,256,64,128,32,1,512,256,64,4,16,128,512,2,32,64,256,16,1,512,128,64,256,32,8,512,128,64,4,32,256,16,512,128,8,64,256,4,512,128,8,1,32,256,512,2,128,16,64,32,512,256,4,128,16] .

?- helper_N3(Sq,[128,32],245).
Sq = [4,256,128,1,2,8,4,16,32,1,2,8,4,64,16,1,2,8,128,32,4,1,2,64,128,8,4,1,16,256,2,8,4,1,512,16,2,8,4,128,256,1,16,2,32,64,4,8,1,256,32,2,4,8,512,64,1,2,4,256,512,8,1,2,32,64,128,4,1,16,32,64,8,2,128,16,32,1,8,256,64,2,4,16,128,1,512,2,4,32,16,128,8,64,1,32,512,2,16,8,64,256,1,128,2,32,512,4,64,1,16,256,2,512,4,64,16,8,32,256,2,64,1,512,16,8,32,4,256,64,1,128,16,32,256,2,4,64,128,512,1,8,16,256,128,2,64,8,512,32,4,1,16,256,512,32,2,8,128,256,512,1,4,32,128,256,2,64,512,16,32,4,128,64,8,16,256,4,128,2,512,8,16,256,32,128,4,8,512,16,256,64,128,32,8,512,16,64,128,1,2,512,256,32,128,4,64,512,256,1,8,32,128,512,256,64,1,16,32,512,128,2,64,16,32,256,4,512,8,128,64,256,4,16,512,128,64,32,1,256,512,128,16,2,4] .

?- helper_N3(Sq,[128,32],246).
false.

?- 
|    
|    
|    .

ERROR: Stream user_input:87:1 Syntax error: Unexpected end of clause
?- 
|    helper_N3(Sq,[128,4,8,512,256],244).
Sq = [4,256,128,1,2,8,4,16,32,1,2,8,4,64,16,1,2,8,128,32,4,1,2,64,128,8,4,1,16,256,2,8,4,1,512,16,2,8,4,128,256,1,16,2,32,64,4,8,1,256,32,2,4,8,512,64,1,2,4,256,512,8,1,2,32,64,128,4,1,16,32,64,8,2,128,16,32,1,8,256,64,2,4,16,128,1,512,2,4,32,16,128,8,64,1,32,512,2,16,8,64,256,1,128,2,32,512,4,64,1,16,256,2,512,4,64,16,8,32,256,2,64,1,512,16,8,32,4,256,64,1,128,16,32,256,2,4,64,128,512,1,8,16,256,128,2,64,8,512,32,4,1,16,256,512,32,2,8,128,256,512,1,4,32,128,256,2,64,512,16,32,4,128,64,8,16,256,4,128,2,512,8,16,256,32,128,4,8,512,16,256,64,128,4,8,512,256,32,64,128,8,512,16,32,64,1,256,512,8,32,128,1,256,512,64,4,128,32,256,512,2,1,128,64,16,512,4,256,32,64,16,128,512,2,32,64,256,16,512,1,128,32,64,256] .

?- helper_N3(Sq,[128,4,8,512,256],245).
false.

?- 
|    
|    
|    .

ERROR: Stream user_input:100:1 Syntax error: Unexpected end of clause
?- 
|    helper_N3(Sq,[128,4],244).
Sq = [4,256,128,1,2,8,4,16,32,1,2,8,4,64,16,1,2,8,128,32,4,1,2,64,128,8,4,1,16,256,2,8,4,1,512,16,2,8,4,128,256,1,16,2,32,64,4,8,1,256,32,2,4,8,512,64,1,2,4,256,512,8,1,2,32,64,128,4,1,16,32,64,8,2,128,16,32,1,8,256,64,2,4,16,128,1,512,2,4,32,16,128,8,64,1,32,512,2,16,8,64,256,1,128,2,32,512,4,64,1,16,256,2,512,4,64,16,8,32,256,2,64,1,512,16,8,32,4,256,64,1,128,16,32,256,2,4,64,128,512,1,8,16,256,128,2,64,8,512,32,4,1,16,256,512,32,2,8,128,256,512,1,4,32,128,256,2,64,512,16,32,4,128,64,8,16,256,4,128,2,512,8,16,256,32,128,4,8,512,16,256,64,128,4,8,512,256,32,64,128,8,512,16,32,64,1,256,512,8,32,128,1,256,512,64,4,128,32,256,512,2,1,128,64,16,512,4,256,32,64,16,128,512,2,32,64,256,16,512,1,128,32,64,256] .

?- helper_N3(Sq,[128,4],245).
false.

?- 
|    
|    
|    .

ERROR: Stream user_input:113:1 Syntax error: Unexpected end of clause
?- 
|    helper_N3(Sq,[32,128],244).
Sq = [4,256,128,1,2,8,4,16,32,1,2,8,4,64,16,1,2,8,128,32,4,1,2,64,128,8,4,1,16,256,2,8,4,1,512,16,2,8,4,128,256,1,16,2,32,64,4,8,1,256,32,2,4,8,512,64,1,2,4,256,512,8,1,2,32,64,128,4,1,16,32,64,8,2,128,16,32,1,8,256,64,2,4,16,128,1,512,2,4,32,16,128,8,64,1,32,512,2,16,8,64,256,1,128,2,32,512,4,64,1,16,256,2,512,4,64,16,8,32,256,2,64,1,512,16,8,32,4,256,64,1,128,16,32,256,2,4,64,128,512,1,8,16,256,128,2,64,8,512,32,4,1,16,256,512,32,2,8,128,256,512,1,4,32,128,256,2,64,512,16,32,4,128,64,8,16,256,4,128,2,512,8,16,256,32,128,4,8,512,16,256,64,32,128,1,512,16,256,64,128,4,8,512,256,32,64,128,8,512,16,32,64,1,256,512,8,32,128,1,256,512,64,4,128,32,256,512,2,1,128,64,16,512,4,256,32,64,16,2,128,512,32,64,16] .

?- helper_N3(Sq,[32,128],245).
Sq = [4,256,128,1,2,8,4,16,32,1,2,8,4,64,16,1,2,8,128,32,4,1,2,64,128,8,4,1,16,256,2,8,4,1,512,16,2,8,4,128,256,1,16,2,32,64,4,8,1,256,32,2,4,8,512,64,1,2,4,256,512,8,1,2,32,64,128,4,1,16,32,64,8,2,128,16,32,1,8,256,64,2,4,16,128,1,512,2,4,32,16,128,8,64,1,32,512,2,16,8,64,256,1,128,2,32,512,4,64,1,16,256,2,512,4,64,16,8,32,256,2,64,1,512,16,8,32,4,256,64,1,128,16,32,256,2,4,64,128,512,1,8,16,256,128,2,64,8,512,32,4,1,16,256,512,32,2,8,128,256,512,1,4,32,128,256,2,64,512,16,32,4,128,64,8,16,256,4,128,2,512,8,16,256,32,128,4,8,512,16,256,64,32,128,4,512,256,64,1,32,16,512,128,64,8,4,256,512,32,64,128,1,256,512,16,64,128,1,2,512,256,32,64,8,128,512,256,32,1,8,128,512,4,256,16,32,64,2,128,512,16,4,64,256,128] .

?- helper_N3(Sq,[32,128],246).
false.

?- 
|    
|    .

ERROR: Stream user_input:128:1 Syntax error: Unexpected end of clause
?- 
|    helper_N3(Sq,[32,4],244).
Sq = [4,256,128,1,2,8,4,16,32,1,2,8,4,64,16,1,2,8,128,32,4,1,2,64,128,8,4,1,16,256,2,8,4,1,512,16,2,8,4,128,256,1,16,2,32,64,4,8,1,256,32,2,4,8,512,64,1,2,4,256,512,8,1,2,32,64,128,4,1,16,32,64,8,2,128,16,32,1,8,256,64,2,4,16,128,1,512,2,4,32,16,128,8,64,1,32,512,2,16,8,64,256,1,128,2,32,512,4,64,1,16,256,2,512,4,64,16,8,32,256,2,64,1,512,16,8,32,4,256,64,1,128,16,32,256,2,4,64,128,512,1,8,16,256,128,2,64,8,512,32,4,1,16,256,512,32,2,8,128,256,512,1,4,32,128,256,2,64,512,16,32,4,128,64,8,16,256,4,128,2,512,8,16,256,32,128,4,8,512,16,256,64,32,4,128,512,256,16,1,64,32,512,256,4,16,64,128,512,256,32,8,1,128,512,2,64,32,256,16,128,512,8,64,256,32,128,1,512,64,256,4,128,8,512,64,32,16,128,2,512,256,32,4,8] .

?- helper_N3(Sq,[32,4],245).
Sq = [4,256,128,1,2,8,4,16,32,1,2,8,4,64,16,1,2,8,128,32,4,1,2,64,128,8,4,1,16,256,2,8,4,1,512,16,2,8,4,128,256,1,16,2,32,64,4,8,1,256,32,2,4,8,512,64,1,2,4,256,512,8,1,2,32,64,128,4,1,16,32,64,8,2,128,16,32,1,8,256,64,2,4,16,128,1,512,2,4,32,16,128,8,64,1,32,512,2,16,8,64,256,1,128,2,32,512,4,64,1,16,256,2,512,4,64,16,8,32,256,2,64,1,512,16,8,32,4,256,64,1,128,16,32,256,2,4,64,128,512,1,8,16,256,128,2,64,8,512,32,4,1,16,256,512,32,2,8,128,256,512,1,4,32,128,256,2,64,512,16,32,4,128,64,8,16,256,4,128,2,512,8,16,256,32,128,4,8,512,16,256,64,32,4,512,128,256,16,64,32,2,128,512,16,4,64,256,128,32,8,512,64,256,1,128,32,512,16,64,1,128,2,512,256,32,1,8,128,512,4,256,64,8,128,512,16,256,1,64,32,512,128,256,16,2] .

?- helper_N3(Sq,[32,4],246).
false.

?- helper_N3(Sq,[32],244).
Sq = [4,256,128,1,2,8,4,16,32,1,2,8,4,64,16,1,2,8,128,32,4,1,2,64,128,8,4,1,16,256,2,8,4,1,512,16,2,8,4,128,256,1,16,2,32,64,4,8,1,256,32,2,4,8,512,64,1,2,4,256,512,8,1,2,32,64,128,4,1,16,32,64,8,2,128,16,32,1,8,256,64,2,4,16,128,1,512,2,4,32,16,128,8,64,1,32,512,2,16,8,64,256,1,128,2,32,512,4,64,1,16,256,2,512,4,64,16,8,32,256,2,64,1,512,16,8,32,4,256,64,1,128,16,32,256,2,4,64,128,512,1,8,16,256,128,2,64,8,512,32,4,1,16,256,512,32,2,8,128,256,512,1,4,32,128,256,2,64,512,16,32,4,128,64,8,16,256,4,128,2,512,8,16,256,32,128,4,8,512,16,256,64,32,2,512,128,16,64,32,256,4,512,16,64,128,1,2,512,256,32,128,4,64,512,256,1,8,32,128,512,256,1,64,32,16,512,8,128,64,32,256,512,8,4,128,64,256,16,512,1,128,32,64,256] .

?- helper_N3(Sq,[32],245).
Sq = [4,256,128,1,2,8,4,16,32,1,2,8,4,64,16,1,2,8,128,32,4,1,2,64,128,8,4,1,16,256,2,8,4,1,512,16,2,8,4,128,256,1,16,2,32,64,4,8,1,256,32,2,4,8,512,64,1,2,4,256,512,8,1,2,32,64,128,4,1,16,32,64,8,2,128,16,32,1,8,256,64,2,4,16,128,1,512,2,4,32,16,128,8,64,1,32,512,2,16,8,64,256,1,128,2,32,512,4,64,1,16,256,2,512,4,64,16,8,32,256,2,64,1,512,16,8,32,4,256,64,1,128,16,32,256,2,4,64,128,512,1,8,16,256,128,2,64,8,512,32,4,1,16,256,512,32,2,8,128,256,512,1,4,32,128,256,2,64,512,16,32,4,128,64,8,16,256,4,128,2,512,8,16,256,32,128,4,8,512,16,256,64,32,4,512,128,256,16,64,32,2,128,512,16,4,64,256,128,32,8,512,64,256,1,128,32,512,16,64,1,128,2,512,256,32,1,8,128,512,4,256,64,8,128,512,16,256,1,64,32,512,128,256,16,2] .

?- helper_N3(Sq,[32],246).
false.

?- helper_N3(Sq,[128],244).
Sq = [4,256,128,1,2,8,4,16,32,1,2,8,4,64,16,1,2,8,128,32,4,1,2,64,128,8,4,1,16,256,2,8,4,1,512,16,2,8,4,128,256,1,16,2,32,64,4,8,1,256,32,2,4,8,512,64,1,2,4,256,512,8,1,2,32,64,128,4,1,16,32,64,8,2,128,16,32,1,8,256,64,2,4,16,128,1,512,2,4,32,16,128,8,64,1,32,512,2,16,8,64,256,1,128,2,32,512,4,64,1,16,256,2,512,4,64,16,8,32,256,2,64,1,512,16,8,32,4,256,64,1,128,16,32,256,2,4,64,128,512,1,8,16,256,128,2,64,8,512,32,4,1,16,256,512,32,2,8,128,256,512,1,4,32,128,256,2,64,512,16,32,4,128,64,8,16,256,4,128,2,512,8,16,256,32,128,4,8,512,16,256,64,128,4,8,512,256,32,64,128,8,512,16,32,64,1,256,512,8,32,128,1,256,512,64,4,128,32,256,512,2,1,128,64,16,512,4,256,32,64,16,128,512,2,32,64,256,16,512,1,128,32,64,256] .

?- helper_N3(Sq,[128],245).
Sq = [4,256,128,1,2,8,4,16,32,1,2,8,4,64,16,1,2,8,128,32,4,1,2,64,128,8,4,1,16,256,2,8,4,1,512,16,2,8,4,128,256,1,16,2,32,64,4,8,1,256,32,2,4,8,512,64,1,2,4,256,512,8,1,2,32,64,128,4,1,16,32,64,8,2,128,16,32,1,8,256,64,2,4,16,128,1,512,2,4,32,16,128,8,64,1,32,512,2,16,8,64,256,1,128,2,32,512,4,64,1,16,256,2,512,4,64,16,8,32,256,2,64,1,512,16,8,32,4,256,64,1,128,16,32,256,2,4,64,128,512,1,8,16,256,128,2,64,8,512,32,4,1,16,256,512,32,2,8,128,256,512,1,4,32,128,256,2,64,512,16,32,4,128,64,8,16,256,4,128,2,512,8,16,256,32,128,4,8,512,16,256,64,128,32,8,512,16,64,128,1,2,512,256,32,128,4,64,512,256,1,8,32,128,512,256,64,1,16,32,512,128,2,64,16,32,256,4,512,8,128,64,256,4,16,512,128,64,32,1,256,512,128,16,2,4] .

?- helper_N3(Sq,[128],246).
false.

?- runMain_N3(Seq,200).
Seq = [1,4,64,2,8,16,1,4,32,2,8,16,1,128,4,2,8,16,256,1,4,2,8,512,16,1,4,2,64,32,8,1,4,128,64,2,8,1,256,32,4,2,8,128,256,1,4,2,64,512,8,1,4,256,64,16,2,1,32,128,4,16,2,64,32,8,128,1,2,512,4,32,8,16,64,1,4,32,128,256,2,1,16,32,512,4,2,64,128,32,1,16,8,256,64,2,4,512,16,128,1,2,64,256,32,4,1,512,8,128,16,2,32,64,256,8,1,128,16,64,4,8,256,32,16,2,128,512,64,1,4,256,128,16,2,8,64,512,32,1,16,128,256,64,2,8,512,128,4,16,32,64,256,1,128,512,2,32,4,256,16,1,512,2,64,32,128,256,4,8,16,512,64,32,4,8,128,512,64,16,4,256,128,32,512,1,8,256,128,32,2,512,8,16,256,32,64,128,8,16].

?- runMain_N3(Seq,220).
Seq = [1,16,512,2,4,8,1,16,32,2,4,8,1,64,16,2,4,8,128,1,16,2,4,256,8,1,16,2,512,32,4,1,8,64,128,2,4,1,32,64,16,2,4,128,32,8,1,2,64,256,4,8,1,128,512,2,4,8,32,64,16,1,128,2,32,64,4,256,1,16,32,8,128,2,64,16,32,8,128,4,64,16,1,512,2,128,32,4,256,1,2,128,64,512,4,1,8,256,32,2,4,512,64,1,32,2,256,16,4,64,8,512,2,1,32,256,128,8,2,16,512,32,64,1,8,128,16,256,4,1,512,32,16,8,4,256,512,2,16,8,64,256,1,32,16,128,4,64,256,1,512,8,16,64,32,256,2,8,512,64,32,4,16,256,128,2,32,64,512,256,1,16,128,64,512,2,256,1,8,128,64,512,4,32,256,8,64,128,16,512,4,2,64,256,128,8,512,1,32,256,128,64,16,512,32,256,4,128,8,512,16,32,256,128,8,512,16,1,4,128].

?- runMain_N3(Seq,240).
Seq = [4,256,128,1,2,8,4,16,32,1,2,8,4,64,16,1,2,8,128,32,4,1,2,64,128,8,4,1,16,256,2,8,4,1,512,16,2,8,4,128,256,1,16,2,32,64,4,8,1,256,32,2,4,8,512,64,1,2,4,256,512,8,1,2,32,64,128,4,1,16,32,64,8,2,128,16,32,1,8,256,64,2,4,16,128,1,512,2,4,32,16,128,8,64,1,32,512,2,16,8,64,256,1,128,2,32,512,4,64,1,16,256,2,512,4,64,16,8,32,256,2,64,1,512,16,8,32,4,256,64,1,128,16,32,256,2,4,64,128,512,1,8,16,256,128,2,64,8,512,32,4,1,16,256,512,32,2,8,128,256,512,1,4,32,128,256,2,64,512,16,32,4,128,64,8,16,256,4,128,2,512,8,16,256,32,128,4,8,512,16,256,64,1,32,128,512,8,64,4,256,128,16,512,32,64,8,256,128,512,4,32,64,256,16,512,128,8,32,256,1,512,2,128,64,16,1,512,32,128,256,64,4,512,16,128,2,32,64,512,256].

?- runMain_N3(Seq,245).
^Z
[1]+  Stopped                 swipl rules.pl
colman@ubuntu:~/gilad_gil/iEEEHighScore$ fg
swipl rules.pl
^CAction (h for help) ? exit (status 4)
colman@ubuntu:~/gilad_gil/iEEEHighScore$ 
colman@ubuntu:~/gilad_gil/iEEEHighScore$ 
colman@ubuntu:~/gilad_gil/iEEEHighScore$ swipl rules.pl 
Welcome to SWI-Prolog (threaded, 64 bits, version 8.1.10-59-g09a7d55)
SWI-Prolog comes with ABSOLUTELY NO WARRANTY. This is free software.
Please run ?- license. for legal details.

    CMake built from "/home/colman/gilad_gil/swipl-devel/build"

For online help and background, visit http://www.swi-prolog.org
For built-in help, use ?- help(Topic). or ?- apropos(Word).

?- set_prolog_flag(answer_write_options,[max_depth(0)]).
true.

?- runMain_N3([1|Seq],240).
^CAction (h for help) ? exit (status 4)
colman@ubuntu:~/gilad_gil/iEEEHighScore$ 
colman@ubuntu:~/gilad_gil/iEEEHighScore$ swipl rules.pl 
Welcome to SWI-Prolog (threaded, 64 bits, version 8.1.10-59-g09a7d55)
SWI-Prolog comes with ABSOLUTELY NO WARRANTY. This is free software.
Please run ?- license. for legal details.

    CMake built from "/home/colman/gilad_gil/swipl-devel/build"

For online help and background, visit http://www.swi-prolog.org
For built-in help, use ?- help(Topic). or ?- apropos(Word).

?- set_prolog_flag(answer_write_options,[max_depth(0)]).
true.

?- runMain_N3([1|Seq],220).
Seq = [2,512,4,8,16,1,2,32,4,8,16,1,64,2,4,8,16,128,1,2,4,8,256,16,1,2,4,512,32,8,1,2,64,128,4,8,1,32,64,16,2,4,128,32,1,16,2,256,64,4,1,8,512,128,2,4,1,256,32,8,2,4,64,256,32,1,2,128,8,256,4,1,512,2,64,8,16,32,4,128,64,1,16,2,512,8,32,64,1,128,2,256,16,4,32,1,64,2,512,128,4,16,1,256,64,8,2,16,128,32,64,1,256,8,128,16,2,512,1,32,128,4,256,2,64,512,8,4,16,32,256,64,1,512,4,16,32,128,256,1,8,512,16,32,64,2,256,8,128,32,4,2,64,512,16,128,1,8,32,512,256,2,16,128,32,512,1,64,4,128,256,8,16,32,64,128,256,2,512,4,32,128,8,64,256,16,4,128,512,8,64,1,16,128,256,512,8,4,32,64,256,512,8,128,2,32,64,512,256,128,4,32,64,512,16,1,256,32,8].

?- runMain_N3([1|Seq],230).
Seq = [512,16,2,4,8,1,32,16,2,4,8,64,1,16,2,4,128,8,1,16,2,256,4,8,1,16,512,2,32,4,1,64,8,128,2,4,32,1,256,8,2,64,4,32,16,1,128,2,64,4,16,256,1,32,2,64,8,16,128,1,32,64,2,16,128,256,1,4,2,64,512,8,1,4,32,128,64,2,8,256,16,32,1,64,8,128,256,4,1,32,64,512,2,4,16,128,32,8,2,1,512,4,128,8,2,256,1,512,4,16,32,8,64,128,4,16,1,512,64,2,128,4,256,16,8,32,64,512,1,16,8,128,256,2,32,1,512,128,4,64,16,32,256,2,4,8,512,32,64,2,128,256,1,512,8,16,32,128,256,1,64,16,512,128,2,32,4,256,64,8,1,512,128,2,16,256,32,512,1,64,128,256,4,16,32,512,64,2,256,1,16,512,128,32,4,8,256,512,1,32,128,8,256,64,16,512,2,8,32,256,64,512,4,128,32,256,64,512,16,4,8,256,64,512,128,16,32,256,64].

?- runMain_N3([1|Seq],235).
Seq = [16,512,2,4,8,1,16,32,2,4,8,1,64,16,2,4,8,128,1,16,2,4,256,8,1,16,2,512,32,4,1,8,64,128,2,4,1,32,64,16,2,4,128,32,8,1,2,64,256,4,8,1,128,512,2,4,8,32,64,16,1,128,2,32,64,4,256,1,16,32,8,128,2,64,16,32,8,128,4,64,16,1,512,2,128,32,4,256,1,2,128,64,512,4,1,8,256,32,2,4,512,64,1,32,2,256,16,4,64,8,512,2,1,32,256,128,8,2,16,512,32,64,1,8,128,16,256,4,1,512,32,16,8,4,256,512,2,16,8,64,256,1,32,16,128,4,64,256,1,512,8,16,64,32,256,2,8,512,64,32,4,16,256,128,2,32,64,512,256,1,16,128,64,512,2,256,1,8,128,64,512,4,32,256,8,64,128,16,512,4,2,64,256,128,8,512,1,32,256,128,64,16,512,32,256,128,8,16,512,4,1,128,32,64,512,8,256,4,128,32,512,16,1,256,2,128,512,8,32,16,256,2,512,64].

?- runMain_N3([1|Seq],238).
Seq = [16,512,2,4,8,1,16,32,2,4,8,1,64,16,2,4,8,128,1,16,2,4,256,8,1,16,2,512,32,4,1,8,64,128,2,4,1,32,64,16,2,4,128,32,8,1,2,64,256,4,8,1,128,512,2,4,8,32,64,16,1,128,2,32,64,4,256,1,16,32,8,128,2,64,16,32,8,128,4,64,16,1,512,2,128,32,4,256,1,2,128,64,512,4,1,8,256,32,2,4,512,64,1,32,2,256,16,4,64,8,512,2,1,32,256,128,8,2,16,512,32,64,1,8,128,16,256,4,1,512,32,16,8,4,256,512,2,16,8,64,256,1,32,16,128,4,64,256,1,512,8,16,64,32,256,2,8,512,64,32,4,16,256,128,2,32,64,512,256,1,16,128,64,512,2,256,1,8,128,64,512,4,32,256,8,64,128,16,512,4,32,256,128,64,16,512,32,256,128,8,16,512,4,1,128,32,64,512,8,256,16,32,2,512,128,8,64,256,4,512,128,2,16,256,1,512,32,8,128,4,256,2,64,512,16,4,256].

?- runMain_N3([1|R],240).

