Last login: Fri Aug  9 13:37:56 on ttys019
h-MBP-sl-Gilad:~ GiladanoN$ ssh -lcolman 193.106.55.89 -p 2289
colman@193.106.55.89's password: 
Permission denied, please try again.
colman@193.106.55.89's password: 
Welcome to Ubuntu 16.04.4 LTS (GNU/Linux 4.4.0-116-generic ppc64le)

 * Documentation:  https://help.ubuntu.com
 * Management:     https://landscape.canonical.com
 * Support:        https://ubuntu.com/advantage
Last login: Fri Aug  9 11:23:08 2019 from 213.57.185.155
colman@ubuntu:~$ cd gilad_gil/iEEEHighScore/prolog/
colman@ubuntu:~/gilad_gil/iEEEHighScore/prolog$ swipl main_guess5over.pl 
Welcome to SWI-Prolog (threaded, 64 bits, version 8.1.10-59-g09a7d55)
SWI-Prolog comes with ABSOLUTELY NO WARRANTY. This is free software.
Please run ?- license. for legal details.

    CMake built from "/home/colman/gilad_gil/swipl-devel/build"

For online help and background, visit http://www.swi-prolog.org
For built-in help, use ?- help(Topic). or ?- apropos(Word).

?- [user].
|: myMain(Guess,Depth,Seq,Size) :-mainMulti_Guess5Over(Seq,Size,Guess,Depth).
|: ^D% user://1 compiled 0.00 sec, 1 clauses
true.

?- myMain([4,256,128,1,2,8,4,16,32,1,2,8,4,64,16,1,2,8,128,32,4,1,2,64,128,8,4,1,16,256,2,8,4,1,512,16,2,8,4,128,256,1,16,2,32,64,4,8,1,256,32,2,4,8,512,64,1,2,4,256,512,8,1,2,32,64,128,4,1,16,32,64,8,2,128,16,32,1,8,256,64,2,4,16,128,1,512,2,4,32,16,128,8,64,1,32,512,2,16,8,64,256,1,128,2,32,512,4,64,1,16,256,2,512,4,64,16,8,32,256,2,64,1,512,16,8,32,4,256,64,1,128,16,32,256,2,4,64,128,512,1,8,16,256,128,2,64,8,512,32,4,1,16,256,512,32,2,8,128,256,512,1,4,32,128,256,2,64,512,16,32,4,128,64,8,16,256,4,128,32,8,512,64,16,128,2,32,512,64,256,4,16,128,512,8,256,64,32,128,4,512,256,64,1,32,16,512,128,64,4,8,256,512,16,64,128,1,2,512,256,32,128,64,1,512,256,16,128,32,8,512,256,4,128,2,16,512,8,256,32,1,128,512,8,2,4],1,Seq,247).
false.

?- myMain([4,256,128,1,2,8,4,16,32,1,2,8,4,64,16,1,2,8,128,32,4,1,2,64,128,8,4,1,16,256,2,8,4,1,512,16,2,8,4,128,256,1,16,2,32,64,4,8,1,256,32,2,4,8,512,64,1,2,4,256,512,8,1,2,32,64,128,4,1,16,32,64,8,2,128,16,32,1,8,256,64,2,4,16,128,1,512,2,4,32,16,128,8,64,1,32,512,2,16,8,64,256,1,128,2,32,512,4,64,1,16,256,2,512,4,64,16,8,32,256,2,64,1,512,16,8,32,4,256,64,1,128,16,32,256,2,4,64,128,512,1,8,16,256,128,2,64,8,512,32,4,1,16,256,512,32,2,8,128,256,512,1,4,32,128,256,2,64,512,16,32,4,128,64,8,16,256,4,128,32,8,512,64,16,128,2,32,512,64,256,4,16,128,512,8,256,64,32,128,4,512,256,64,1,32,16,512,128,64,4,8,256,512,16,64,128,1,2,512,256,32,128,64,1,512,256,16,128,32,8,512,256,4,128,2,16,512,8,256,32,1,128,512,8,2],1,Seq,247).
false.

?- myMain([4,256,128,1,2,8,4,16,32,1,2,8,4,64,16,1,2,8,128,32,4,1,2,64,128,8,4,1,16,256,2,8,4,1,512,16,2,8,4,128,256,1,16,2,32,64,4,8,1,256,32,2,4,8,512,64,1,2,4,256,512,8,1,2,32,64,128,4,1,16,32,64,8,2,128,16,32,1,8,256,64,2,4,16,128,1,512,2,4,32,16,128,8,64,1,32,512,2,16,8,64,256,1,128,2,32,512,4,64,1,16,256,2,512,4,64,16,8,32,256,2,64,1,512,16,8,32,4,256,64,1,128,16,32,256,2,4,64,128,512,1,8,16,256,128,2,64,8,512,32,4,1,16,256,512,32,2,8,128,256,512,1,4,32,128,256,2,64,512,16,32,4,128,64,8,16,256,4,128,32,8,512,64,16,128,2,32,512,64,256,4,16,128,512,8,256,64,32,128,4,512,256,64,1,32,16,512,128,64,4,8,256,512,16,64,128,1,2,512,256,32,128,64,1,512,256,16,128,32,8,512,256,4,128,2,16,512,8,256,32,1,128,512,8],1,Seq,247).
false.

?- myMain([4,256,128,1,2,8,4,16,32,1,2,8,4,64,16,1,2,8,128,32,4,1,2,64,128,8,4,1,16,256,2,8,4,1,512,16,2,8,4,128,256,1,16,2,32,64,4,8,1,256,32,2,4,8,512,64,1,2,4,256,512,8,1,2,32,64,128,4,1,16,32,64,8,2,128,16,32,1,8,256,64,2,4,16,128,1,512,2,4,32,16,128,8,64,1,32,512,2,16,8,64,256,1,128,2,32,512,4,64,1,16,256,2,512,4,64,16,8,32,256,2,64,1,512,16,8,32,4,256,64,1,128,16,32,256,2,4,64,128,512,1,8,16,256,128,2,64,8,512,32,4,1,16,256,512,32,2,8,128,256,512,1,4,32,128,256,2,64,512,16,32,4,128,64,8,16,256,4,128,32,8,512,64,16,128,2,32,512,64,256,4,16,128,512,8,256,64,32,128,4,512,256,64,1,32,16,512,128,64,4,8,256,512,16,64,128,1,2,512,256,32,128,64,1,512,256,16,128,32,8,512,256,4,128,2,16,512,8,256,32,1,128,512],1,Seq,247).
false.

?- myMain([4,256,128,1,2,8,4,16,32,1,2,8,4,64,16,1,2,8,128,32,4,1,2,64,128,8,4,1,16,256,2,8,4,1,512,16,2,8,4,128,256,1,16,2,32,64,4,8,1,256,32,2,4,8,512,64,1,2,4,256,512,8,1,2,32,64,128,4,1,16,32,64,8,2,128,16,32,1,8,256,64,2,4,16,128,1,512,2,4,32,16,128,8,64,1,32,512,2,16,8,64,256,1,128,2,32,512,4,64,1,16,256,2,512,4,64,16,8,32,256,2,64,1,512,16,8,32,4,256,64,1,128,16,32,256,2,4,64,128,512,1,8,16,256,128,2,64,8,512,32,4,1,16,256,512,32,2,8,128,256,512,1,4,32,128,256,2,64,512,16,32,4,128,64,8,16,256,4,128,32,8,512,64,16,128,2,32,512,64,256,4,16,128,512,8,256,64,32,128,4,512,256,64,1,32,16,512,128,64,4,8,256,512,16,64,128,1,2,512,256,32,128,64,1,512,256,16,128,32,8,512,256,4,128,2,16,512,8,256,32,1],1,Seq,247). false.

?- myMain([4,256,128,1,2,8,4,16,32,1,2,8,4,64,16,1,2,8,128,32,4,1,2,64,128,8,4,1,16,256,2,8,4,1,512,16,2,8,4,128,256,1,16,2,32,64,4,8,1,256,32,2,4,8,512,64,1,2,4,256,512,8,1,2,32,64,128,4,1,16,32,64,8,2,128,16,32,1,8,256,64,2,4,16,128,1,512,2,4,32,16,128,8,64,1,32,512,2,16,8,64,256,1,128,2,32,512,4,64,1,16,256,2,512,4,64,16,8,32,256,2,64,1,512,16,8,32,4,256,64,1,128,16,32,256,2,4,64,128,512,1,8,16,256,128,2,64,8,512,32,4,1,16,256,512,32,2,8,128,256,512,1,4,32,128,256,2,64,512,16,32,4,128,64,8,16,256,4,128,32,8,512,64,16,128,2,32,512,64,256,4,16,128,512,8,256,64,32,128,4,512,256,64,1,32,16,512,128,64,4,8,256,512,16,64,128,1,2,512,256,32,128,64,1,512,256,16,128,32,8,512,256,4,128,2,16,512,8,256,32,1],1,Seq,246).
Seq = [4,256,128,1,2,8,4,16,32,1,2,8,4,64,16,1,2,8,128,32,4,1,2,64,128,8,4,1,16,256,2,8,4,1,512,16,2,8,4,128,256,1,16,2,32,64,4,8,1,256,32,2,4,8,512,64,1,2,4,256,512,8,1,2,32,64,128,4,1,16,32,64,8,2,128,16,32,1,8,256,64,2,4,16,128,1,512,2,4,32,16,128,8,64,1,32,512,2,16,8,64,256,1,128,2,32,512,4,64,1,16,256,2,512,4,64,16,8,32,256,2,64,1,512,16,8,32,4,256,64,1,128,16,32,256,2,4,64,128,512,1,8,16,256,128,2,64,8,512,32,4,1,16,256,512,32,2,8,128,256,512,1,4,32,128,256,2,64,512,16,32,4,128,64,8,16,256,4,128,32,8,512,64,16,128,2,32,512,64,256,4,16,128,512,8,256,64,32,128,4,512,256,64,1,32,16,512,128,64,4,8,256,512,16,64,128,1,2,512,256,32,128,64,1,512,256,16,128,32,8,512,256,4,128,2,16,512,8,256,32,1,128,512,8,2,4] .

?- myMain([4,256,128,1,2,8,4,16,32,1,2,8,4,64,16,1,2,8,128,32,4,1,2,64,128,8,4,1,16,256,2,8,4,1,512,16,2,8,4,128,256,1,16,2,32,64,4,8,1,256,32,2,4,8,512,64,1,2,4,256,512,8,1,2,32,64,128,4,1,16,32,64,8,2,128,16,32,1,8,256,64,2,4,16,128,1,512,2,4,32,16,128,8,64,1,32,512,2,16,8,64,256,1,128,2,32,512,4,64,1,16,256,2,512,4,64,16,8,32,256,2,64,1,512,16,8,32,4,256,64,1,128,16,32,256,2,4,64,128,512,1,8,16,256,128,2,64,8,512,32,4,1,16,256,512,32,2,8,128,256,512,1,4,32,128,256,2,64,512,16,32,4,128,64,8,16,256,4,128,32,8,512,64,16,128,2,32,512,64,256,4,16,128,512,8,256,64,32,128,4,512,256,64,1,32,16,512,128,64,4,8,256,512,16,64,128,1,2,512,256,32,128,64,1,512,256,16,128,32,8,512,256,4,128,2,16,512,8,256,32,1],1,Seq,247).
false.

?- myMain([4,256,128,1,2,8,4,16,32,1,2,8,4,64,16,1,2,8,128,32,4,1,2,64,128,8,4,1,16,256,2,8,4,1,512,16,2,8,4,128,256,1,16,2,32,64,4,8,1,256,32,2,4,8,512,64,1,2,4,256,512,8,1,2,32,64,128,4,1,16,32,64,8,2,128,16,32,1,8,256,64,2,4,16,128,1,512,2,4,32,16,128,8,64,1,32,512,2,16,8,64,256,1,128,2,32,512,4,64,1,16,256,2,512,4,64,16,8,32,256,2,64,1,512,16,8,32,4,256,64,1,128,16,32,256,2,4,64,128,512,1,8,16,256,128,2,64,8,512,32,4,1,16,256,512,32,2,8,128,256,512,1,4,32,128,256,2,64,512,16,32,4,128,64,8,16,256,4,128,32,8,512,64,16,128,2,32,512,64,256,4,16,128,512,8,256,64,32,128,4,512,256,64,1,32,16,512,128,64,4,8,256,512,16,64,128,1,2,512,256,32,128,64,1,512,256,16,128,32,8,512,256,4,128,2,16,512,8,256],1,Seq,247).
false.

?- myMain([4,256,128,1,2,8,4,16,32,1,2,8,4,64,16,1,2,8,128,32,4,1,2,64,128,8,4,1,16,256,2,8,4,1,512,16,2,8,4,128,256,1,16,2,32,64,4,8,1,256,32,2,4,8,512,64,1,2,4,256,512,8,1,2,32,64,128,4,1,16,32,64,8,2,128,16,32,1,8,256,64,2,4,16,128,1,512,2,4,32,16,128,8,64,1,32,512,2,16,8,64,256,1,128,2,32,512,4,64,1,16,256,2,512,4,64,16,8,32,256,2,64,1,512,16,8,32,4,256,64,1,128,16,32,256,2,4,64,128,512,1,8,16,256,128,2,64,8,512,32,4,1,16,256,512,32,2,8,128,256,512,1,4,32,128,256,2,64,512,16,32,4,128,64,8,16,256,4,128,32,8,512,64,16,128,2,32,512,64,256,4,16,128,512,8,256,64,32,128,4,512,256,64,1,32,16,512,128,64,4,8,256,512,16,64,128,1,2,512,256,32,128,64,1,512,256,16,128,32,8,512,256,4,128,2,16],1,Seq,247).
false.

?- myMain([4,256,128,1,2,8,4,16,32,1,2,8,4,64,16,1,2,8,128,32,4,1,2,64,128,8,4,1,16,256,2,8,4,1,512,16,2,8,4,128,256,1,16,2,32,64,4,8,1,256,32,2,4,8,512,64,1,2,4,256,512,8,1,2,32,64,128,4,1,16,32,64,8,2,128,16,32,1,8,256,64,2,4,16,128,1,512,2,4,32,16,128,8,64,1,32,512,2,16,8,64,256,1,128,2,32,512,4,64,1,16,256,2,512,4,64,16,8,32,256,2,64,1,512,16,8,32,4,256,64,1,128,16,32,256,2,4,64,128,512,1,8,16,256,128,2,64,8,512,32,4,1,16,256,512,32,2,8,128,256,512,1,4,32,128,256,2,64,512,16,32,4,128,64,8,16,256,4,128,32,8,512,64,16,128,2,32,512,64,256,4,16,128,512,8,256,64,32,128,4,512,256,64,1,32,16,512,128,64,4,8,256,512,16,64,128,1,2,512,256,32,128,64,1,512,256,16,128,32,8,512,256,4,128],1,Seq,247).
false.

?- myMain([4,256,128,1,2,8,4,16,32,1,2,8,4,64,16,1,2,8,128,32,4,1,2,64,128,8,4,1,16,256,2,8,4,1,512,16,2,8,4,128,256,1,16,2,32,64,4,8,1,256,32,2,4,8,512,64,1,2,4,256,512,8,1,2,32,64,128,4,1,16,32,64,8,2,128,16,32,1,8,256,64,2,4,16,128,1,512,2,4,32,16,128,8,64,1,32,512,2,16,8,64,256,1,128,2,32,512,4,64,1,16,256,2,512,4,64,16,8,32,256,2,64,1,512,16,8,32,4,256,64,1,128,16,32,256,2,4,64,128,512,1,8,16,256,128,2,64,8,512,32,4,1,16,256,512,32,2,8,128,256,512,1,4,32,128,256,2,64,512,16,32,4,128,64,8,16,256,4,128,32,8,512,64,16,128,2,32,512,64,256,4,16,128,512,8,256,64,32,128,4,512,256,64,1,32,16,512,128,64,4,8,256,512,16,64,128,1,2,512,256,32,128,64,1,512,256,16,128,32,8],1,Seq,247).
false.

?-                                                                              |    myMain([4,256,128,1,2,8,4,16,32,1,2,8,4,64,16,1,2,8,128,32,4,1,2,64,128,8,4,1,16,256,2,8,4,1,512,16,2,8,4,128,256,1,16,2,32,64,4,8,1,256,32,2,4,8,512,64,1,2,4,256,512,8,1,2,32,64,128,4,1,16,32,64,8,2,128,16,32,1,8,256,64,2,4,16,128,1,512,2,4,32,16,128,8,64,1,32,512,2,16,8,64,256,1,128,2,32,512,4,64,1,16,256,2,512,4,64,16,8,32,256,2,64,1,512,16,8,32,4,256,64,1,128,16,32,256,2,4,64,128,512,1,8,16,256,128,2,64,8,512,32,4,1,16,256,512,32,2,8,128,256,512,1,4,32,128,256,2,64,512,16,32,4,128,64,8,16,256,4,128,32,8,512,64,16,128,2,32,512,64,256,4,16,128,512,8,256,64,32,128,4,512,256,64,1,32,16,512,128,64,4,8,256,512,16,64,128,1,2,512,2|    myMain([4,256,128,1,2,8,4,16,32,1,2,8,4,64,16,1,2,8,128,32,4,1,2,64,128,8,4,1,16,256,2,8,4,1,512,16,2,8,4,128,256,1,16,2,32,64,4,8,1,256,32,2,4,8,512,64,1,2,4,256,512,8,1,2,32,64,128,4,1,16,32,64,8,2,128,16,32,1,8,256,64,2,4,16,128,1,512,2,4,32,16,128,8,64,1,32,512,2,16,8,64,256,1,128,2,32,512,4,64,1,16,256,2,512,4,64,16,8,32,256,2,64,1,512,16,8,32,4,256,64,1,128,16,32,256,2,4,64,128,512,1,8,16,256,128,2,64,8,512,32,4,1,16,256,512,32,2,8,128,256,512,1,4,32,128,256,2,64,512,16,32,4,128,64,8,16,256,4,128,32,8,512,64,16,128,2,32,512,64,256,4,16,128,512,8,256,64,32,128,4,512,256,64,1,32,16,512,128,64,4,8,256,512,16,64,128,1,2,512,256,32,128,64,1,512,256,16,128,32,8],1,Seq,247).
false.

?- myMain([4,256,128,1,2,8,4,16,32,1,2,8,4,64,16,1,2,8,128,32,4,1,2,64,128,8,4,1,16,256,2,8,4,1,512,16,2,8,4,128,256,1,16,2,32,64,4,8,1,256,32,2,4,8,512,64,1,2,4,256,512,8,1,2,32,64,128,4,1,16,32,64,8,2,128,16,32,1,8,256,64,2,4,16,128,1,512,2,4,32,16,128,8,64,1,32,512,2,16,8,64,256,1,128,2,32,512,4,64,1,16,256,2,512,4,64,16,8,32,256,2,64,1,512,16,8,32,4,256,64,1,128,16,32,256,2,4,64,128,512,1,8,16,256,128,2,64,8,512,32,4,1,16,256,512,32,2,8,128,256,512,1,4,32,128,256,2,64,512,16,32,4,128,64,8,16,256,4,128,32,8,512,64,16,128,2,32,512,64,256,4,16,128,512,8,256,64,32,128,4,512,256,64,1,32,16,512,128,64,4,8,256,512,16,64,128,1,2,512,256,32,128,64,1],1,Seq,247).
false.

?- myMain([4,256,128,1,2,8,4,16,32,1,2,8,4,64,16,1,2,8,128,32,4,1,2,64,128,8,4,1,16,256,2,8,4,1,512,16,2,8,4,128,256,1,16,2,32,64,4,8,1,256,32,2,4,8,512,64,1,2,4,256,512,8,1,2,32,64,128,4,1,16,32,64,8,2,128,16,32,1,8,256,64,2,4,16,128,1,512,2,4,32,16,128,8,64,1,32,512,2,16,8,64,256,1,128,2,32,512,4,64,1,16,256,2,512,4,64,16,8,32,256,2,64,1,512,16,8,32,4,256,64,1,128,16,32,256,2,4,64,128,512,1,8,16,256,128,2,64,8,512,32,4,1,16,256,512,32,2,8,128,256,512,1,4,32,128,256,2,64,512,16,32,4,128,64,8,16,256,4,128,32,8,512,64,16,128,2,32,512,64,256,4,16,128,512,8,256,64,32,128,4,512,256,64,1,32,16,512,128,64,4,8,256,512,16,64,128,1,2,512],1,Seq,247).
false.

?- myMain([4,256,128,1,2,8,4,16,32,1,2,8,4,64,16,1,2,8,128,32,4,1,2,64,128,8,4,1,16,256,2,8,4,1,512,16,2,8,4,128,256,1,16,2,32,64,4,8,1,256,32,2,4,8,512,64,1,2,4,256,512,8,1,2,32,64,128,4,1,16,32,64,8,2,128,16,32,1,8,256,64,2,4,16,128,1,512,2,4,32,16,128,8,64,1,32,512,2,16,8,64,256,1,128,2,32,512,4,64,1,16,256,2,512,4,64,16,8,32,256,2,64,1,512,16,8,32,4,256,64,1,128,16,32,256,2,4,64,128,512,1,8,16,256,128,2,64,8,512,32,4,1,16,256,512,32,2,8,128,256,512,1,4,32,128,256,2,64,512,16,32,4,128,64,8,16,256,4,128,32,8,512,64,16,128,2,32,512,64,256,4,16,128,512,8,256,64,32,128,4,512,256,64,1,32,16,512,128,64,4,8,256,512,16,64,128],1,Seq,247).
false.

?- myMain([4,256,128,1,2,8,4,16,32,1,2,8,4,64,16,1,2,8,128,32,4,1,2,64,128,8,4,1,16,256,2,8,4,1,512,16,2,8,4,128,256,1,16,2,32,64,4,8,1,256,32,2,4,8,512,64,1,2,4,256,512,8,1,2,32,64,128,4,1,16,32,64,8,2,128,16,32,1,8,256,64,2,4,16,128,1,512,2,4,32,16,128,8,64,1,32,512,2,16,8,64,256,1,128,2,32,512,4,64,1,16,256,2,512,4,64,16,8,32,256,2,64,1,512,16,8,32,4,256,64,1,128,16,32,256,2,4,64,128,512,1,8,16,256,128,2,64,8,512,32,4,1,16,256,512,32,2,8,128,256,512,1,4,32,128,256,2,64,512,16,32,4,128,64,8,16,256,4,128,32,8,512,64,16,128,2,32,512,64,256,4,16,128,512,8,256,64,32,128,4,512,256,64,1,32,16,512,128,64,4,8,256,512],1,Seq,247). 
false.

?- myMain([4,256,128,1,2,8,4,16,32,1,2,8,4,64,16,1,2,8,128,32,4,1,2,64,128,8,4,1,16,256,2,8,4,1,512,16,2,8,4,128,256,1,16,2,32,64,4,8,1,256,32,2,4,8,512,64,1,2,4,256,512,8,1,2,32,64,128,4,1,16,32,64,8,2,128,16,32,1,8,256,64,2,4,16,128,1,512,2,4,32,16,128,8,64,1,32,512,2,16,8,64,256,1,128,2,32,512,4,64,1,16,256,2,512,4,64,16,8,32,256,2,64,1,512,16,8,32,4,256,64,1,128,16,32,256,2,4,64,128,512,1,8,16,256,128,2,64,8,512,32,4,1,16,256,512,32,2,8,128,256,512,1,4,32,128,256,2,64,512,16,32,4,128,64,8,16,256,4,128,32,8,512,64,16,128,2,32,512,64,256,4,16,128,512,8,256,64,32,128,4,512,256,64,1,32],1,Seq,247).
false.

?- myMain([4,256,128,1,2,8,4,16,32,1,2,8,4,64,16,1,2,8,128,32,4,1,2,64,128,8,4,1,16,256,2,8,4,1,512,16,2,8,4,128,256,1,16,2,32,64,4,8,1,256,32,2,4,8,512,64,1,2,4,256,512,8,1,2,32,64,128,4,1,16,32,64,8,2,128,16,32,1,8,256,64,2,4,16,128,1,512,2,4,32,16,128,8,64,1,32,512,2,16,8,64,256,1,128,2,32,512,4,64,1,16,256,2,512,4,64,16,8,32,256,2,64,1,512,16,8,32,4,256,64,1,128,16,32,256,2,4,64,128,512,1,8,16,256,128,2,64,8,512,32,4,1,16,256,512,32,2,8,128,256,512,1,4,32,128,256,2,64,512,16,32,4,128,64,8,16,256,4,128,32,8,512,64,16,128,2,32,512,64,256,4,16,128,512,8,256,64,32,128,4],1,Seq,247).
false.

?- myMain([4,256,128,1,2,8,4,16,32,1,2,8,4,64,16,1,2,8,128,32,4,1,2,64,128,8,4,1,16,256,2,8,4,1,512,16,2,8,4,128,256,1,16,2,32,64,4,8,1,256,32,2,4,8,512,64,1,2,4,256,512,8,1,2,32,64,128,4,1,16,32,64,8,2,128,16,32,1,8,256,64,2,4,16,128,1,512,2,4,32,16,128,8,64,1,32,512,2,16,8,64,256,1,128,2,32,512,4,64,1,16,256,2,512,4,64,16,8,32,256,2,64,1,512,16,8,32,4,256,64,1,128,16,32,256,2,4,64,128,512,1,8,16,256,128,2,64,8,512,32,4,1,16,256,512,32,2,8,128,256,512,1,4,32,128,256,2,64,512,16,32,4,128,64,8,16,256,4,128,32,8,512,64,16,128,2,32,512,64,256,4,16,128,512,8,256,64,32,128,4],2,Seq,247).
false.

?- myMain([4,256,128,1,2,8,4,16,32,1,2,8,4,64,16,1,2,8,128,32,4,1,2,64,128,8,4,1,16,256,2,8,4,1,512,16,2,8,4,128,256,1,16,2,32,64,4,8,1,256,32,2,4,8,512,64,1,2,4,256,512,8,1,2,32,64,128,4,1,16,32,64,8,2,128,16,32,1,8,256,64,2,4,16,128,1,512,2,4,32,16,128,8,64,1,32,512,2,16,8,64,256,1,128,2,32,512,4,64,1,16,256,2,512,4,64,16,8,32,256,2,64,1,512,16,8,32,4,256,64,1,128,16,32,256,2,4,64,128,512,1,8,16,256,128,2,64,8,512,32,4,1,16,256,512,32,2,8,128,256,512,1,4,32,128,256,2,64,512,16,32,4,128,64,8,16,256,4,128,32,8,512,64,16,128,2,32,512,64,256,4,16,128,512],2,Seq,247).
false.

?- myMain([4,256,128,1,2,8,4,16,32,1,2,8,4,64,16,1,2,8,128,32,4,1,2,64,128,8,4,1,16,256,2,8,4,1,512,16,2,8,4,128,256,1,16,2,32,64,4,8,1,256,32,2,4,8,512,64,1,2,4,256,512,8,1,2,32,64,128,4,1,16,32,64,8,2,128,16,32,1,8,256,64,2,4,16,128,1,512,2,4,32,16,128,8,64,1,32,512,2,16,8,64,256,1,128,2,32,512,4,64,1,16,256,2,512,4,64,16,8,32,256,2,64,1,512,16,8,32,4,256,64,1,128,16,32,256,2,4,64,128,512,1,8,16,256,128,2,64,8,512,32,4,1,16,256,512,32,2,8,128,256,512,1,4,32,128,256,2,64,512,16,32,4,128,64,8,16,256,4,128,32,8,512,64,16,128,2,32,512,64],2,Seq,247). 
^CAction (h for help) ? exit (status 4)
colman@ubuntu:~/gilad_gil/iEEEHighScore/prolog$ swipl main_guess5over.pl 
Welcome to SWI-Prolog (threaded, 64 bits, version 8.1.10-59-g09a7d55)
SWI-Prolog comes with ABSOLUTELY NO WARRANTY. This is free software.
Please run ?- license. for legal details.

    CMake built from "/home/colman/gilad_gil/swipl-devel/build"

For online help and background, visit http://www.swi-prolog.org
For built-in help, use ?- help(Topic). or ?- apropos(Word).

?- [user].
|: myMain(Guess,Depth,Seq,Size) :-mainMulti_Guess5Over(Seq,Size,Guess,Depth).
|: ^D% user://1 compiled 0.00 sec, 1 clauses
true.

?- myMain([4,256,128,1,2,8,4,16,32,1,2,8,4,64,16,1,2,8,128,32,4,1,2,64,128,8,4,1,16,256,2,8,4,1,512,16,2,8,4,128,256,1,16,2,32,64,4,8,1,256,32,2,4,8,512,64,1,2,4,256,512,8,1,2,32,64,128,4,1,16,32,64,8,2,128,16,32,1,8,256,64,2,4,16,128,1,512,2,4,32,16,128,8,64,1,32,512,2,16,8,64,256,1,128,2,32,512,4,64,1,16,256,2,512,4,64,16,8,32,256,2,64,1,512,16,8,32,4,256,64,1,128,16,32,256,2,4,64,128,512,1,8,16,256,128,2,64,8,512,32,4,1,16,256,512,32,2,8,128,256,512,1,4,32,128,256,2,64,512,16,32,4,128,64,8,16,256,4,128,32,8,512,64,16,128,2,32,512,64,256,4,16,128,512],3,Seq,247).
false.

?- myMain([4,256,128,1,2,8,4,16,32,1,2,8,4,64,16,1,2,8,128,32,4,1,2,64,128,8,4,1,16,256,2,8,4,1,512,16,2,8,4,128,256,1,16,2,32,64,4,8,1,256,32,2,4,8,512,64,1,2,4,256,512,8,1,2,32,64,128,4,1,16,32,64,8,2,128,16,32,1,8,256,64,2,4,16,128,1,512,2,4,32,16,128,8,64,1,32,512,2,16,8,64,256,1,128,2,32,512,4,64,1,16,256,2,512,4,64,16,8,32,256,2,64,1,512,16,8,32,4,256,64,1,128,16,32,256,2,4,64,128,512,1,8,16,256,128,2,64,8,512,32,4,1,16,256,512,32,2,8,128,256,512,1,4,32,128,256,2,64,512,16,32,4,128,64,8,16,256,4,128,32,8,512,64,16,128,2,32,512,64,256,4,16,128],3,Seq,247).
false.

?- myMain([4,256,128,1,2,8,4,16,32,1,2,8,4,64,16,1,2,8,128,32,4,1,2,64,128,8,4,1,16,256,2,8,4,1,512,16,2,8,4,128,256,1,16,2,32,64,4,8,1,256,32,2,4,8,512,64,1,2,4,256,512,8,1,2,32,64,128,4,1,16,32,64,8,2,128,16,32,1,8,256,64,2,4,16,128,1,512,2,4,32,16,128,8,64,1,32,512,2,16,8,64,256,1,128,2,32,512,4,64,1,16,256,2,512,4,64,16,8,32,256,2,64,1,512,16,8,32,4,256,64,1,128,16,32,256,2,4,64,128,512,1,8,16,256,128,2,64,8,512,32,4,1,16,256,512,32,2,8,128,256,512,1,4,32,128,256,2,64,512,16,32,4,128,64,8,16,256,4,128,32,8,512,64,16,128,2,32,512,64,256,4,16],4,Seq,247).
false.

?- myMain([4,256,128,1,2,8,4,16,32,1,2,8,4,64,16,1,2,8,128,32,4,1,2,64,128,8,4,1,16,256,2,8,4,1,512,16,2,8,4,128,256,1,16,2,32,64,4,8,1,256,32,2,4,8,512,64,1,2,4,256,512,8,1,2,32,64,128,4,1,16,32,64,8,2,128,16,32,1,8,256,64,2,4,16,128,1,512,2,4,32,16,128,8,64,1,32,512,2,16,8,64,256,1,128,2,32,512,4,64,1,16,256,2,512,4,64,16,8,32,256,2,64,1,512,16,8,32,4,256,64,1,128,16,32,256,2,4,64,128,512,1,8,16,256,128,2,64,8,512,32,4,1,16,256,512,32,2,8,128,256,512,1,4,32,128,256,2,64,512,16,32,4,128,64,8,16,256,4,128,32,8,512,64,16,128,2,32,512,64,256,4,16],5,Seq,247).
false.

?- myMain([4,256,128,1,2,8,4,16,32,1,2,8,4,64,16,1,2,8,128,32,4,1,2,64,128,8,4,1,16,256,2,8,4,1,512,16,2,8,4,128,256,1,16,2,32,64,4,8,1,256,32,2,4,8,512,64,1,2,4,256,512,8,1,2,32,64,128,4,1,16,32,64,8,2,128,16,32,1,8,256,64,2,4,16,128,1,512,2,4,32,16,128,8,64,1,32,512,2,16,8,64,256,1,128,2,32,512,4,64,1,16,256,2,512,4,64,16,8,32,256,2,64,1,512,16,8,32,4,256,64,1,128,16,32,256,2,4,64,128,512,1,8,16,256,128,2,64,8,512,32,4,1,16,256,512,32,2,8,128,256,512,1,4,32,128,256,2,64,512,16,32,4,128,64,8,16,256,4,128,32,8,512,64,16,128,2,32,512,64,256,4],5,Seq,247). 
false.

?- myMain([4,256,128,1,2,8,4,16,32,1,2,8,4,64,16,1,2,8,128,32,4,1,2,64,128,8,4,1,16,256,2,8,4,1,512,16,2,8,4,128,256,1,16,2,32,64,4,8,1,256,32,2,4,8,512,64,1,2,4,256,512,8,1,2,32,64,128,4,1,16,32,64,8,2,128,16,32,1,8,256,64,2,4,16,128,1,512,2,4,32,16,128,8,64,1,32,512,2,16,8,64,256,1,128,2,32,512,4,64,1,16,256,2,512,4,64,16,8,32,256,2,64,1,512,16,8,32,4,256,64,1,128,16,32,256,2,4,64,128,512,1,8,16,256,128,2,64,8,512,32,4,1,16,256,512,32,2,8,128,256,512,1,4,32,128,256,2,64,512,16,32,4,128,64,8,16,256,4,128,32,8,512,64,16,128,2,32,512,64,256],6,Seq,247). 
false.

?- myMain([4,256,128,1,2,8,4,16,32,1,2,8,4,64,16,1,2,8,128,32,4,1,2,64,128,8,4,1,16,256,2,8,4,1,512,16,2,8,4,128,256,1,16,2,32,64,4,8,1,256,32,2,4,8,512,64,1,2,4,256,512,8,1,2,32,64,128,4,1,16,32,64,8,2,128,16,32,1,8,256,64,2,4,16,128,1,512,2,4,32,16,128,8,64,1,32,512,2,16,8,64,256,1,128,2,32,512,4,64,1,16,256,2,512,4,64,16,8,32,256,2,64,1,512,16,8,32,4,256,64,1,128,16,32,256,2,4,64,128,512,1,8,16,256,128,2,64,8,512,32,4,1,16,256,512,32,2,8,128,256,512,1,4,32,128,256,2,64,512,16,32,4,128,64,8,16,256,4,128,32,8,512,64,16,128,2,32,512,64],5,Seq,247).
false.

?- myMain([4,256,128,1,2,8,4,16,32,1,2,8,4,64,16,1,2,8,128,32,4,1,2,64,128,8,4,1,16,256,2,8,4,1,512,16,2,8,4,128,256,1,16,2,32,64,4,8,1,256,32,2,4,8,512,64,1,2,4,256,512,8,1,2,32,64,128,4,1,16,32,64,8,2,128,16,32,1,8,256,64,2,4,16,128,1,512,2,4,32,16,128,8,64,1,32,512,2,16,8,64,256,1,128,2,32,512,4,64,1,16,256,2,512,4,64,16,8,32,256,2,64,1,512,16,8,32,4,256,64,1,128,16,32,256,2,4,64,128,512,1,8,16,256,128,2,64,8,512,32,4,1,16,256,512,32,2,8,128,256,512,1,4,32,128,256,2,64,512,16,32,4,128,64,8,16,256,4,128,32,8,512,64,16,128,2,32,512],5,Seq,247).
false.

?- myMain([4,256,128,1,2,8,4,16,32,1,2,8,4,64,16,1,2,8,128,32,4,1,2,64,128,8,4,1,16,256,2,8,4,1,512,16,2,8,4,128,256,1,16,2,32,64,4,8,1,256,32,2,4,8,512,64,1,2,4,256,512,8,1,2,32,64,128,4,1,16,32,64,8,2,128,16,32,1,8,256,64,2,4,16,128,1,512,2,4,32,16,128,8,64,1,32,512,2,16,8,64,256,1,128,2,32,512,4,64,1,16,256,2,512,4,64,16,8,32,256,2,64,1,512,16,8,32,4,256,64,1,128,16,32,256,2,4,64,128,512,1,8,16,256,128,2,64,8,512,32,4,1,16,256,512,32,2,8,128,256,512,1,4,32,128,256,2,64,512,16,32,4,128,64,8,16,256,4,128, 32,8,512,64,16,128,2,32],6,Seq,247).
false.

?- myMain([4,256,128,1,2,8,4,16,32,1,2,8,4,64,16,1,2,8,128,32,4,1,2,64,128,8,4,1,16,256,2,8,4,1,512,16,2,8,4,128,256,1,16,2,32,64,4,8,1,256,32,2,4,8,512,64,1,2,4,256,512,8,1,2,32,64,128,4,1,16,32,64,8,2,128,16,32,1,8,256,64,2,4,16,128,1,512,2,4,32,16,128,8,64,1,32,512,2,16,8,64,256,1,128,2,32,512,4,64,1,16,256,2,512,4,64,16,8,32,256,2,64,1,512,16,8,32,4,256,64,1,128,16,32,256,2,4,64,128,512,1,8,16,256,128,2,64,8,512,32,4,1,16,256,512,32,2,8,128,256,512,1,4,32,128,256,2,64,512,16,32,4,128,64,8,16,256,4,128, 32,8,512,64,16,128],6,Seq,247).
false.

?- myMain([4,256,128,1,2,8,4,16,32,1,2,8,4,64,16,1,2,8,128,32,4,1,2,64,128,8,4,1,16,256,2,8,4,1,512,16,2,8,4,128,256,1,16,2,32,64,4,8,1,256,32,2,4,8,512,64,1,2,4,256,512,8,1,2,32,64,128,4,1,16,32,64,8,2,128,16,32,1,8,256,64,2,4,16,128,1,512,2,4,32,16,128,8,64,1,32,512,2,16,8,64,256,1,128,2,32,512,4,64,1,16,256,2,512,4,64,16,8,32,256,2,64,1,512,16,8,32,4,256,64,1,128,16,32,256,2,4,64,128,512,1,8,16,256,128,2,64,8,512,32,4,1,16,256,512,32,2,8,128,256,512,1,4,32,128,256,2,64,512,16,32,4,128,64,8,16,256,4,128, 32,8,512],6,Seq,247).
^Z
[1]+  Stopped                 swipl main_guess5over.pl
colman@ubuntu:~/gilad_gil/iEEEHighScore/prolog$ fg
swipl main_guess5over.pl
^Z
[1]+  Stopped                 swipl main_guess5over.pl
colman@ubuntu:~/gilad_gil/iEEEHighScore/prolog$ fg
swipl main_guess5over.pl
^CAction (h for help) ? exit (status 4)
colman@ubuntu:~/gilad_gil/iEEEHighScore/prolog$ swipl main_guess5over.pl 
Welcome to SWI-Prolog (threaded, 64 bits, version 8.1.10-59-g09a7d55)
SWI-Prolog comes with ABSOLUTELY NO WARRANTY. This is free software.
Please run ?- license. for legal details.

    CMake built from "/home/colman/gilad_gil/swipl-devel/build"

For online help and background, visit http://www.swi-prolog.org
For built-in help, use ?- help(Topic). or ?- apropos(Word).

?- [user].
|: myMain(Guess,Depth,Seq,Size) :-mainMulti_Guess5Over(Seq,Size,Guess,Depth).
|: ^D% user://1 compiled 0.00 sec, 1 clauses
true.

?- myMain([4,256,128,1,2,8,4,16,32,1,2,8,4,64,16,1,2,8,128,32,4,1,2,64,128,8,4,1,16,256,2,8,4,1,512,16,2,8,4,128,256,1,16,2,32,64,4,8,1,256,32,2,4,8,512,64,1,2,4,256,512,8,1,2,32,64,128,4,1,16,32,64,8,2,128,16,32,1,8,256,64,2,4,16,128,1,512,2,4,32,16,128,8,64,1,32,512,2,16,8,64,256,1,128,2,32,512,4,64,1,16,256,2,512,4,64,16,8,32,256,2,64,1,512,16,8,32,4,256,64,1,128,16,32,256,2,4,64,128,512,1,8,16,256,128,2,64,8,512,32,4,1,16,256,512,32,2,8,128,256,512,1,4,32,128,256,2,64,512,16,32,4,128,64,8,16,256,4,128, 32,8,512],8,Seq,247).
^CAction (h for help) ? Unknown option (h for help)
Action (h for help) ? Unknown option (h for help)
Action (h for help) ? exit (status 4)
colman@ubuntu:~/gilad_gil/iEEEHighScore/prolog$ swipl main_guess5over.pl 
Welcome to SWI-Prolog (threaded, 64 bits, version 8.1.10-59-g09a7d55)
SWI-Prolog comes with ABSOLUTELY NO WARRANTY. This is free software.
Please run ?- license. for legal details.

    CMake built from "/home/colman/gilad_gil/swipl-devel/build"

For online help and background, visit http://www.swi-prolog.org
For built-in help, use ?- help(Topic). or ?- apropos(Word).

?- [user].                                                                      |: myMain(Guess,Depth,Seq,Size) :-mainMulti_Guess5Over(Seq,Size,Guess,Depth).
|: ^D% user://1 compiled 0.00 sec, 1 clauses
true.

?- myMain([4,256,128,1,2,8,4,16,32,1,2,8,4,64,16,1,2,8,128,32,4,1,2,64,128,8,4,1,16,256,2,8,4,1,512,16,2,8,4,128,256,1,16,2,32,64,4,8,1,256,32,2,4,8,512,64,1,2,4,256,512,8,1,2,32,64,128,4,1,16,32,64,8,2,128,16,32,1,8,256,64,2,4,16,128,1,512,2,4,32,16,128,8,64,1,32,512,2,16,8,64,256,1,128,2,32,512,4,64,1,16,256,2,512,4,64,16,8,32,256,2,64,1,512,16,8,32,4,256,64,1,128,16,32,256,2,4,64,128,512,1,8,16,256,128,2,64,8,512,32,4,1,16,256,512,32,2,8,128,256,512,1,4,32,128,256,2,64,512,16,32,4,128,64,8,16,256,4,128, 32,8,512],12,Seq,247).
^Z
[1]+  Stopped                 swipl main_guess5over.pl
colman@ubuntu:~/gilad_gil/iEEEHighScore/prolog$ fg
swipl main_guess5over.pl
ERROR: Stack limit (1.0Gb) exceeded
ERROR:   Stack sizes: local: 54Kb, global: 89Kb, trail: 23Kb
ERROR:   Stack depth: 18, last-call: 28%, Choice points: 280
ERROR:   In:
ERROR:     [18] system:'$add_findall_bag'([length:194])
ERROR:     [17] '$bags':findall_loop([length:194], <compound (:)/2>, _22982, [])
ERROR:     [16] system:setup_call_catcher_cleanup(<compound (:)/2>, <compound (:)/2>, _23018, <compound (:)/2>)
ERROR:     [12] user:extendGuessBy([length:182], 12, _23060)
ERROR:     [11] user:mainMulti_Guess5Over(_23084, 247, [length:182], 12)
ERROR: 
ERROR: Use the --stack_limit=size[KMG] command line option or
ERROR: ?- set_prolog_flag(stack_limit, 2_147_483_648). to double the limit.
^  Exception: (16) setup_call_catcher_cleanup('$bags':'$new_findall_bag', '$bags':findall_loop(_12668, user:(recNextOptions([4, 128, 32|...], _12662, 12), concatTo(_12668, [4, 256, 128|...], _12662)), _12686, []), _23128, '$bags':'$destroy_findall_bag') ? Unknown option (h for help)
^  Exception: (16) setup_call_catcher_cleanup('$bags':'$new_findall_bag', '$bags':findall_loop(_12668, user:(recNextOptions([4, 128, 32|...], _12662, 12), concatTo(_12668, [4, 256, 128|...], _12662)), _12686, []), _23128, '$bags':'$destroy_findall_bag') ? abort
% Execution Aborted
?- myMain([4,256,128,1,2,8,4,16,32,1,2,8,4,64,16,1,2,8,128,32,4,1,2,64,128,8,4,1,16,256,2,8,4,1,512,16,2,8,4,128,256,1,16,2,32,64,4,8,1,256,32,2,4,8,512,64,1,2,4,256,512,8,1,2,32,64,128,4,1,16,32,64,8,2,128,16,32,1,8,256,64,2,4,16,128,1,512,2,4,32,16,128,8,64,1,32,512,2,16,8,64,256,1,128,2,32,512,4,64,1,16,256,2,512,4,64,16,8,32,256,2,64,1,512,16,8,32,4,256,64,1,128,16,32,256,2,4,64,128,512,1,8,16,256,128,2,64,8,512,32,4,1,16,256,512,32,2,8,128,256,512,1,4,32,128,256,2,64,512,16,32,4,128,64,8,16,256,4,128, 32,8,512],6,Seq,247).
^Z
[1]+  Stopped                 swipl main_guess5over.pl
colman@ubuntu:~/gilad_gil/iEEEHighScore/prolog$ fg
swipl main_guess5over.pl
^CAction (h for help) ? Unknown option (h for help)
Action (h for help) ? exit (status 4)
colman@ubuntu:~/gilad_gil/iEEEHighScore/prolog$ swipl main_guess5over.pl 
Welcome to SWI-Prolog (threaded, 64 bits, version 8.1.10-59-g09a7d55)
SWI-Prolog comes with ABSOLUTELY NO WARRANTY. This is free software.
Please run ?- license. for legal details.

    CMake built from "/home/colman/gilad_gil/swipl-devel/build"

For online help and background, visit http://www.swi-prolog.org
For built-in help, use ?- help(Topic). or ?- apropos(Word).

?- [user].
|: myMain(Guess,Depth,Seq,Size) :-mainMulti_Guess5Over(Seq,Size,Guess,Depth).
|: ^D% user://1 compiled 0.00 sec, 1 clauses
true.

?- myMain([4,256,128,1,2,8,4,16,32,1,2,8,4,64,16,1,2,8,128,32,4,1,2,64,128,8,4,1,16,256,2,8,4,1,512,16,2,8,4,128,256,1,16,2,32,64,4,8,1,256,32,2,4,8,512,64,1,2,4,256,512,8,1,2,32,64,128,4,1,16,32,64,8,2,128,16,32,1,8,256,64,2,4,16,128,1,512,2,4,32,16,128,8,64,1,32,512,2,16,8,64,256,1,128,2,32,512,4,64,1,16,256,2,512,4,64,16,8,32,256,2,64,1,512,16,8,32,4,256,64,1,128,16,32,256,2,4,64,128,512,1,8,16,256,128,2,64,8,512,32,4,1,16,256,512,32,2,8,128,256,512,1,4,32,128,256,2,64,512,16,32,4,128,64,8,16,256,4,128, 32,8,512],4,Seq,247).
Seq = [4,256,128,1,2,8,4,16,32,1,2,8,4,64,16,1,2,8,128,32,4,1,2,64,128,8,4,1,16,256,2,8,4,1,512,16,2,8,4,128,256,1,16,2,32,64,4,8,1,256,32,2,4,8,512,64,1,2,4,256,512,8,1,2,32,64,128,4,1,16,32,64,8,2,128,16,32,1,8,256,64,2,4,16,128,1,512,2,4,32,16,128,8,64,1,32,512,2,16,8,64,256,1,128,2,32,512,4,64,1,16,256,2,512,4,64,16,8,32,256,2,64,1,512,16,8,32,4,256,64,1,128,16,32,256,2,4,64,128,512,1,8,16,256,128,2,64,8,512,32,4,1,16,256,512,32,2,8,128,256,512,1,4,32,128,256,2,64,512,16,32,4,128,64,8,16,256,4,128,32,8,512,256,64,1,32,16,512,128,64,4,256,8,512,16,64,32,256,2,512,1,128,64,32,256,4,512,8,128,1,32,256,512,8,16,128,32,256,512,2,4,128,16,256,512,1,64,128,16,2,512,8,256,64,128,32,512,4,256,16,64,32,128,2,512,16,256] .

?- myMain([4,256,128,1,2,8,4,16,32,1,2,8,4,64,16,1,2,8,128,32,4,1,2,64,128,8,4,1,16,256,2,8,4,1,512,16,2,8,4,128,256,1,16,2,32,64,4,8,1,256,32,2,4,8,512,64,1,2,4,256,512,8,1,2,32,64,128,4,1,16,32,64,8,2,128,16,32,1,8,256,64,2,4,16,128,1,512,2,4,32,16,128,8,64,1,32,512,2,16,8,64,256,1,128,2,32,512,4,64,1,16,256,2,512,4,64,16,8,32,256,2,64,1,512,16,8,32,4,256,64,1,128,16,32,256,2,4,64,128,512,1,8,16,256,128,2,64,8,512,32,4,1,16,256,512,32,2,8,128,256,512,1,4,32,128,256,2,64,512,16,32,4,128,64,8,16,256,4,128, 32,8,512],5,Seq,248).
Seq = [4,256,128,1,2,8,4,16,32,1,2,8,4,64,16,1,2,8,128,32,4,1,2,64,128,8,4,1,16,256,2,8,4,1,512,16,2,8,4,128,256,1,16,2,32,64,4,8,1,256,32,2,4,8,512,64,1,2,4,256,512,8,1,2,32,64,128,4,1,16,32,64,8,2,128,16,32,1,8,256,64,2,4,16,128,1,512,2,4,32,16,128,8,64,1,32,512,2,16,8,64,256,1,128,2,32,512,4,64,1,16,256,2,512,4,64,16,8,32,256,2,64,1,512,16,8,32,4,256,64,1,128,16,32,256,2,4,64,128,512,1,8,16,256,128,2,64,8,512,32,4,1,16,256,512,32,2,8,128,256,512,1,4,32,128,256,2,64,512,16,32,4,128,64,8,16,256,4,128,32,8,512,256,64,16,128,32,2,512,256,1,128,32,64,512,16,256,4,128,64,8,512,32,16,256,128,8,512,4,16,256,32,64,2,512,128,1,8,32,256,512,4,2,128,16,256,512,1,64,128,16,2,512,8,256,64,128,32,4,512,256,64,1,32,16,512,128,8] .

?- myMain([4,256,128,1,2,8,4,16,32,1,2,8,4,64,16,1,2,8,128,32,4,1,2,64,128,8,4,1,16,256,2,8,4,1,512,16,2,8,4,128,256,1,16,2,32,64,4,8,1,256,32,2,4,8,512,64,1,2,4,256,512,8,1,2,32,64,128,4,1,16,32,64,8,2,128,16,32,1,8,256,64,2,4,16,128,1,512,2,4,32,16,128,8,64,1,32,512,2,16,8,64,256,1,128,2,32,512,4,64,1,16,256,2,512,4,64,16,8,32,256,2,64,1,512,16,8,32,4,256,64,1,128,16,32,256,2,4,64,128,512,1,8,16,256,128,2,64,8,512,32,4,1,16,256,512,32,2,8,128,256,512,1,4,32,128,256,2,64,512,16,32,4,128,64,8,16,256,4,128, 32,8,512],5,Seq,249).
^Z
[1]+  Stopped                 swipl main_guess5over.pl
colman@ubuntu:~/gilad_gil/iEEEHighScore/prolog$ fg
swipl main_guess5over.pl
Seq = [4,256,128,1,2,8,4,16,32,1,2,8,4,64,16,1,2,8,128,32,4,1,2,64,128,8,4,1,16,256,2,8,4,1,512,16,2,8,4,128,256,1,16,2,32,64,4,8,1,256,32,2,4,8,512,64,1,2,4,256,512,8,1,2,32,64,128,4,1,16,32,64,8,2,128,16,32,1,8,256,64,2,4,16,128,1,512,2,4,32,16,128,8,64,1,32,512,2,16,8,64,256,1,128,2,32,512,4,64,1,16,256,2,512,4,64,16,8,32,256,2,64,1,512,16,8,32,4,256,64,1,128,16,32,256,2,4,64,128,512,1,8,16,256,128,2,64,8,512,32,4,1,16,256,512,32,2,8,128,256,512,1,4,32,128,256,2,64,512,16,32,4,128,64,8,16,256,4,128,32,8,512,256,64,16,128,32,2,512,256,1,128,32,64,512,16,256,4,128,64,8,512,32,16,256,128,8,512,4,16,256,32,64,2,512,128,1,8,32,256,512,4,2,128,16,256,512,1,64,128,16,2,512,8,256,64,128,32,4,512,256,64,1,32,16,512,128,8,64] 
Action (h for help) ? Unknown option (h for help)
Action (h for help) ? Unknown option (h for help)
Action (h for help) ? Unknown option (h for help)
Action (h for help) ? exit (status 4)
colman@ubuntu:~/gilad_gil/iEEEHighScore/prolog$ 
colman@ubuntu:~/gilad_gil/iEEEHighScore/prolog$ 
colman@ubuntu:~/gilad_gil/iEEEHighScore/prolog$ 
colman@ubuntu:~/gilad_gil/iEEEHighScore/prolog$ swipl main_guess5over.pl 
Welcome to SWI-Prolog (threaded, 64 bits, version 8.1.10-59-g09a7d55)
SWI-Prolog comes with ABSOLUTELY NO WARRANTY. This is free software.
Please run ?- license. for legal details.

    CMake built from "/home/colman/gilad_gil/swipl-devel/build"

For online help and background, visit http://www.swi-prolog.org
For built-in help, use ?- help(Topic). or ?- apropos(Word).

?- [user].
|: myMain(Guess,Depth,Seq,Size) :-mainMulti_Guess5Over(Seq,Size,Guess,Depth).
|: ^D% user://1 compiled 0.00 sec, 1 clauses
true.

?- myMain([4,256,128,1,2,8,4,16,32,1,2,8,4,64,16,1,2,8,128,32,4,1,2,64,128,8,4,1,16,256,2,8,4,1,512,16,2,8,4,128,256,1,16,2,32,64,4,8,1,256,32,2,4,8,512,64,1,2,4,256,512,8,1,2,32,64,128,4,1,16,32,64,8,2,128,16,32,1,8,256,64,2,4,16,128,1,512,2,4,32,16,128,8,64,1,32,512,2,16,8,64,256,1,128,2,32,512,4,64,1,16,256,2,512,4,64,16,8,32,256,2,64,1,512,16,8,32,4,256,64,1,128,16,32,256,2,4,64,128,512,1,8,16,256,128,2,64,8,512,32,4,1,16,256,512,32,2,8,128,256,512,1,4,32,128,256,2,64,512,16,32,4,128,64,8,16,256,4,128, 32,8,512],5,Seq,250).
^Z
[1]+  Stopped                 swipl main_guess5over.pl
colman@ubuntu:~/gilad_gil/iEEEHighScore/prolog$ fg
swipl main_guess5over.pl
^Z      
[1]+  Stopped                 swipl main_guess5over.pl
colman@ubuntu:~/gilad_gil/iEEEHighScore/prolog$ fg
swipl main_guess5over.pl
^Z
[1]+  Stopped                 swipl main_guess5over.pl
colman@ubuntu:~/gilad_gil/iEEEHighScore/prolog$ fg
swipl main_guess5over.pl
^Z
[1]+  Stopped                 swipl main_guess5over.pl
colman@ubuntu:~/gilad_gil/iEEEHighScore/prolog$ fg
swipl main_guess5over.pl
^Z
[1]+  Stopped                 swipl main_guess5over.pl
colman@ubuntu:~/gilad_gil/iEEEHighScore/prolog$ fg
swipl main_guess5over.pl
^CAction (h for help) ? exit (status 4)
colman@ubuntu:~/gilad_gil/iEEEHighScore/prolog$ swipl main_guess5over.pl 
Welcome to SWI-Prolog (threaded, 64 bits, version 8.1.10-59-g09a7d55)
SWI-Prolog comes with ABSOLUTELY NO WARRANTY. This is free software.
Please run ?- license. for legal details.

    CMake built from "/home/colman/gilad_gil/swipl-devel/build"

For online help and background, visit http://www.swi-prolog.org
For built-in help, use ?- help(Topic). or ?- apropos(Word).

?- [user].
|:  myMain(Guess,Depth,Seq,Size) :-mainMulti_Guess5Over(Seq,Size,Guess,Depth).
|: ^D% user://1 compiled 0.00 sec, 1 clauses
true.

?- ?- myMain([4,256,128,1,2,8,4,16,32,1,2,8,4,64,16,1,2,8,128,32,4,1,2,64,128,8,4,1,16,256,2,8,4,1,512,16,2,8,4,128,256,1,16,2,32,64,4,8,1,256,32,2,4,8,512,64,1,2,4,256,512,8,1,2,32,64,128,4,1,16,32,64,8,2,128,16,32,1,8,256,64,2,4,16,128,1,512,2,4,32,16,128,8,64,1,32,512,2,16,8,64,256,1,128,2,32,512,4,64,1,16,256,2,512,4,64,16,8,32,256,2,64,1,512,16,8,32,4,256,64,1,128,16,32,256,2,4,64,128,512,1,8,16,256,128,2,64,8,512,32,4,1,16,256,512,32,2,8,128,256,512,1,4,32,128,256,2,64,512,16,32,4,128,64,8,16,256,4,128 ],4,Seq,249).
ERROR: Unknown procedure: (?-)/1
ERROR:   ?- is the Prolog prompt
ERROR:   See FAQ at http://www.swi-prolog.org/FAQ/ToplevelMode.txt
ERROR: In:
ERROR:    [9] throw(error(existence_error(procedure,...),_18814))
ERROR:    [8] '$dwim':dwim_existence_error(error,user:(?-)/1) at /home/colman/gilad_gil/swipl-devel/build/home/boot/dwim.pl:113
ERROR:    [6] '$dwim':correct_goal((?-myMain(...,4,_18912,249)),user,['Seq'=_18926],_18900) at /home/colman/gilad_gil/swipl-devel/build/home/boot/dwim.pl:85
ERROR: 
ERROR: Note: some frames are missing due to last-call optimization.
ERROR: Re-run your program in debug mode (:- debug.) to get more detail.
?- .

ERROR: Stream user_input:25:1 Syntax error: Unexpected end of clause
?- myMain([4,256,128,1,2,8,4,16,32,1,2,8,4,64,16,1,2,8,128,32,4,1,2,64,128,8,4,1,16,256,2,8,4,1,512,16,2,8,4,128,256,1,16,2,32,64,4,8,1,256,32,2,4,8,512,64,1,2,4,256,512,8,1,2,32,64,128,4,1,16,32,64,8,2,128,16,32,1,8,256,64,2,4,16,128,1,512,2,4,32,16,128,8,64,1,32,512,2,16,8,64,256,1,128,2,32,512,4,64,1,16,256,2,512,4,64,16,8,32,256,2,64,1,512,16,8,32,4,256,64,1,128,16,32,256,2,4,64,128,512,1,8,16,256,128,2,64,8,512,32,4,1,16,256,512,32,2,8,128,256,512,1,4,32,128,256,2,64,512,16,32,4,128,64,8,16,256,4,128 ],6,Seq,250).
^Z
[1]+  Stopped                 swipl main_guess5over.pl
colman@ubuntu:~/gilad_gil/iEEEHighScore/prolog$ fg
swipl main_guess5over.pl
^Z
[1]+  Stopped                 swipl main_guess5over.pl
colman@ubuntu:~/gilad_gil/iEEEHighScore/prolog$ packet_write_wait: Connection to 193.106.55.89 port 2289: Broken pipe
h-MBP-sl-Gilad:~ GiladanoN$ ssh -lcolman 193.106.55.89 -p 2289
colman@193.106.55.89's password: 
Welcome to Ubuntu 16.04.4 LTS (GNU/Linux 4.4.0-116-generic ppc64le)

 * Documentation:  https://help.ubuntu.com
 * Management:     https://landscape.canonical.com
 * Support:        https://ubuntu.com/advantage
New release '18.04.2 LTS' available.
Run 'do-release-upgrade' to upgrade to it.

Last login: Sat Aug 10 17:43:19 2019 from 176.12.228.66
colman@ubuntu:~$ cd gilad_gil/iEEEHighScore/prolog/
colman@ubuntu:~/gilad_gil/iEEEHighScore/prolog$ swipl main_guess5over.pl
Welcome to SWI-Prolog (threaded, 64 bits, version 8.1.10-59-g09a7d55)
SWI-Prolog comes with ABSOLUTELY NO WARRANTY. This is free software.
Please run ?- license. for legal details.

    CMake built from "/home/colman/gilad_gil/swipl-devel/build"

For online help and background, visit http://www.swi-prolog.org
For built-in help, use ?- help(Topic). or ?- apropos(Word).

?- [user].
|: myMain(Guess,Depth,Seq,Size) :-mainMulti_Guess5Over(Seq,Size,Guess,Depth).
|: ^D% user://1 compiled 0.00 sec, 1 clauses
true.

?- Timeout, server 193.106.55.89 not responding.
h-MBP-sl-Gilad:~ GiladanoN$ 
