Last login: Thu Aug  8 22:28:16 on ttys017
h-MBP-sl-Gilad:~ GiladanoN$ ssh -lcolman 193.106.55.89 -p 2289
colman@193.106.55.89's password: 
^[[A^[[Permission denied, please try again.
colman@193.106.55.89's password: 
Welcome to Ubuntu 16.04.4 LTS (GNU/Linux 4.4.0-116-generic ppc64le)

 * Documentation:  https://help.ubuntu.com
 * Management:     https://landscape.canonical.com
 * Support:        https://ubuntu.com/advantage
New release '18.04.2 LTS' available.
Run 'do-release-upgrade' to upgrade to it.

Last login: Thu Aug  8 20:13:29 2019 from 213.57.185.155
colman@ubuntu:~$ cd gilad_gil/iEEEHighScore/prolog/
colman@ubuntu:~/gilad_gil/iEEEHighScore/prolog$ swipl main_guess5over.pl 
Welcome to SWI-Prolog (threaded, 64 bits, version 8.1.10-59-g09a7d55)
SWI-Prolog comes with ABSOLUTELY NO WARRANTY. This is free software.
Please run ?- license. for legal details.

    CMake built from "/home/colman/gilad_gil/swipl-devel/build"

For online help and background, visit http://www.swi-prolog.org
For built-in help, use ?- help(Topic). or ?- apropos(Word).

?- [user].
|: myMain(Guess,Depth,Seq,Size) :-mainMulti_Guess5Over(Seq,Size,Guess,Depth).
|: ^D% user://1 compiled 0.00 sec, 1 clauses
true.

?- myMain([128,32,1,2,4,8,16,32],2,Seq,245).
^Z
[1]+  Stopped                 swipl main_guess5over.pl
colman@ubuntu:~/gilad_gil/iEEEHighScore/prolog$ fg
swipl main_guess5over.pl
Seq = [128,32,1,2,4,8,16,32,512,1,2,4,8,64,16,1,2,4,32,64,8,1,2,128,4,16,8,1,32,2,128,16,4,64,1,32,128,2,256,4,1,8,16,512,2,4,1,64,128,8,16,2,1,256,4,32,8,2,128,16,256,1,4,32,64,512,2,1,8,32,256,16,2,1,64,32,256,8,2,128,1,512,4,8,32,64,16,1,128,2,512,32,4,8,128,1,256,16,32,64,2,4,128,8,256,16,32,4,2,512,256,1,8,4,64,512,2,16,8,32,64,128,1,256,2,512,16,4,128,1,32,256,8,512,2,4,128,64,256,1,8,16,512,64,4,1,256,16,512,32,2,64,8,128,256,4,32,16,64,128,2,256,32,512,1,64,8,256,2,16,512,64,1,128,256,16,512,4,32,64,256,128,512,2,8,64,256,4,512,16,8,128,1,32,512,16,64,128,4,8,512,256,32,16,128,2,512,64,32,256,8,128,512,1,64,2,256,4,512,128,32,64,8,4,256,16,2,128,512,8,32,16,64,256,128,8,512,16,64,256,128,4,512,1,32] .

?- myMain([128,32,1,2,4,8,16,32],4,Seq,248).
^Z
[1]+  Stopped                 swipl main_guess5over.pl
colman@ubuntu:~/gilad_gil/iEEEHighScore/prolog$ fg
swipl main_guess5over.pl
^CAction (h for help) ? exit (status 4)
colman@ubuntu:~/gilad_gil/iEEEHighScore/prolog$ swipl main_guess5over.pl 
Welcome to SWI-Prolog (threaded, 64 bits, version 8.1.10-59-g09a7d55)
SWI-Prolog comes with ABSOLUTELY NO WARRANTY. This is free software.
Please run ?- license. for legal details.

    CMake built from "/home/colman/gilad_gil/swipl-devel/build"

For online help and background, visit http://www.swi-prolog.org
For built-in help, use ?- help(Topic). or ?- apropos(Word).

?- [user].
|:  myMain(Guess,Depth,Seq,Size) :-mainMulti_Guess5Over(Seq,Size,Guess,Depth).
|: ^D% user://1 compiled 0.00 sec, 1 clauses
true.

?- myMain([128,32,1,2,4,8,16,32],3packet_write_wait: Connection to 193.106.55.89 port 2289: Broken pipe
h-MBP-sl-Gilad:~ GiladanoN$ 
