Last login: Thu Aug  8 22:17:38 on ttys016
h-MBP-sl-Gilad:~ GiladanoN$ ssh -lcolman 193.106.55.89 -p 2289
colman@193.106.55.89's password: 
Welcome to Ubuntu 16.04.4 LTS (GNU/Linux 4.4.0-116-generic ppc64le)

 * Documentation:  https://help.ubuntu.com
 * Management:     https://landscape.canonical.com
 * Support:        https://ubuntu.com/advantage
New release '18.04.2 LTS' available.
Run 'do-release-upgrade' to upgrade to it.

Last login: Thu Aug  8 19:42:33 2019 from 213.57.185.155
colman@ubuntu:~$ cd gilad_gil/iEEEHighScore/prolog/
colman@ubuntu:~/gilad_gil/iEEEHighScore/prolog$ swipl main_guess5over.pl 
Welcome to SWI-Prolog (threaded, 64 bits, version 8.1.10-59-g09a7d55)
SWI-Prolog comes with ABSOLUTELY NO WARRANTY. This is free software.
Please run ?- license. for legal details.

    CMake built from "/home/colman/gilad_gil/swipl-devel/build"

For online help and background, visit http://www.swi-prolog.org
For built-in help, use ?- help(Topic). or ?- apropos(Word).

?- [user].
|: myMain(Guess,Depth,Seq,Size) :-mainMulti_Guess5Over(Seq,Size,Guess,Depth).
|: ^D% user://1 compiled 0.00 sec, 1 clauses
true.

?- myMain([4,256,128,1,2,8,4,16,32,1,2,8,4,64,16,1,2,8,128,32,4,1,2,64,128,8,4,1,16,256,2,8,4,1,512,16,2,8,4,128,256,1,16,2,32,64,4,8,1,256,32,2,4,8,512,64,1,2,4,256,512,8,1,2,32,64,128,4,1,16,32,64,8,2,128,16,32,1,8,256,64,2,4,16,128,1,512,2,4,32,16,128,8,64,1,32,512,2,16,8,64,256,1,128,2,32,512,4,64,1,16,256,2,512,4,64,16,8,32,256,2,64,1,512,16,8,32,4,256,64,1,128,16,32,256,2,4,64,128,512,1,8,16,256,128,2,64,8,512,32,4,1,16,256,512,32,2,8,128,256,512,1,4,32,128,256,2,64,512,16,32,4,128,64,8,16,256,4,128,2,512,8,16,256,32 ],4,Seq, 246).
false.

?-                                                                              |    myMain([4,256,128,1,2,8,4,16,32,1,2,8,4,64,16,1,2,8,128,32,4,1,2,64,128,8,4,1,16,256,2,8,4,1,512,16,2,8,4,128,256,1,16,2,32,64,4,8,1,256,32,2,4,8,512,64,1,2,4,256,512,8,1,2,32,64,128,4,1,16,32,64,8,2,128,16,32,1,8,256,64,2,4,16,128,1,512,2,4,32,16,128,8,64,1,32,512,2,16,8,64,256,1,128,2,32,512,4,64,1,16,256,2,512,?-                                                                              |    
|    
|    
|    
|    
|    
|    ,512,8,1,2,32,64,128,4,1,16,32,64,8,2,128,16,32,1,8,256,64,2,4,16,128,1,512|    32,16,128,8,64,1,32,512,2,16,8,64,256,1,128,2,32,512,4,64,1,16,256,2,512,4,|    ,8,32,256,2,64,1,512,16,8,32,4,256,64,1,128,16,32,256,2,4,64,128,512,1,8,16|    128,2,64,8,512,32,4,1,16,256,512,32,2,8,128,256,512,1,4,32,128,256,2,64,512|    2,4,128,64,8,16,256,4,128, 32,8,512,64,16,128,2,32
|    
|    
|    .

ERROR: Stream user_input:35:1 Syntax error: Unexpected end of clause
?- myMain([4,256,128,1,2,8,4,16,32,1,2,8,4,64,16,1,2,8,128,32,4,1,2,64,128,8,4,1,16,256,2,8,4,1,512,16,2,8,4,128,256,1,16,2,32,64,4,8,1,256,32,2,4,8,512,64,1,2,4,256,512,8,1,2,32,64,128,4,1,16,32,64,8,2,128,16,32,1,8,256,64,2,4,16,128,1,512,2,4,32,16,128,8,64,1,32,512,2,16,8,64,256,1,128,2,32,512,4,64,1,16,256,2,512,4,64,16,8,32,256,2,64,1,512,16,8,32,4,256,64,1,128,16,32,256,2,4,64,128,512,1,8,16,256,128,2,64,8,512,32,4,1,16,256,512,32,2,8,128,256,512,1,4,32,128,256,2,64,512,16,32,4,128,64,8,16,256,4,128, 32,8,512,64,16,128,2],6,Seq,247).
false.

?- myMain([4,256,128,1,2,8,4,16,32,1,2,8,4,64,16,1,2,8,128,32,4,1,2,64,128,8,4,1,16,256,2,8,4,1,512,16,2,8,4,128,256,1,16,2,32,64,4,8,1,256,32,2,4,8,512,64,1,2,4,256,512,8,1,2,32,64,128,4,1,16,32,64,8,2,128,16,32,1,8,256,64,2,4,16,128,1,512,2,4,32,16,128,8,64,1,32,512,2,16,8,64,256,1,128,2,32,512,4,64,1,16,256,2,512,4,64,16,8,32,256,2,64,1,512,16,8,32,4,256,64,1,128,16,32,256,2,4,64,128,512,1,8,16,256,128,2,64,8,512,32,4,1,16,256,512,32,2,8,128,256,512,1,4,32,128,256,2,64,512,16,32,4,128,64,8,16,256,4,128, 32,8,512,64],6,Seq,247).
false.

?- 
|    
|    .
?- myMain([4,256,128,1,2,8,4,16,32,1,2,8,4,64,16,1,2,8,128,32,4,1,2,64,128,8,4,1,16,256,2,8,4,1,512,16,2,8,4,128,256,1,16,2,32,64,4,8,1,256,32,2,4,8,512,64,1,2,4,256,512,8,1,2,32,64,128,4,1,16,32,64,8,2,128,16,32,1,8,256,64,2,4,16,128,1,512,2,4,32,16,128,8,64,1,32,512,2,16,8,64,256,1,128,2,32,512,4,64,1,16,256,2,512,4,64,16,8,32,256,2,64,1,512,16,8,32,4,256,64,1,128,16,32,256,2,4,64,128,512,1,8,16,256,128,2,64,8,512,32,4,1,16,256,512,32,2,8,128,256,512,1,4,32,128,256,2,64,512,16,32,4,128,64,8,16,256,4,128,32,8,512,256,64,16,128,32,2,512,256,1,128,32,64,512,16,256,4,128,64,8,512,32,16,256,128,8,512,4,16,256,32,64,2,512,128,1,8,32,256,512,4,2,128,16,256,512,1,64,128,16,2,512,8,256,64,128,32,4,512,256,64,1,32,16,512,128,8,64],4,Seq,250).
false.

?- myMain([4,256,128,1,2,8,4,16,32,1,2,8,4,64,16,1,2,8,128,32,4,1,2,64,128,8,4,1,16,256,2,8,4,1,512,16,2,8,4,128,256,1,16,2,32,64,4,8,1,256,32,2,4,8,512,64,1,2,4,256,512,8,1,2,32,64,128,4,1,16,32,64,8,2,128,16,32,1,8,256,64,2,4,16,128,1,512,2,4,32,16,128,8,64,1,32,512,2,16,8,64,256,1,128,2,32,512,4,64,1,16,256,2,512,4,64,16,8,32,256,2,64,1,512,16,8,32,4,256,64,1,128,16,32,256,2,4,64,128,512,1,8,16,256,128,2,64,8,512,32,4,1,16,256,512,32,2,8,128,256,512,1,4,32,128,256,2,64,512,16,32,4,128,64,8,16,256,4,128,32,8,512,256,64,16,128,32,2,512,256,1,128,32,64,512,16,256,4,128,64,8,512,32,16,256,128,8,512,4,16,256,32,64,2,512,128,1,8,32,256,512,4,2,128,16,256,512,1,64,128,16,2,512,8,256,64,128,32,4,512,256,64,1,32,16,512,128,8,64],4,Seq,251).
false.

?- myMain([4,256,128,1,2,8,4,16,32,1,2,8,4,64,16,1,2,8,128,32,4,1,2,64,128,8,4,1,16,256,2,8,4,1,512,16,2,8,4,128,256,1,16,2,32,64,4,8,1,256,32,2,4,8,512,64,1,2,4,256,512,8,1,2,32,64,128,4,1,16,32,64,8,2,128,16,32,1,8,256,64,2,4,16,128,1,512,2,4,32,16,128,8,64,1,32,512,2,16,8,64,256,1,128,2,32,512,4,64,1,16,256,2,512,4,64,16,8,32,256,2,64,1,512,16,8,32,4,256,64,1,128,16,32,256,2,4,64,128,512,1,8,16,256,128,2,64,8,512,32,4,1,16,256,512,32,2,8,128,256,512,1,4,32,128,256,2,64,512,16,32,4,128,64,8,16,256,4,128,32,8,512,256,64,16,128,32,2,512,256,1,128,32,64,512,16,256,4,128,64,8,512,32,16,256,128,8,512,4,16,256,32,64,2,512,128,1,8,32,256,512,4,2,128,16,256,512,1,64,128,16,2,512,8,256,64,128,32,4,512,256,64,1,32,16,512,128,8,64],4,Seq,252).
false.

?- myMain([4,256,128,1,2,8,4,16,32,1,2,8,4,64,16,1,2,8,128,32,4,1,2,64,128,8,4,1,16,256,2,8,4,1,512,16,2,8,4,128,256,1,16,2,32,64,4,8,1,256,32,2,4,8,512,64,1,2,4,256,512,8,1,2,32,64,128,4,1,16,32,64,8,2,128,16,32,1,8,256,64,2,4,16,128,1,512,2,4,32,16,128,8,64,1,32,512,2,16,8,64,256,1,128,2,32,512,4,64,1,16,256,2,512,4,64,16,8,32,256,2,64,1,512,16,8,32,4,256,64,1,128,16,32,256,2,4,64,128,512,1,8,16,256,128,2,64,8,512,32,4,1,16,256,512,32,2,8,128,256,512,1,4,32,128,256,2,64,512,16,32,4,128,64,8,16,256,4,128,32,8,512,256,64,16,128,32,2,512,256,1,128,32,64,512,16,256,4,128,64,8,512,32,16,256,128,8,512,4,16,256,32,64,2,512,128,1,8,32,256,512,4,2,128,16,256,512,1,64,128,16,2,512,8,256,64,128,32,4,512,256,64,1,32,16,512,128,8,64],4,Seq,253).
false.

?- myMain([4,256,128,1,2,8,4,16,32,1,2,8,4,64,16,1,2,8,128,32,4,1,2,64,128,8,4,1,16,256,2,8,4,1,512,16,2,8,4,128,256,1,16,2,32,64,4,8,1,256,32,2,4,8,512,64,1,2,4,256,512,8,1,2,32,64,128,4,1,16,32,64,8,2,128,16,32,1,8,256,64,2,4,16,128,1,512,2,4,32,16,128,8,64,1,32,512,2,16,8,64,256,1,128,2,32,512,4,64,1,16,256,2,512,4,64,16,8,32,256,2,64,1,512,16,8,32,4,256,64,1,128,16,32,256,2,4,64,128,512,1,8,16,256,128,2,64,8,512,32,4,1,16,256,512,32,2,8,128,256,512,1,4,32,128,256,2,64,512,16,32,4,128,64,8,16,256,4,128,32,8,512,256,64,16,128,32,2,512,256,1,128,32,64,512,16,256,4,128,64,8,512,32,16,256,128,8,512,4,16,256,32,64,2,512,128,1,8,32,256,512,4,2,128,16,256,512,1,64,128,16,2,512,8,256,64,128,32,4,512,256,64,1,32,16,512],4,Seq,250).
false.

?- myMain([4,256,128,1,2,8,4,16,32,1,2,8,4,64,16,1,2,8,128,32,4,1,2,64,128,8,4,1,16,256,2,8,4,1,512,16,2,8,4,128,256,1,16,2,32,64,4,8,1,256,32,2,4,8,512,64,1,2,4,256,512,8,1,2,32,64,128,4,1,16,32,64,8,2,128,16,32,1,8,256,64,2,4,16,128,1,512,2,4,32,16,128,8,64,1,32,512,2,16,8,64,256,1,128,2,32,512,4,64,1,16,256,2,512,4,64,16,8,32,256,2,64,1,512,16,8,32,4,256,64,1,128,16,32,256,2,4,64,128,512,1,8,16,256,128,2,64,8,512,32,4,1,16,256,512,32,2,8,128,256,512,1,4,32,128,256,2,64,512,16,32,4,128,64,8,16,256,4,128,32,8,512,256,64,16,128,32,2,512,256,1,128,32,64,512,16,256,4,128,64,8,512,32,16,256,128,8,512,4,16,256,32,64,2,512,128,1,8,32,256,512,4,2,128,16,256,512,1,64,128,16,2,512,8,256,64,128,32,4,512,256,64,1,32,16],4,Seq,250).
false.

?- myMain([4,256,128,1,2,8,4,16,32,1,2,8,4,64,16,1,2,8,128,32,4,1,2,64,128,8,4,1,16,256,2,8,4,1,512,16,2,8,4,128,256,1,16,2,32,64,4,8,1,256,32,2,4,8,512,64,1,2,4,256,512,8,1,2,32,64,128,4,1,16,32,64,8,2,128,16,32,1,8,256,64,2,4,16,128,1,512,2,4,32,16,128,8,64,1,32,512,2,16,8,64,256,1,128,2,32,512,4,64,1,16,256,2,512,4,64,16,8,32,256,2,64,1,512,16,8,32,4,256,64,1,128,16,32,256,2,4,64,128,512,1,8,16,256,128,2,64,8,512,32,4,1,16,256,512,32,2,8,128,256,512,1,4,32,128,256,2,64,512,16,32,4,128,64,8,16,256,4,128,32,8,512,256,64,16,128,32,2,512,256,1,128,32,64,512,16,256,4,128,64,8,512,32,16,256,128,8,512,4,16,256,32,64,2,512,128,1,8,32,256,512,4,2,128,16,256,512,1,64,128,16,2,512,8,256,64,128,32,4],4,Seq,250). 
false.

?- myMain([4,256,128,1,2,8,4,16,32,1,2,8,4,64,16,1,2,8,128,32,4,1,2,64,128,8,4,1,16,256,2,8,4,1,512,16,2,8,4,128,256,1,16,2,32,64,4,8,1,256,32,2,4,8,512,64,1,2,4,256,512,8,1,2,32,64,128,4,1,16,32,64,8,2,128,16,32,1,8,256,64,2,4,16,128,1,512,2,4,32,16,128,8,64,1,32,512,2,16,8,64,256,1,128,2,32,512,4,64,1,16,256,2,512,4,64,16,8,32,256,2,64,1,512,16,8,32,4,256,64,1,128,16,32,256,2,4,64,128,512,1,8,16,256,128,2,64,8,512,32,4,1,16,256,512,32,2,8,128,256,512,1,4,32,128,256,2,64,512,16,32,4,128,64,8,16,256,4,128,32,8,512,256,64,16,128,32,2,512,256,1,128,32,64,512,16,256,4,128,64,8,512,32,16,256,128,8,512,4,16,256,32,64,2,512,128,1,8,32,256,512,4,2,128,16,256,512,1,64,128,16,2],4,Seq,250).
false.

?- myMain([4,256,128,1,2,8,4,16,32,1,2,8,4,64,16,1,2,8,128,32,4,1,2,64,128,8,4,1,16,256,2,8,4,1,512,16,2,8,4,128,256,1,16,2,32,64,4,8,1,256,32,2,4,8,512,64,1,2,4,256,512,8,1,2,32,64,128,4,1,16,32,64,8,2,128,16,32,1,8,256,64,2,4,16,128,1,512,2,4,32,16,128,8,64,1,32,512,2,16,8,64,256,1,128,2,32,512,4,64,1,16,256,2,512,4,64,16,8,32,256,2,64,1,512,16,8,32,4,256,64,1,128,16,32,256,2,4,64,128,512,1,8,16,256,128,2,64,8,512,32,4,1,16,256,512,32,2,8,128,256,512,1,4,32,128,256,2,64,512,16,32,4,128,64,8,16,256,4,128,32,8,512,256,64,16,128,32,2,512,256,1,128,32,64,512,16,256,4,128,64,8,512,32,16,256,128,8,512,4,16,256,32,64,2,512,128,1,8,32,256,512,4,2],4,Seq,250).
false.

?- myMain([4,256,128,1,2,8,4,16,32,1,2,8,4,64,16,1,2,8,128,32,4,1,2,64,128,8,4,1,16,256,2,8,4,1,512,16,2,8,4,128,256,1,16,2,32,64,4,8,1,256,32,2,4,8,512,64,1,2,4,256,512,8,1,2,32,64,128,4,1,16,32,64,8,2,128,16,32,1,8,256,64,2,4,16,128,1,512,2,4,32,16,128,8,64,1,32,512,2,16,8,64,256,1,128,2,32,512,4,64,1,16,256,2,512,4,64,16,8,32,256,2,64,1,512,16,8,32,4,256,64,1,128,16,32,256,2,4,64,128,512,1,8,16,256,128,2,64,8,512,32,4,1,16,256,512,32,2,8,128,256,512,1,4,32,128,256,2,64,512,16,32,4,128,64,8,16,256,4,128, 32,8,512, 256,64, 16,128,32,2,512,256,1,128,32,64,512,16,256,4,128,64,8,512,32,16,256,128,8,512,4,16,256,32,64,2,512,128,1,8,32,256,512,4,2],4,Seq,250).
false.

?- myMain([4,256,128,1,2,8,4,16,32,1,2,8,4,64,16,1,2,8,128,32,4,1,2,64,128,8,4,1,16,256,2,8,4,1,512,16,2,8,4,128,256,1,16,2,32,64,4,8,1,256,32,2,4,8,512,64,1,2,4,256,512,8,1,2,32,64,128,4,1,16,32,64,8,2,128,16,32,1,8,256,64,2,4,16,128,1,512,2,4,32,16,128,8,64,1,32,512,2,16,8,64,256,1,128,2,32,512,4,64,1,16,256,2,512,4,64,16,8,32,256,2,64,1,512,16,8,32,4,256,64,1,128,16,32,256,2,4,64,128,512,1,8,16,256,128,2,64,8,512,32,4,1,16,256,512,32,2,8,128,256,512,1,4,32,128,256,2,64,512,16,32,4,128,64,8,16,256,4,128, 32,8,512, 256,64, 16,128,32,2,512,256,1,128,32,64,512,16,256,4,128,64,8,512,32,16,256,128,8,512,4,16,256,32,64,2,512,128],4,Seq,250).
false.

?- myMain([4,256,128,1,2,8,4,16,32,1,2,8,4,64,16,1,2,8,128,32,4,1,2,64,128,8,4,1,16,256,2,8,4,1,512,16,2,8,4,128,256,1,16,2,32,64,4,8,1,256,32,2,4,8,512,64,1,2,4,256,512,8,1,2,32,64,128,4,1,16,32,64,8,2,128,16,32,1,8,256,64,2,4,16,128,1,512,2,4,32,16,128,8,64,1,32,512,2,16,8,64,256,1,128,2,32,512,4,64,1,16,256,2,512,4,64,16,8,32,256,2,64,1,512,16,8,32,4,256,64,1,128,16,32,256,2,4,64,128,512,1,8,16,256,128,2,64,8,512,32,4,1,16,256,512,32,2,8,128,256,512,1,4,32,128,256,2,64,512,16,32,4,128,64,8,16,256,4,128, 32,8,512, 256,64, 16,128,32,2,512,256,1,128,32,64,512,16,256,4,128,64,8,512,32,16,256,128,8,512,4,16,256,32],4,Seq,250). 
false.

?- myMain([4,256,128,1,2,8,4,16,32,1,2,8,4,64,16,1,2,8,128,32,4,1,2,64,128,8,4,1,16,256,2,8,4,1,512,16,2,8,4,128,256,1,16,2,32,64,4,8,1,256,32,2,4,8,512,64,1,2,4,256,512,8,1,2,32,64,128,4,1,16,32,64,8,2,128,16,32,1,8,256,64,2,4,16,128,1,512,2,4,32,16,128,8,64,1,32,512,2,16,8,64,256,1,128,2,32,512,4,64,1,16,256,2,512,4,64,16,8,32,256,2,64,1,512,16,8,32,4,256,64,1,128,16,32,256,2,4,64,128,512,1,8,16,256,128,2,64,8,512,32,4,1,16,256,512,32,2,8,128,256,512,1,4,32,128,256,2,64,512,16,32,4,128,64,8,16,256,4,128, 32,8,512, 256,64, 16,128,32,2,512,256,1,128,32,64,512,16,256,4,128,64,8,512,32,16,256,128,8],4,Seq,250).
false.

?- myMain([4,256,128,1,2,8,4,16,32,1,2,8,4,64,16,1,2,8,128,32,4,1,2,64,128,8,4,1,16,256,2,8,4,1,512,16,2,8,4,128,256,1,16,2,32,64,4,8,1,256,32,2,4,8,512,64,1,2,4,256,512,8,1,2,32,64,128,4,1,16,32,64,8,2,128,16,32,1,8,256,64,2,4,16,128,1,512,2,4,32,16,128,8,64,1,32,512,2,16,8,64,256,1,128,2,32,512,4,64,1,16,256,2,512,4,64,16,8,32,256,2,64,1,512,16,8,32,4,256,64,1,128,16,32,256,2,4,64,128,512,1,8,16,256,128,2,64,8,512,32,4,1,16,256,512,32,2,8,128,256,512,1,4,32,128,256,2,64,512,16,32,4,128,64,8,16,256,4,128, 32,8,512, 256,64, 16,128,32,2,512,256,1,128,32,64,512,16,256,4,128,64,8],4,Seq,250).
false.

?- myMain([4,256,128,1,2,8,4,16,32,1,2,8,4,64,16,1,2,8,128,32,4,1,2,64,128,8,4,1,16,256,2,8,4,1,512,16,2,8,4,128,256,1,16,2,32,64,4,8,1,256,32,2,4,8,512,64,1,2,4,256,512,8,1,2,32,64,128,4,1,16,32,64,8,2,128,16,32,1,8,256,64,2,4,16,128,1,512,2,4,32,16,128,8,64,1,32,512,2,16,8,64,256,1,128,2,32,512,4,64,1,16,256,2,512,4,64,16,8,32,256,2,64,1,512,16,8,32,4,256,64,1,128,16,32,256,2,4,64,128,512,1,8,16,256,128,2,64,8,512,32,4,1,16,256,512,32,2,8,128,256,512,1,4,32,128,256,2,64,512,16,32,4,128,64,8,16,256,4,128, 32,8,512, 256,64, 16,128,32,2,512,256,1,128,32,64,512,16],4,Seq,250).
false.

?- myMain([4,256,128,1,2,8,4,16,32,1,2,8,4,64,16,1,2,8,128,32,4,1,2,64,128,8,4,1,16,256,2,8,4,1,512,16,2,8,4,128,256,1,16,2,32,64,4,8,1,256,32,2,4,8,512,64,1,2,4,256,512,8,1,2,32,64,128,4,1,16,32,64,8,2,128,16,32,1,8,256,64,2,4,16,128,1,512,2,4,32,16,128,8,64,1,32,512,2,16,8,64,256,1,128,2,32,512,4,64,1,16,256,2,512,4,64,16,8,32,256,2,64,1,512,16,8,32,4,256,64,1,128,16,32,256,2,4,64,128,512,1,8,16,256,128,2,64,8,512,32,4,1,16,256,512,32,2,8,128,256,512,1,4,32,128,256,2,64,512,16,32,4,128,64,8,16,256,4,128, 32,8,512, 256,64, 16,128,32,2,512,256,1,128,32],4,Seq,250).
false.

?- myMain([4,256,128,1,2,8,4,16,32,1,2,8,4,64,16,1,2,8,128,32,4,1,2,64,128,8,4,1,16,256,2,8,4,1,512,16,2,8,4,128,256,1,16,2,32,64,4,8,1,256,32,2,4,8,512,64,1,2,4,256,512,8,1,2,32,64,128,4,1,16,32,64,8,2,128,16,32,1,8,256,64,2,4,16,128,1,512,2,4,32,16,128,8,64,1,32,512,2,16,8,64,256,1,128,2,32,512,4,64,1,16,256,2,512,4,64,16,8,32,256,2,64,1,512,16,8,32,4,256,64,1,128,16,32,256,2,4,64,128,512,1,8,16,256,128,2,64,8,512,32,4,1,16,256,512,32,2,8,128,256,512,1,4,32,128,256,2,64,512,16,32,4,128,64,8,16,256,4,128, 32,8,512, 256,64, 16,128,32,2,512,256],4,Seq,250).
false.

?- myMain([4,256,128,1,2,8,4,16,32,1,2,8,4,64,16,1,2,8,128,32,4,1,2,64,128,8,4,1,16,256,2,8,4,1,512,16,2,8,4,128,256,1,16,2,32,64,4,8,1,256,32,2,4,8,512,64,1,2,4,256,512,8,1,2,32,64,128,4,1,16,32,64,8,2,128,16,32,1,8,256,64,2,4,16,128,1,512,2,4,32,16,128,8,64,1,32,512,2,16,8,64,256,1,128,2,32,512,4,64,1,16,256,2,512,4,64,16,8,32,256,2,64,1,512,16,8,32,4,256,64,1,128,16,32,256,2,4,64,128,512,1,8,16,256,128,2,64,8,512,32,4,1,16,256,512,32,2,8,128,256,512,1,4,32,128,256,2,64,512,16,32,4,128,64,8,16,256,4,128, 32,8,512, 256,64, 16,128,32,2,512],4,Seq,250). 
false.

?- myMain([4,256,128,1,2,8,4,16,32,1,2,8,4,64,16,1,2,8,128,32,4,1,2,64,128,8,4,1,16,256,2,8,4,1,512,16,2,8,4,128,256,1,16,2,32,64,4,8,1,256,32,2,4,8,512,64,1,2,4,256,512,8,1,2,32,64,128,4,1,16,32,64,8,2,128,16,32,1,8,256,64,2,4,16,128,1,512,2,4,32,16,128,8,64,1,32,512,2,16,8,64,256,1,128,2,32,512,4,64,1,16,256,2,512,4,64,16,8,32,256,2,64,1,512,16,8,32,4,256,64,1,128,16,32,256,2,4,64,128,512,1,8,16,256,128,2,64,8,512,32,4,1,16,256,512,32,2,8,128,256,512,1,4,32,128,256,2,64,512,16,32,4,128,64,8,16,256,4,128, 32,8,512, 256,64, 16,128,32,2],5,Seq,250).
false.

?- myMain([4,256,128,1,2,8,4,16,32,1,2,8,4,64,16,1,2,8,128,32,4,1,2,64,128,8,4,1,16,256,2,8,4,1,512,16,2,8,4,128,256,1,16,2,32,64,4,8,1,256,32,2,4,8,512,64,1,2,4,256,512,8,1,2,32,64,128,4,1,16,32,64,8,2,128,16,32,1,8,256,64,2,4,16,128,1,512,2,4,32,16,128,8,64,1,32,512,2,16,8,64,256,1,128,2,32,512,4,64,1,16,256,2,512,4,64,16,8,32,256,2,64,1,512,16,8,32,4,256,64,1,128,16,32,256,2,4,64,128,512,1,8,16,256,128,2,64,8,512,32,4,1,16,256,512,32,2,8,128,256,512,1,4,32,128,256,2,64,512,16,32,4,128,64,8,16,256,4,128, 32,8,512, 256,64, 16,128,32],5,Seq,250).
false.

?- myMain([4,256,128,1,2,8,4,16,32,1,2,8,4,64,16,1,2,8,128,32,4,1,2,64,128,8,4,1,16,256,2,8,4,1,512,16,2,8,4,128,256,1,16,2,32,64,4,8,1,256,32,2,4,8,512,64,1,2,4,256,512,8,1,2,32,64,128,4,1,16,32,64,8,2,128,16,32,1,8,256,64,2,4,16,128,1,512,2,4,32,16,128,8,64,1,32,512,2,16,8,64,256,1,128,2,32,512,4,64,1,16,256,2,512,4,64,16,8,32,256,2,64,1,512,16,8,32,4,256,64,1,128,16,32,256,2,4,64,128,512,1,8,16,256,128,2,64,8,512,32,4,1,16,256,512,32,2,8,128,256,512,1,4,32,128,256,2,64,512,16,32,4,128,64,8,16,256,4,128, 32,8,512, 256,64, 16,128],6,Seq,250).
false.

?- myMain([4,256,128,1,2,8,4,16,32,1,2,8,4,64,16,1,2,8,128,32,4,1,2,64,128,8,4,1,16,256,2,8,4,1,512,16,2,8,4,128,256,1,16,2,32,64,4,8,1,256,32,2,4,8,512,64,1,2,4,256,512,8,1,2,32,64,128,4,1,16,32,64,8,2,128,16,32,1,8,256,64,2,4,16,128,1,512,2,4,32,16,128,8,64,1,32,512,2,16,8,64,256,1,128,2,32,512,4,64,1,16,256,2,512,4,64,16,8,32,256,2,64,1,512,16,8,32,4,256,64,1,128,16,32,256,2,4,64,128,512,1,8,16,256,128,2,64,8,512,32,4,1,16,256,512,32,2,8,128,256,512,1,4,32,128,256,2,64,512,16,32,4,128,64,8,16,256,4,128, 32,8,512, 256,64, 16],6,Seq,250).
false.

?- myMain([4,256,128,1,2,8,4,16,32,1,2,8,4,64,16,1,2,8,128,32,4,1,2,64,128,8,4,1,16,256,2,8,4,1,512,16,2,8,4,128,256,1,16,2,32,64,4,8,1,256,32,2,4,8,512,64,1,2,4,256,512,8,1,2,32,64,128,4,1,16,32,64,8,2,128,16,32,1,8,256,64,2,4,16,128,1,512,2,4,32,16,128,8,64,1,32,512,2,16,8,64,256,1,128,2,32,512,4,64,1,16,256,2,512,4,64,16,8,32,256,2,64,1,512,16,8,32,4,256,64,1,128,16,32,256,2,4,64,128,512,1,8,16,256,128,2,64,8,512,32,4,1,16,256,512,32,2,8,128,256,512,1,4,32,128,256,2,64,512,16,32,4,128,64,8,16,256,4,128, 32,8,512, 256,64],6,Seq,250).
^Z
[1]+  Stopped                 swipl main_guess5over.pl
colman@ubuntu:~/gilad_gil/iEEEHighScore/prolog$ fg
swipl main_guess5over.pl
^CAction (h for help) ? exit (status 4)
colman@ubuntu:~/gilad_gil/iEEEHighScore/prolog$ swipl main_guess5over.pl 
Welcome to SWI-Prolog (threaded, 64 bits, version 8.1.10-59-g09a7d55)
SWI-Prolog comes with ABSOLUTELY NO WARRANTY. This is free software.
Please run ?- license. for legal details.

    CMake built from "/home/colman/gilad_gil/swipl-devel/build"

For online help and background, visit http://www.swi-prolog.org
For built-in help, use ?- help(Topic). or ?- apropos(Word).

?- [user].
|: myMain(Guess,Depth,Seq,Size) :-mainMulti_Guess5Over(Seq,Size,Guess,Depth).
|: ^D% user://1 compiled 0.00 sec, 1 clauses
true.

?- myMain([4,256,128,1,2,8,4,16,32,1,2,8,4,64,16,1,2,8,128,32,4,1,2,64,128,8,4,1,16,256,2,8,4,1,512,16,2,8,4,128,256,1,16,2,32,64,4,8,1,256,32,2,4,8,512,64,1,2,4,256,512,8,1,2,32,64,128,4,1,16,32,64,8,2,128,16,32,1,8,256,64,2,4,16,128,1,512,2,4,32,16,128,8,64,1,32,512,2,16,8,64,256,1,128,2,32,512,4,64,1,16,256,2,512,4,64,16,8,32,256,2,64,1,512,16,8,32,4,256,64,1,128,16,32,256,2,4,64,128,512,1,8,16,256,128,2,64,8,512,32,4,1,16,256,512,32,2,8,128,256,512,1,4,32,128,256,2,64,512,16,32,4,128,64,8,16,256,4,128, 32,8,512, 256],6,Seq,250).
false.              

?- myMain([4,256,128,1,2,8,4,16,32,1,2,8,4,64,16,1,2,8,128,32,4,1,2,64,128,8,4,1,16,256,2,8,4,1,512,16,2,8,4,128,256,1,16,2,32,64,4,8,1,256,32,2,4,8,512,64,1,2,4,256,512,8,1,2,32,64,128,4,1,16,32,64,8,2,128,16,32,1,8,256,64,2,4,16,128,1,512,2,4,32,16,128,8,64,1,32,512,2,16,8,64,256,1,128,2,32,512,4,64,1,16,256,2,512,4,64,16,8,32,256,2,64,1,512,16,8,32,4,256,64,1,128,16,32,256,2,4,64,128,512,1,8,16,256,128,2,64,8,512,32,4,1,16,256,512,32,2,8,128,256,512,1,4,32,128,256,2,64,512,16,32,4,128,64,8,16,256,4,128, 32],6,Seq,250).
[1]+  Stopped                 swipl main_guess5over.pl
colman@ubuntu:~/gilad_gil/iEEEHighScore/prolog$ fg
swipl main_guess5over.pl

[1]+  Stopped                 swipl main_guess5over.pl
colman@ubuntu:~/gilad_gil/iEEEHighScore/prolog$ fg
swipl main_guess5over.pl

[1]+  Stopped                 swipl main_guess5over.pl
colman@ubuntu:~/gilad_gil/iEEEHighScore/prolog$ fg
swipl main_guess5over.pl

^Z
[1]+  Stopped                 swipl main_guess5over.pl
colman@ubuntu:~/gilad_gil/iEEEHighScore/prolog$ packet_write_wait: Connection to 193.106.55.89 port 2289: Broken pipe
h-MBP-sl-Gilad:~ GiladanoN$ ssh -lcolman 193.106.55.89 -p 2289
colman@193.106.55.89's password: 
Welcome to Ubuntu 16.04.4 LTS (GNU/Linux 4.4.0-116-generic ppc64le)

 * Documentation:  https://help.ubuntu.com
 * Management:     https://landscape.canonical.com
 * Support:        https://ubuntu.com/advantage
New release '18.04.2 LTS' available.
Run 'do-release-upgrade' to upgrade to it.

Last login: Sat Aug 10 17:43:16 2019 from 176.12.228.66
colman@ubuntu:~$ cd gilad_gil/iEEEHighScore/prolog/
colman@ubuntu:~/gilad_gil/iEEEHighScore/prolog$ swipl main_guess5over.pl
Welcome to SWI-Prolog (threaded, 64 bits, version 8.1.10-59-g09a7d55)
SWI-Prolog comes with ABSOLUTELY NO WARRANTY. This is free software.
Please run ?- license. for legal details.

    CMake built from "/home/colman/gilad_gil/swipl-devel/build"

For online help and background, visit http://www.swi-prolog.org
For built-in help, use ?- help(Topic). or ?- apropos(Word).
                                                                               1,- myMain([4,256,128,1,2,8,4,16,32,1,2,8,4,64,16,1,2,8,128,32,4,1,2,64,128,8,4,,416,256,2,8,4,1,512,16,2,8,4,128,256,1,16,2,32,64,4,8,1,256,32,2,4,8,512,64,1,,2,,256,512,8,1,2,32,64,128,4,1,16,32,64,8,2,128,16,32,1,8,256,64,2,4,16,128,1,51,62,4,32,16,128,8,64,1,32,512,2,16,8,64,256,1,128,2,32,512,4,64,1,16,256,2,512,46,4,16,8,32,256,2,64,1,512,16,8,32,4,256,64,1,128,16,32,256,2,4,64,128,512,1,8,12,256,128,2,64,8,512,32,4,1,16,256,512,32,2,8,128],6,Seq,250).                                                                      
ERROR: Unknown procedure: myMain/4 (DWIM could not correct goal)
?- [user].
|: myMain(Guess,Depth,Seq,Size) :-mainMulti_Guess5Over(Seq,Size,Guess,Depth).
|: ^D% user://1 compiled 0.00 sec, 1 clauses
true.

?- myMain([4,256,128,1,2,8,4,16,32,1,2,8,4,64,16,1,2,8,128,32,4,1,2,64,128,8,4,1,16,256,2,8,4,1,512,16,2,8,4,128,256,1,16,2,32,64,4,8,1,256,32,2,4,8,512,64,1,2,4,256,512,8,1,2,32,64,128,4,1,16,32,64,8,2,128,16,32,1,8,256,64,2,4,16,128,1,512,2,4,32,16,128,8,64,1,32,512,2,16,8,64,256,1,128,2,32,512,4,64,1,16,256,2,512,4,64,16,8,32,256,2,64,1,512,16,8,32,4,256,64,1,128,16,32,256,2,4,64,128,512,1,8,16,256,128,2,64,8,512,32,4,1,16,256,512,32,2,8,128,256,512,1,4,32,128,256,2,64,512,16,32,4,128,64,8,16,256,4,128, 32],6,Seq,250).
^Z
[1]+  Stopped                 swipl main_guess5over.pl
colman@ubuntu:~/gilad_gil/iEEEHighScore/prolog$ fg
swipl main_guess5over.pl
^Z
[1]+  Stopped                 swipl main_guess5over.pl
colman@ubuntu:~/gilad_gil/iEEEHighScore/prolog$ fg
swipl main_guess5over.pl
false.

?- Timeout, server 193.106.55.89 not responding.
h-MBP-sl-Gilad:~ GiladanoN$ 
