Last login: Thu Aug  8 02:29:09 on ttys005
h-MBP-sl-Gilad:~ GiladanoN$ ssh -lcolman 193.106.55.89 -p 2289
colman@193.106.55.89's password: 
Welcome to Ubuntu 16.04.4 LTS (GNU/Linux 4.4.0-116-generic ppc64le)

 * Documentation:  https://help.ubuntu.com
 * Management:     https://landscape.canonical.com
 * Support:        https://ubuntu.com/advantage
New release '18.04.2 LTS' available.
Run 'do-release-upgrade' to upgrade to it.

Last login: Thu Aug  8 00:14:15 2019 from 213.57.185.155
colman@ubuntu:~$ cd gilad_gil/iEEEHighScore/
colman@ubuntu:~/gilad_gil/iEEEHighScore$ exit
logout
Connection to 193.106.55.89 closed.
h-MBP-sl-Gilad:~ GiladanoN$ ssh -lcolman 193.106.55.89 -p 2289
colman@193.106.55.89's password: 
Permission denied, please try again.
colman@193.106.55.89's password: 
Welcome to Ubuntu 16.04.4 LTS (GNU/Linux 4.4.0-116-generic ppc64le)

 * Documentation:  https://help.ubuntu.com
 * Management:     https://landscape.canonical.com
 * Support:        https://ubuntu.com/advantage
New release '18.04.2 LTS' available.
Run 'do-release-upgrade' to upgrade to it.

Last login: Thu Aug  8 00:16:11 2019 from 213.57.185.155
colman@ubuntu:~$ cd gilad_gil/iEEEHighScore/
colman@ubuntu:~/gilad_gil/iEEEHighScore$ swipl rules.pl 
Welcome to SWI-Prolog (threaded, 64 bits, version 8.1.10-59-g09a7d55)
SWI-Prolog comes with ABSOLUTELY NO WARRANTY. This is free software.
Please run ?- license. for legal details.

    CMake built from "/home/colman/gilad_gil/swipl-devel/build"

For online help and background, visit http://www.swi-prolog.org
For built-in help, use ?- help(Topic). or ?- apropos(Word).

?- set_prolog_flag(answer_write_options,[max_depth(0)]).
true.

?- runMain_N3([8|R],230).
R = [128,512,1,2,4,8,16,32,1,2,4,8,64,16,1,2,4,128,8,16,1,2,256,4,8,16,1,512,2,4,32,8,64,1,2,128,4,32,8,1,256,2,64,4,8,128,1,256,2,4,32,16,64,1,2,128,32,8,16,1,64,128,4,32,2,16,512,1,64,4,2,32,256,8,16,1,64,512,32,2,4,128,256,8,16,1,512,32,4,8,16,64,128,2,4,256,16,64,1,32,128,8,256,2,16,64,32,8,128,2,512,4,16,8,64,256,32,1,2,16,128,256,32,1,2,512,8,64,4,1,256,32,16,512,2,8,64,32,256,4,16,8,512,128,1,4,16,256,512,2,1,64,128,256,4,8,32,512,64,1,128,8,256,512,2,16,64,32,128,4,8,512,64,256,1,16,128,512,2,8,64,256,128,16,2,512,64,4,128,16,256,32,8,512,64,16,128,32,256,512,1,4,128,32,256,64,512,1,128,16,32,4,512,256,64,128,8,32,512,256,2,64,128,32,512,4,256,2,1].

?- runMain_N3([8|R],235).
R = [16,256,1,2,4,8,16,32,1,2,4,8,64,16,1,2,4,128,8,16,1,2,512,4,8,16,1,256,32,2,4,8,64,128,1,2,4,32,64,16,1,2,128,32,8,4,1,64,256,2,8,4,128,512,1,2,8,32,64,16,1,128,4,32,64,2,256,1,16,128,4,512,2,32,1,64,128,8,16,2,32,256,4,128,1,64,512,2,4,8,256,16,32,64,1,512,4,8,32,16,64,128,2,4,256,1,512,8,2,64,16,256,4,1,32,512,16,2,4,256,128,512,1,2,32,256,8,64,1,16,512,2,128,8,32,64,4,256,1,512,16,8,32,128,1,256,2,64,512,4,16,8,128,32,256,2,16,64,128,512,1,8,32,256,4,128,16,8,64,256,4,128,16,512,32,1,256,64,128,8,2,512,256,16,1,128,8,512,256,4,16,32,64,512,2,256,128,16,8,512,64,32,256,128,4,512,64,16,1,256,128,32,512,16,64,256,128,32,2,512,64,4,128,32,16,2,512,256,64,8,128,32,512,4].

?- runMain_N3([8|R],238).
^Z
[1]+  Stopped                 swipl rules.pl
colman@ubuntu:~/gilad_gil/iEEEHighScore$ Timeout, server 193.106.55.89 not responding.
h-MBP-sl-Gilad:~ GiladanoN$ 
